	.text
	.syntax unified
	.eabi_attribute	67, "2.09"	@ Tag_conformance
	.cpu	cortex-m23
	.eabi_attribute	6, 16	@ Tag_CPU_arch
	.eabi_attribute	7, 77	@ Tag_CPU_arch_profile
	.eabi_attribute	8, 0	@ Tag_ARM_ISA_use
	.eabi_attribute	9, 3	@ Tag_THUMB_ISA_use
	.eabi_attribute	34, 0	@ Tag_CPU_unaligned_access
	.eabi_attribute	17, 1	@ Tag_ABI_PCS_GOT_use
	.eabi_attribute	20, 2	@ Tag_ABI_FP_denormal
	.eabi_attribute	21, 0	@ Tag_ABI_FP_exceptions
	.eabi_attribute	23, 1	@ Tag_ABI_FP_number_model
	.eabi_attribute	24, 1	@ Tag_ABI_align_needed
	.eabi_attribute	25, 1	@ Tag_ABI_align_preserved
	.eabi_attribute	38, 1	@ Tag_ABI_FP_16bit_format
	.eabi_attribute	18, 2	@ Tag_ABI_PCS_wchar_t
	.eabi_attribute	26, 1	@ Tag_ABI_enum_size
	.eabi_attribute	14, 0	@ Tag_ABI_PCS_R9_use
	.file	"AP_STARTUP_M251.C"
	.file	1 "C:\\Users\\tester\\Desktop\\M251 dual eeprom\\SampleCode\\StdDriver\\INA3221_CABLE\\KEIL" "../../../../Library/Device/Nuvoton/M251/Include\\system_M251.h"
	.file	2 "C:\\Users\\tester\\Desktop\\M251 dual eeprom\\SampleCode\\StdDriver\\INA3221_CABLE\\KEIL" "../AP_STARTUP_M251.C"
	.file	3 "C:\\Users\\tester" "AppData\\Local\\Keil_v5\\ARM\\ARMCLANG\\bin\\..\\include\\stdint.h"
	.file	4 "C:\\Users\\tester\\Desktop\\M251 dual eeprom\\SampleCode\\StdDriver\\INA3221_CABLE\\KEIL" "../../../../Library/Device/Nuvoton/M251/Include\\sys_reg.h"
	.section	.text.Default_Handler,"ax",%progbits
	.hidden	Default_Handler                 @ -- Begin function Default_Handler
	.globl	Default_Handler
	.p2align	1
	.type	Default_Handler,%function
	.code	16                              @ @Default_Handler
	.thumb_func
Default_Handler:
.Lfunc_begin0:
	.fnstart
	.cfi_sections .debug_frame
	.cfi_startproc
@ %bb.0:
	.loc	2 255 5 prologue_end            @ ../AP_STARTUP_M251.C:255:5
	b	.LBB0_1
.LBB0_1:                                @ =>This Inner Loop Header: Depth=1
	b	.LBB0_1
.Ltmp0:
.Lfunc_end0:
	.size	Default_Handler, .Lfunc_end0-Default_Handler
	.cfi_endproc
	.cantunwind
	.fnend
                                        @ -- End function
	.section	.text.Reset_Handler,"ax",%progbits
	.hidden	Reset_Handler                   @ -- Begin function Reset_Handler
	.globl	Reset_Handler
	.p2align	2
	.type	Reset_Handler,%function
	.code	16                              @ @Reset_Handler
	.thumb_func
Reset_Handler:
.Lfunc_begin1:
	.loc	2 208 0                         @ ../AP_STARTUP_M251.C:208:0
	.fnstart
	.cfi_startproc
@ %bb.0:
	.pad	#16
	sub	sp, #16
	.cfi_def_cfa_offset 16
	ldr	r0, __arm_cp.1_0
	str	r0, [sp, #4]
.Ltmp1:
	.file	5 "C:\\Users\\tester\\Desktop\\M251 dual eeprom\\SampleCode\\StdDriver\\INA3221_CABLE\\KEIL" "../../../../Library/CMSIS/Core/Include\\./m-profile/cmsis_armclang_m.h"
	.loc	5 258 42 prologue_end           @ ../../../../Library/CMSIS/Core/Include\./m-profile/cmsis_armclang_m.h:258:42
	ldr	r0, [sp, #4]
	.loc	5 258 3 is_stmt 0               @ ../../../../Library/CMSIS/Core/Include\./m-profile/cmsis_armclang_m.h:258:3
	@APP
	msr	psp, r0
	@NO_APP
	ldr	r0, __arm_cp.1_1
	str	r0, [sp, #8]
	str	r0, [sp, #12]
.Ltmp2:
	.loc	2 213 5 is_stmt 1               @ ../AP_STARTUP_M251.C:213:5
	bl	Reset_Handler_PreInit
	.loc	2 215 5                         @ ../AP_STARTUP_M251.C:215:5
	bl	SYS_UnlockReg
	.loc	2 217 5                         @ ../AP_STARTUP_M251.C:217:5
	bl	SystemInit
	ldr	r1, __arm_cp.1_2
	.loc	2 220 5                         @ ../AP_STARTUP_M251.C:220:5
	ldr	r0, [r1]
	movs	r2, #128
	bics	r0, r2
	str	r0, [r1]
	ldr	r1, __arm_cp.1_3
	ldr	r0, __arm_cp.1_4
	.loc	2 222 18                        @ ../AP_STARTUP_M251.C:222:18
	str	r0, [r1]
	ldr	r1, __arm_cp.1_5
	.loc	2 223 18                        @ ../AP_STARTUP_M251.C:223:18
	str	r0, [r1]
	.loc	2 225 5                         @ ../AP_STARTUP_M251.C:225:5
	bl	SYS_LockReg
	.loc	2 227 5                         @ ../AP_STARTUP_M251.C:227:5
	bl	__main
.Ltmp3:
	.p2align	2
@ %bb.1:
	.loc	2 0 5 is_stmt 0                 @ ../AP_STARTUP_M251.C:0:5
__arm_cp.1_0:
	.long	Image$$ARM_LIB_STACK$$ZI$$Limit
.Lcpi_end0:
	.size	__arm_cp.1_0, .Lcpi_end0-__arm_cp.1_0
__arm_cp.1_1:
	.long	Image$$ARM_LIB_STACK$$ZI$$Base
.Lcpi_end1:
	.size	__arm_cp.1_1, .Lcpi_end1-__arm_cp.1_1
__arm_cp.1_2:
	.long	1073742208                      @ 0x40000180
.Lcpi_end2:
	.size	__arm_cp.1_2, .Lcpi_end2-__arm_cp.1_2
__arm_cp.1_3:
	.long	1073741860                      @ 0x40000024
.Lcpi_end3:
	.size	__arm_cp.1_3, .Lcpi_end3-__arm_cp.1_3
__arm_cp.1_4:
	.long	23205                           @ 0x5aa5
.Lcpi_end4:
	.size	__arm_cp.1_4, .Lcpi_end4-__arm_cp.1_4
__arm_cp.1_5:
	.long	1073742316                      @ 0x400001ec
.Lcpi_end5:
	.size	__arm_cp.1_5, .Lcpi_end5-__arm_cp.1_5
.Lfunc_end1:
	.size	Reset_Handler, .Lfunc_end1-Reset_Handler
	.cfi_endproc
	.cantunwind
	.fnend
                                        @ -- End function
	.section	.text.HardFault_Handler,"ax",%progbits
	.hidden	HardFault_Handler               @ -- Begin function HardFault_Handler
	.weak	HardFault_Handler
	.p2align	1
	.type	HardFault_Handler,%function
	.code	16                              @ @HardFault_Handler
	.thumb_func
HardFault_Handler:
.Lfunc_begin2:
	.fnstart
	.cfi_startproc
@ %bb.0:
	.loc	2 240 5 prologue_end is_stmt 1  @ ../AP_STARTUP_M251.C:240:5
	@APP
	mov	r0, lr
	mrs	r1, msp
	mrs	r2, psp
	ldr	r3, .Ltmp4
	blx	r3
	bx	r0

	@NO_APP
	.loc	2 248 1                         @ ../AP_STARTUP_M251.C:248:1
	bx	lr
.Ltmp5:
.Lfunc_end2:
	.size	HardFault_Handler, .Lfunc_end2-HardFault_Handler
	.cfi_endproc
	.cantunwind
	.fnend
                                        @ -- End function
	.section	.text.Reset_Handler_PreInit,"ax",%progbits
	.hidden	Reset_Handler_PreInit           @ -- Begin function Reset_Handler_PreInit
	.weak	Reset_Handler_PreInit
	.p2align	1
	.type	Reset_Handler_PreInit,%function
	.code	16                              @ @Reset_Handler_PreInit
	.thumb_func
Reset_Handler_PreInit:
.Lfunc_begin3:
	.fnstart
	.cfi_startproc
@ %bb.0:
	.loc	2 202 1 prologue_end            @ ../AP_STARTUP_M251.C:202:1
	bx	lr
.Ltmp6:
.Lfunc_end3:
	.size	Reset_Handler_PreInit, .Lfunc_end3-Reset_Handler_PreInit
	.cfi_endproc
	.cantunwind
	.fnend
                                        @ -- End function
	.section	.text.SYS_UnlockReg,"ax",%progbits
	.p2align	2                               @ -- Begin function SYS_UnlockReg
	.type	SYS_UnlockReg,%function
	.code	16                              @ @SYS_UnlockReg
	.thumb_func
SYS_UnlockReg:
.Lfunc_begin4:
	.fnstart
	.cfi_startproc
@ %bb.0:
	.file	6 "C:\\Users\\tester\\Desktop\\M251 dual eeprom\\SampleCode\\StdDriver\\INA3221_CABLE\\KEIL" "../../../../Library/StdDriver/inc\\sys.h"
	.loc	6 1314 5 prologue_end           @ ../../../../Library/StdDriver/inc\sys.h:1314:5
	b	.LBB4_1
.LBB4_1:                                @ =>This Inner Loop Header: Depth=1
	.loc	6 0 5 is_stmt 0                 @ ../../../../Library/StdDriver/inc\sys.h:0:5
	ldr	r1, __arm_cp.4_0
	movs	r0, #89
.Ltmp7:
	.loc	6 1316 22 is_stmt 1             @ ../../../../Library/StdDriver/inc\sys.h:1316:22
	str	r0, [r1]
	movs	r0, #22
	.loc	6 1317 22                       @ ../../../../Library/StdDriver/inc\sys.h:1317:22
	str	r0, [r1]
	movs	r0, #136
	.loc	6 1318 22                       @ ../../../../Library/StdDriver/inc\sys.h:1318:22
	str	r0, [r1]
	.loc	6 1319 5                        @ ../../../../Library/StdDriver/inc\sys.h:1319:5
	b	.LBB4_2
.Ltmp8:
.LBB4_2:                                @   in Loop: Header=BB4_1 Depth=1
	.loc	6 0 5 is_stmt 0                 @ ../../../../Library/StdDriver/inc\sys.h:0:5
	ldr	r0, __arm_cp.4_0
	.loc	6 1319 19                       @ ../../../../Library/StdDriver/inc\sys.h:1319:19
	ldr	r0, [r0]
.Ltmp9:
	.loc	6 1319 5                        @ ../../../../Library/StdDriver/inc\sys.h:1319:5
	cmp	r0, #0
	beq	.LBB4_1
	b	.LBB4_3
.Ltmp10:
.LBB4_3:
	.loc	6 1320 1 is_stmt 1              @ ../../../../Library/StdDriver/inc\sys.h:1320:1
	bx	lr
.Ltmp11:
	.p2align	2
@ %bb.4:
	.loc	6 0 1 is_stmt 0                 @ ../../../../Library/StdDriver/inc\sys.h:0:1
__arm_cp.4_0:
	.long	1073742080                      @ 0x40000100
.Lcpi_end6:
	.size	__arm_cp.4_0, .Lcpi_end6-__arm_cp.4_0
.Lfunc_end4:
	.size	SYS_UnlockReg, .Lfunc_end4-SYS_UnlockReg
	.cfi_endproc
	.cantunwind
	.fnend
                                        @ -- End function
	.section	.text.SYS_LockReg,"ax",%progbits
	.p2align	2                               @ -- Begin function SYS_LockReg
	.type	SYS_LockReg,%function
	.code	16                              @ @SYS_LockReg
	.thumb_func
SYS_LockReg:
.Lfunc_begin5:
	.loc	6 1328 0 is_stmt 1              @ ../../../../Library/StdDriver/inc\sys.h:1328:0
	.fnstart
	.cfi_startproc
@ %bb.0:
	ldr	r1, __arm_cp.5_0
	movs	r0, #0
.Ltmp12:
	.loc	6 1329 18 prologue_end          @ ../../../../Library/StdDriver/inc\sys.h:1329:18
	str	r0, [r1]
	.loc	6 1330 1                        @ ../../../../Library/StdDriver/inc\sys.h:1330:1
	bx	lr
.Ltmp13:
	.p2align	2
@ %bb.1:
	.loc	6 0 1 is_stmt 0                 @ ../../../../Library/StdDriver/inc\sys.h:0:1
__arm_cp.5_0:
	.long	1073742080                      @ 0x40000100
.Lcpi_end7:
	.size	__arm_cp.5_0, .Lcpi_end7-__arm_cp.5_0
.Lfunc_end5:
	.size	SYS_LockReg, .Lfunc_end5-SYS_LockReg
	.cfi_endproc
	.cantunwind
	.fnend
                                        @ -- End function
	.hidden	__Vectors                       @ @__Vectors
	.type	__Vectors,%object
	.section	RESET,"aR",%progbits,unique,1
	.globl	__Vectors
	.p2align	2, 0x0
__Vectors:
__tagsym$$used.0:
	.long	Image$$ARM_LIB_STACK$$ZI$$Limit
	.long	Reset_Handler
	.long	NMI_Handler
	.long	HardFault_Handler
	.long	0
	.long	0
	.long	0
	.long	0
	.long	0
	.long	0
	.long	0
	.long	SVC_Handler
	.long	0
	.long	0
	.long	PendSV_Handler
	.long	SysTick_Handler
	.long	BOD_IRQHandler
	.long	IRCTRIM_IRQHandler
	.long	PWRWU_IRQHandler
	.long	Default_Handler
	.long	CLKFAIL_IRQHandler
	.long	Default_Handler
	.long	RTC_IRQHandler
	.long	TAMPER_IRQHandler
	.long	WDT_IRQHandler
	.long	WWDT_IRQHandler
	.long	EINT0_IRQHandler
	.long	EINT1_IRQHandler
	.long	EINT2_IRQHandler
	.long	EINT3_IRQHandler
	.long	EINT4_IRQHandler
	.long	EINT5_IRQHandler
	.long	GPA_IRQHandler
	.long	GPB_IRQHandler
	.long	GPC_IRQHandler
	.long	GPD_IRQHandler
	.long	GPE_IRQHandler
	.long	GPF_IRQHandler
	.long	QSPI0_IRQHandler
	.long	SPI0_IRQHandler
	.long	BRAKE0_IRQHandler
	.long	PWM0_P0_IRQHandler
	.long	PWM0_P1_IRQHandler
	.long	PWM0_P2_IRQHandler
	.long	BRAKE1_IRQHandler
	.long	PWM1_P0_IRQHandler
	.long	PWM1_P1_IRQHandler
	.long	PWM1_P2_IRQHandler
	.long	TMR0_IRQHandler
	.long	TMR1_IRQHandler
	.long	TMR2_IRQHandler
	.long	TMR3_IRQHandler
	.long	UART0_IRQHandler
	.long	UART1_IRQHandler
	.long	I2C0_IRQHandler
	.long	I2C1_IRQHandler
	.long	PDMA_IRQHandler
	.long	DAC_IRQHandler
	.long	EADC_INT0_IRQHandler
	.long	EADC_INT1_IRQHandler
	.long	ACMP01_IRQHandler
	.long	BPWM0_IRQHandler
	.long	EADC_INT2_IRQHandler
	.long	EADC_INT3_IRQHandler
	.long	UART2_IRQHandler
	.long	UART3_IRQHandler
	.long	USCI0_IRQHandler
	.long	SPI1_IRQHandler
	.long	USCI1_IRQHandler
	.long	USBD_IRQHandler
	.long	BPWM1_IRQHandler
	.long	PSIO_IRQHandler
	.long	Default_Handler
	.long	CRPT_IRQHandler
	.long	SC0_IRQHandler
	.long	Default_Handler
	.long	USCI2_IRQHandler
	.long	LCD_IRQHandler
	.long	OPA_IRQHandler
	.long	TK_IRQHandler
	.size	__Vectors, 320

	.section	.text.HardFault_Handler,"ax",%progbits
	.p2align	2, 0x0
.Ltmp4:
	.long	ProcessHardFault
	.weak	NMI_Handler
	.type	NMI_Handler,%function
	.hidden	NMI_Handler
.set NMI_Handler, Default_Handler
	.weak	SVC_Handler
	.type	SVC_Handler,%function
	.hidden	SVC_Handler
.set SVC_Handler, Default_Handler
	.weak	PendSV_Handler
	.type	PendSV_Handler,%function
	.hidden	PendSV_Handler
.set PendSV_Handler, Default_Handler
	.weak	SysTick_Handler
	.type	SysTick_Handler,%function
	.hidden	SysTick_Handler
.set SysTick_Handler, Default_Handler
	.weak	BOD_IRQHandler
	.type	BOD_IRQHandler,%function
	.hidden	BOD_IRQHandler
.set BOD_IRQHandler, Default_Handler
	.weak	IRCTRIM_IRQHandler
	.type	IRCTRIM_IRQHandler,%function
	.hidden	IRCTRIM_IRQHandler
.set IRCTRIM_IRQHandler, Default_Handler
	.weak	PWRWU_IRQHandler
	.type	PWRWU_IRQHandler,%function
	.hidden	PWRWU_IRQHandler
.set PWRWU_IRQHandler, Default_Handler
	.weak	CLKFAIL_IRQHandler
	.type	CLKFAIL_IRQHandler,%function
	.hidden	CLKFAIL_IRQHandler
.set CLKFAIL_IRQHandler, Default_Handler
	.weak	RTC_IRQHandler
	.type	RTC_IRQHandler,%function
	.hidden	RTC_IRQHandler
.set RTC_IRQHandler, Default_Handler
	.weak	TAMPER_IRQHandler
	.type	TAMPER_IRQHandler,%function
	.hidden	TAMPER_IRQHandler
.set TAMPER_IRQHandler, Default_Handler
	.weak	WDT_IRQHandler
	.type	WDT_IRQHandler,%function
	.hidden	WDT_IRQHandler
.set WDT_IRQHandler, Default_Handler
	.weak	WWDT_IRQHandler
	.type	WWDT_IRQHandler,%function
	.hidden	WWDT_IRQHandler
.set WWDT_IRQHandler, Default_Handler
	.weak	EINT0_IRQHandler
	.type	EINT0_IRQHandler,%function
	.hidden	EINT0_IRQHandler
.set EINT0_IRQHandler, Default_Handler
	.weak	EINT1_IRQHandler
	.type	EINT1_IRQHandler,%function
	.hidden	EINT1_IRQHandler
.set EINT1_IRQHandler, Default_Handler
	.weak	EINT2_IRQHandler
	.type	EINT2_IRQHandler,%function
	.hidden	EINT2_IRQHandler
.set EINT2_IRQHandler, Default_Handler
	.weak	EINT3_IRQHandler
	.type	EINT3_IRQHandler,%function
	.hidden	EINT3_IRQHandler
.set EINT3_IRQHandler, Default_Handler
	.weak	EINT4_IRQHandler
	.type	EINT4_IRQHandler,%function
	.hidden	EINT4_IRQHandler
.set EINT4_IRQHandler, Default_Handler
	.weak	EINT5_IRQHandler
	.type	EINT5_IRQHandler,%function
	.hidden	EINT5_IRQHandler
.set EINT5_IRQHandler, Default_Handler
	.weak	GPA_IRQHandler
	.type	GPA_IRQHandler,%function
	.hidden	GPA_IRQHandler
.set GPA_IRQHandler, Default_Handler
	.weak	GPB_IRQHandler
	.type	GPB_IRQHandler,%function
	.hidden	GPB_IRQHandler
.set GPB_IRQHandler, Default_Handler
	.weak	GPC_IRQHandler
	.type	GPC_IRQHandler,%function
	.hidden	GPC_IRQHandler
.set GPC_IRQHandler, Default_Handler
	.weak	GPD_IRQHandler
	.type	GPD_IRQHandler,%function
	.hidden	GPD_IRQHandler
.set GPD_IRQHandler, Default_Handler
	.weak	GPE_IRQHandler
	.type	GPE_IRQHandler,%function
	.hidden	GPE_IRQHandler
.set GPE_IRQHandler, Default_Handler
	.weak	GPF_IRQHandler
	.type	GPF_IRQHandler,%function
	.hidden	GPF_IRQHandler
.set GPF_IRQHandler, Default_Handler
	.weak	QSPI0_IRQHandler
	.type	QSPI0_IRQHandler,%function
	.hidden	QSPI0_IRQHandler
.set QSPI0_IRQHandler, Default_Handler
	.weak	SPI0_IRQHandler
	.type	SPI0_IRQHandler,%function
	.hidden	SPI0_IRQHandler
.set SPI0_IRQHandler, Default_Handler
	.weak	BRAKE0_IRQHandler
	.type	BRAKE0_IRQHandler,%function
	.hidden	BRAKE0_IRQHandler
.set BRAKE0_IRQHandler, Default_Handler
	.weak	PWM0_P0_IRQHandler
	.type	PWM0_P0_IRQHandler,%function
	.hidden	PWM0_P0_IRQHandler
.set PWM0_P0_IRQHandler, Default_Handler
	.weak	PWM0_P1_IRQHandler
	.type	PWM0_P1_IRQHandler,%function
	.hidden	PWM0_P1_IRQHandler
.set PWM0_P1_IRQHandler, Default_Handler
	.weak	PWM0_P2_IRQHandler
	.type	PWM0_P2_IRQHandler,%function
	.hidden	PWM0_P2_IRQHandler
.set PWM0_P2_IRQHandler, Default_Handler
	.weak	BRAKE1_IRQHandler
	.type	BRAKE1_IRQHandler,%function
	.hidden	BRAKE1_IRQHandler
.set BRAKE1_IRQHandler, Default_Handler
	.weak	PWM1_P0_IRQHandler
	.type	PWM1_P0_IRQHandler,%function
	.hidden	PWM1_P0_IRQHandler
.set PWM1_P0_IRQHandler, Default_Handler
	.weak	PWM1_P1_IRQHandler
	.type	PWM1_P1_IRQHandler,%function
	.hidden	PWM1_P1_IRQHandler
.set PWM1_P1_IRQHandler, Default_Handler
	.weak	PWM1_P2_IRQHandler
	.type	PWM1_P2_IRQHandler,%function
	.hidden	PWM1_P2_IRQHandler
.set PWM1_P2_IRQHandler, Default_Handler
	.weak	TMR0_IRQHandler
	.type	TMR0_IRQHandler,%function
	.hidden	TMR0_IRQHandler
.set TMR0_IRQHandler, Default_Handler
	.weak	TMR1_IRQHandler
	.type	TMR1_IRQHandler,%function
	.hidden	TMR1_IRQHandler
.set TMR1_IRQHandler, Default_Handler
	.weak	TMR2_IRQHandler
	.type	TMR2_IRQHandler,%function
	.hidden	TMR2_IRQHandler
.set TMR2_IRQHandler, Default_Handler
	.weak	TMR3_IRQHandler
	.type	TMR3_IRQHandler,%function
	.hidden	TMR3_IRQHandler
.set TMR3_IRQHandler, Default_Handler
	.weak	UART0_IRQHandler
	.type	UART0_IRQHandler,%function
	.hidden	UART0_IRQHandler
.set UART0_IRQHandler, Default_Handler
	.weak	UART1_IRQHandler
	.type	UART1_IRQHandler,%function
	.hidden	UART1_IRQHandler
.set UART1_IRQHandler, Default_Handler
	.weak	I2C0_IRQHandler
	.type	I2C0_IRQHandler,%function
	.hidden	I2C0_IRQHandler
.set I2C0_IRQHandler, Default_Handler
	.weak	I2C1_IRQHandler
	.type	I2C1_IRQHandler,%function
	.hidden	I2C1_IRQHandler
.set I2C1_IRQHandler, Default_Handler
	.weak	PDMA_IRQHandler
	.type	PDMA_IRQHandler,%function
	.hidden	PDMA_IRQHandler
.set PDMA_IRQHandler, Default_Handler
	.weak	DAC_IRQHandler
	.type	DAC_IRQHandler,%function
	.hidden	DAC_IRQHandler
.set DAC_IRQHandler, Default_Handler
	.weak	EADC_INT0_IRQHandler
	.type	EADC_INT0_IRQHandler,%function
	.hidden	EADC_INT0_IRQHandler
.set EADC_INT0_IRQHandler, Default_Handler
	.weak	EADC_INT1_IRQHandler
	.type	EADC_INT1_IRQHandler,%function
	.hidden	EADC_INT1_IRQHandler
.set EADC_INT1_IRQHandler, Default_Handler
	.weak	ACMP01_IRQHandler
	.type	ACMP01_IRQHandler,%function
	.hidden	ACMP01_IRQHandler
.set ACMP01_IRQHandler, Default_Handler
	.weak	BPWM0_IRQHandler
	.type	BPWM0_IRQHandler,%function
	.hidden	BPWM0_IRQHandler
.set BPWM0_IRQHandler, Default_Handler
	.weak	EADC_INT2_IRQHandler
	.type	EADC_INT2_IRQHandler,%function
	.hidden	EADC_INT2_IRQHandler
.set EADC_INT2_IRQHandler, Default_Handler
	.weak	EADC_INT3_IRQHandler
	.type	EADC_INT3_IRQHandler,%function
	.hidden	EADC_INT3_IRQHandler
.set EADC_INT3_IRQHandler, Default_Handler
	.weak	UART2_IRQHandler
	.type	UART2_IRQHandler,%function
	.hidden	UART2_IRQHandler
.set UART2_IRQHandler, Default_Handler
	.weak	UART3_IRQHandler
	.type	UART3_IRQHandler,%function
	.hidden	UART3_IRQHandler
.set UART3_IRQHandler, Default_Handler
	.weak	USCI0_IRQHandler
	.type	USCI0_IRQHandler,%function
	.hidden	USCI0_IRQHandler
.set USCI0_IRQHandler, Default_Handler
	.weak	SPI1_IRQHandler
	.type	SPI1_IRQHandler,%function
	.hidden	SPI1_IRQHandler
.set SPI1_IRQHandler, Default_Handler
	.weak	USCI1_IRQHandler
	.type	USCI1_IRQHandler,%function
	.hidden	USCI1_IRQHandler
.set USCI1_IRQHandler, Default_Handler
	.weak	USBD_IRQHandler
	.type	USBD_IRQHandler,%function
	.hidden	USBD_IRQHandler
.set USBD_IRQHandler, Default_Handler
	.weak	BPWM1_IRQHandler
	.type	BPWM1_IRQHandler,%function
	.hidden	BPWM1_IRQHandler
.set BPWM1_IRQHandler, Default_Handler
	.weak	PSIO_IRQHandler
	.type	PSIO_IRQHandler,%function
	.hidden	PSIO_IRQHandler
.set PSIO_IRQHandler, Default_Handler
	.weak	CRPT_IRQHandler
	.type	CRPT_IRQHandler,%function
	.hidden	CRPT_IRQHandler
.set CRPT_IRQHandler, Default_Handler
	.weak	SC0_IRQHandler
	.type	SC0_IRQHandler,%function
	.hidden	SC0_IRQHandler
.set SC0_IRQHandler, Default_Handler
	.weak	USCI2_IRQHandler
	.type	USCI2_IRQHandler,%function
	.hidden	USCI2_IRQHandler
.set USCI2_IRQHandler, Default_Handler
	.weak	LCD_IRQHandler
	.type	LCD_IRQHandler,%function
	.hidden	LCD_IRQHandler
.set LCD_IRQHandler, Default_Handler
	.weak	OPA_IRQHandler
	.type	OPA_IRQHandler,%function
	.hidden	OPA_IRQHandler
.set OPA_IRQHandler, Default_Handler
	.weak	TK_IRQHandler
	.type	TK_IRQHandler,%function
	.hidden	TK_IRQHandler
.set TK_IRQHandler, Default_Handler
	.section	.debug_abbrev,"",%progbits
	.byte	1                               @ Abbreviation Code
	.byte	17                              @ DW_TAG_compile_unit
	.byte	1                               @ DW_CHILDREN_yes
	.byte	37                              @ DW_AT_producer
	.byte	14                              @ DW_FORM_strp
	.byte	19                              @ DW_AT_language
	.byte	5                               @ DW_FORM_data2
	.byte	3                               @ DW_AT_name
	.byte	14                              @ DW_FORM_strp
	.byte	16                              @ DW_AT_stmt_list
	.byte	23                              @ DW_FORM_sec_offset
	.byte	27                              @ DW_AT_comp_dir
	.byte	14                              @ DW_FORM_strp
	.byte	17                              @ DW_AT_low_pc
	.byte	1                               @ DW_FORM_addr
	.byte	85                              @ DW_AT_ranges
	.byte	23                              @ DW_FORM_sec_offset
	.byte	0                               @ EOM(1)
	.byte	0                               @ EOM(2)
	.byte	2                               @ Abbreviation Code
	.byte	52                              @ DW_TAG_variable
	.byte	0                               @ DW_CHILDREN_no
	.byte	3                               @ DW_AT_name
	.byte	14                              @ DW_FORM_strp
	.byte	73                              @ DW_AT_type
	.byte	19                              @ DW_FORM_ref4
	.byte	63                              @ DW_AT_external
	.byte	25                              @ DW_FORM_flag_present
	.byte	58                              @ DW_AT_decl_file
	.byte	11                              @ DW_FORM_data1
	.byte	59                              @ DW_AT_decl_line
	.byte	11                              @ DW_FORM_data1
	.byte	2                               @ DW_AT_location
	.byte	24                              @ DW_FORM_exprloc
	.byte	0                               @ EOM(1)
	.byte	0                               @ EOM(2)
	.byte	3                               @ Abbreviation Code
	.byte	1                               @ DW_TAG_array_type
	.byte	1                               @ DW_CHILDREN_yes
	.byte	73                              @ DW_AT_type
	.byte	19                              @ DW_FORM_ref4
	.byte	0                               @ EOM(1)
	.byte	0                               @ EOM(2)
	.byte	4                               @ Abbreviation Code
	.byte	33                              @ DW_TAG_subrange_type
	.byte	0                               @ DW_CHILDREN_no
	.byte	73                              @ DW_AT_type
	.byte	19                              @ DW_FORM_ref4
	.byte	55                              @ DW_AT_count
	.byte	11                              @ DW_FORM_data1
	.byte	0                               @ EOM(1)
	.byte	0                               @ EOM(2)
	.byte	5                               @ Abbreviation Code
	.byte	38                              @ DW_TAG_const_type
	.byte	0                               @ DW_CHILDREN_no
	.byte	73                              @ DW_AT_type
	.byte	19                              @ DW_FORM_ref4
	.byte	0                               @ EOM(1)
	.byte	0                               @ EOM(2)
	.byte	6                               @ Abbreviation Code
	.byte	22                              @ DW_TAG_typedef
	.byte	0                               @ DW_CHILDREN_no
	.byte	73                              @ DW_AT_type
	.byte	19                              @ DW_FORM_ref4
	.byte	3                               @ DW_AT_name
	.byte	14                              @ DW_FORM_strp
	.byte	58                              @ DW_AT_decl_file
	.byte	11                              @ DW_FORM_data1
	.byte	59                              @ DW_AT_decl_line
	.byte	11                              @ DW_FORM_data1
	.byte	0                               @ EOM(1)
	.byte	0                               @ EOM(2)
	.byte	7                               @ Abbreviation Code
	.byte	15                              @ DW_TAG_pointer_type
	.byte	0                               @ DW_CHILDREN_no
	.byte	73                              @ DW_AT_type
	.byte	19                              @ DW_FORM_ref4
	.byte	0                               @ EOM(1)
	.byte	0                               @ EOM(2)
	.byte	8                               @ Abbreviation Code
	.byte	21                              @ DW_TAG_subroutine_type
	.byte	0                               @ DW_CHILDREN_no
	.byte	39                              @ DW_AT_prototyped
	.byte	25                              @ DW_FORM_flag_present
	.byte	0                               @ EOM(1)
	.byte	0                               @ EOM(2)
	.byte	9                               @ Abbreviation Code
	.byte	36                              @ DW_TAG_base_type
	.byte	0                               @ DW_CHILDREN_no
	.byte	3                               @ DW_AT_name
	.byte	14                              @ DW_FORM_strp
	.byte	11                              @ DW_AT_byte_size
	.byte	11                              @ DW_FORM_data1
	.byte	62                              @ DW_AT_encoding
	.byte	11                              @ DW_FORM_data1
	.byte	0                               @ EOM(1)
	.byte	0                               @ EOM(2)
	.byte	10                              @ Abbreviation Code
	.byte	36                              @ DW_TAG_base_type
	.byte	0                               @ DW_CHILDREN_no
	.byte	3                               @ DW_AT_name
	.byte	14                              @ DW_FORM_strp
	.byte	62                              @ DW_AT_encoding
	.byte	11                              @ DW_FORM_data1
	.byte	11                              @ DW_AT_byte_size
	.byte	11                              @ DW_FORM_data1
	.byte	0                               @ EOM(1)
	.byte	0                               @ EOM(2)
	.byte	11                              @ Abbreviation Code
	.byte	53                              @ DW_TAG_volatile_type
	.byte	0                               @ DW_CHILDREN_no
	.byte	73                              @ DW_AT_type
	.byte	19                              @ DW_FORM_ref4
	.byte	0                               @ EOM(1)
	.byte	0                               @ EOM(2)
	.byte	12                              @ Abbreviation Code
	.byte	22                              @ DW_TAG_typedef
	.byte	0                               @ DW_CHILDREN_no
	.byte	73                              @ DW_AT_type
	.byte	19                              @ DW_FORM_ref4
	.byte	3                               @ DW_AT_name
	.byte	14                              @ DW_FORM_strp
	.byte	58                              @ DW_AT_decl_file
	.byte	11                              @ DW_FORM_data1
	.byte	59                              @ DW_AT_decl_line
	.byte	5                               @ DW_FORM_data2
	.byte	0                               @ EOM(1)
	.byte	0                               @ EOM(2)
	.byte	13                              @ Abbreviation Code
	.byte	19                              @ DW_TAG_structure_type
	.byte	1                               @ DW_CHILDREN_yes
	.byte	11                              @ DW_AT_byte_size
	.byte	5                               @ DW_FORM_data2
	.byte	58                              @ DW_AT_decl_file
	.byte	11                              @ DW_FORM_data1
	.byte	59                              @ DW_AT_decl_line
	.byte	11                              @ DW_FORM_data1
	.byte	0                               @ EOM(1)
	.byte	0                               @ EOM(2)
	.byte	14                              @ Abbreviation Code
	.byte	13                              @ DW_TAG_member
	.byte	0                               @ DW_CHILDREN_no
	.byte	3                               @ DW_AT_name
	.byte	14                              @ DW_FORM_strp
	.byte	73                              @ DW_AT_type
	.byte	19                              @ DW_FORM_ref4
	.byte	58                              @ DW_AT_decl_file
	.byte	11                              @ DW_FORM_data1
	.byte	59                              @ DW_AT_decl_line
	.byte	5                               @ DW_FORM_data2
	.byte	56                              @ DW_AT_data_member_location
	.byte	11                              @ DW_FORM_data1
	.byte	0                               @ EOM(1)
	.byte	0                               @ EOM(2)
	.byte	15                              @ Abbreviation Code
	.byte	13                              @ DW_TAG_member
	.byte	0                               @ DW_CHILDREN_no
	.byte	3                               @ DW_AT_name
	.byte	14                              @ DW_FORM_strp
	.byte	73                              @ DW_AT_type
	.byte	19                              @ DW_FORM_ref4
	.byte	58                              @ DW_AT_decl_file
	.byte	11                              @ DW_FORM_data1
	.byte	59                              @ DW_AT_decl_line
	.byte	5                               @ DW_FORM_data2
	.byte	56                              @ DW_AT_data_member_location
	.byte	5                               @ DW_FORM_data2
	.byte	0                               @ EOM(1)
	.byte	0                               @ EOM(2)
	.byte	16                              @ Abbreviation Code
	.byte	46                              @ DW_TAG_subprogram
	.byte	0                               @ DW_CHILDREN_no
	.byte	17                              @ DW_AT_low_pc
	.byte	1                               @ DW_FORM_addr
	.byte	18                              @ DW_AT_high_pc
	.byte	6                               @ DW_FORM_data4
	.byte	64                              @ DW_AT_frame_base
	.byte	24                              @ DW_FORM_exprloc
	.byte	3                               @ DW_AT_name
	.byte	14                              @ DW_FORM_strp
	.byte	58                              @ DW_AT_decl_file
	.byte	11                              @ DW_FORM_data1
	.byte	59                              @ DW_AT_decl_line
	.byte	11                              @ DW_FORM_data1
	.byte	39                              @ DW_AT_prototyped
	.byte	25                              @ DW_FORM_flag_present
	.byte	63                              @ DW_AT_external
	.byte	25                              @ DW_FORM_flag_present
	.ascii	"\207\001"                      @ DW_AT_noreturn
	.byte	25                              @ DW_FORM_flag_present
	.byte	0                               @ EOM(1)
	.byte	0                               @ EOM(2)
	.byte	17                              @ Abbreviation Code
	.byte	46                              @ DW_TAG_subprogram
	.byte	1                               @ DW_CHILDREN_yes
	.byte	3                               @ DW_AT_name
	.byte	14                              @ DW_FORM_strp
	.byte	58                              @ DW_AT_decl_file
	.byte	11                              @ DW_FORM_data1
	.byte	59                              @ DW_AT_decl_line
	.byte	5                               @ DW_FORM_data2
	.byte	39                              @ DW_AT_prototyped
	.byte	25                              @ DW_FORM_flag_present
	.byte	32                              @ DW_AT_inline
	.byte	11                              @ DW_FORM_data1
	.byte	0                               @ EOM(1)
	.byte	0                               @ EOM(2)
	.byte	18                              @ Abbreviation Code
	.byte	5                               @ DW_TAG_formal_parameter
	.byte	0                               @ DW_CHILDREN_no
	.byte	3                               @ DW_AT_name
	.byte	14                              @ DW_FORM_strp
	.byte	58                              @ DW_AT_decl_file
	.byte	11                              @ DW_FORM_data1
	.byte	59                              @ DW_AT_decl_line
	.byte	5                               @ DW_FORM_data2
	.byte	73                              @ DW_AT_type
	.byte	19                              @ DW_FORM_ref4
	.byte	0                               @ EOM(1)
	.byte	0                               @ EOM(2)
	.byte	19                              @ Abbreviation Code
	.byte	46                              @ DW_TAG_subprogram
	.byte	1                               @ DW_CHILDREN_yes
	.byte	17                              @ DW_AT_low_pc
	.byte	1                               @ DW_FORM_addr
	.byte	18                              @ DW_AT_high_pc
	.byte	6                               @ DW_FORM_data4
	.byte	64                              @ DW_AT_frame_base
	.byte	24                              @ DW_FORM_exprloc
	.byte	3                               @ DW_AT_name
	.byte	14                              @ DW_FORM_strp
	.byte	58                              @ DW_AT_decl_file
	.byte	11                              @ DW_FORM_data1
	.byte	59                              @ DW_AT_decl_line
	.byte	11                              @ DW_FORM_data1
	.byte	39                              @ DW_AT_prototyped
	.byte	25                              @ DW_FORM_flag_present
	.byte	63                              @ DW_AT_external
	.byte	25                              @ DW_FORM_flag_present
	.ascii	"\207\001"                      @ DW_AT_noreturn
	.byte	25                              @ DW_FORM_flag_present
	.byte	0                               @ EOM(1)
	.byte	0                               @ EOM(2)
	.byte	20                              @ Abbreviation Code
	.byte	29                              @ DW_TAG_inlined_subroutine
	.byte	1                               @ DW_CHILDREN_yes
	.byte	49                              @ DW_AT_abstract_origin
	.byte	19                              @ DW_FORM_ref4
	.byte	17                              @ DW_AT_low_pc
	.byte	1                               @ DW_FORM_addr
	.byte	18                              @ DW_AT_high_pc
	.byte	6                               @ DW_FORM_data4
	.byte	88                              @ DW_AT_call_file
	.byte	11                              @ DW_FORM_data1
	.byte	89                              @ DW_AT_call_line
	.byte	11                              @ DW_FORM_data1
	.byte	87                              @ DW_AT_call_column
	.byte	11                              @ DW_FORM_data1
	.byte	0                               @ EOM(1)
	.byte	0                               @ EOM(2)
	.byte	21                              @ Abbreviation Code
	.byte	5                               @ DW_TAG_formal_parameter
	.byte	0                               @ DW_CHILDREN_no
	.byte	2                               @ DW_AT_location
	.byte	24                              @ DW_FORM_exprloc
	.byte	49                              @ DW_AT_abstract_origin
	.byte	19                              @ DW_FORM_ref4
	.byte	0                               @ EOM(1)
	.byte	0                               @ EOM(2)
	.byte	22                              @ Abbreviation Code
	.byte	46                              @ DW_TAG_subprogram
	.byte	0                               @ DW_CHILDREN_no
	.byte	17                              @ DW_AT_low_pc
	.byte	1                               @ DW_FORM_addr
	.byte	18                              @ DW_AT_high_pc
	.byte	6                               @ DW_FORM_data4
	.byte	64                              @ DW_AT_frame_base
	.byte	24                              @ DW_FORM_exprloc
	.byte	3                               @ DW_AT_name
	.byte	14                              @ DW_FORM_strp
	.byte	58                              @ DW_AT_decl_file
	.byte	11                              @ DW_FORM_data1
	.byte	59                              @ DW_AT_decl_line
	.byte	11                              @ DW_FORM_data1
	.byte	39                              @ DW_AT_prototyped
	.byte	25                              @ DW_FORM_flag_present
	.byte	63                              @ DW_AT_external
	.byte	25                              @ DW_FORM_flag_present
	.byte	0                               @ EOM(1)
	.byte	0                               @ EOM(2)
	.byte	23                              @ Abbreviation Code
	.byte	46                              @ DW_TAG_subprogram
	.byte	0                               @ DW_CHILDREN_no
	.byte	17                              @ DW_AT_low_pc
	.byte	1                               @ DW_FORM_addr
	.byte	18                              @ DW_AT_high_pc
	.byte	6                               @ DW_FORM_data4
	.byte	64                              @ DW_AT_frame_base
	.byte	24                              @ DW_FORM_exprloc
	.byte	3                               @ DW_AT_name
	.byte	14                              @ DW_FORM_strp
	.byte	58                              @ DW_AT_decl_file
	.byte	11                              @ DW_FORM_data1
	.byte	59                              @ DW_AT_decl_line
	.byte	5                               @ DW_FORM_data2
	.byte	39                              @ DW_AT_prototyped
	.byte	25                              @ DW_FORM_flag_present
	.byte	0                               @ EOM(1)
	.byte	0                               @ EOM(2)
	.byte	0                               @ EOM(3)
	.section	.debug_info,"",%progbits
.Lcu_begin0:
	.long	.Ldebug_info_end0-.Ldebug_info_start0 @ Length of Unit
.Ldebug_info_start0:
	.short	4                               @ DWARF version number
	.long	.debug_abbrev                   @ Offset Into Abbrev. Section
	.byte	4                               @ Address Size (in bytes)
	.byte	1                               @ Abbrev [1] 0xb:0x448 DW_TAG_compile_unit
	.long	.Linfo_string0                  @ DW_AT_producer
	.short	12                              @ DW_AT_language
	.long	.Linfo_string1                  @ DW_AT_name
	.long	.Lline_table_start0             @ DW_AT_stmt_list
	.long	.Linfo_string2                  @ DW_AT_comp_dir
	.long	0                               @ DW_AT_low_pc
	.long	.Ldebug_ranges0                 @ DW_AT_ranges
	.byte	2                               @ Abbrev [2] 0x26:0x11 DW_TAG_variable
	.long	.Linfo_string3                  @ DW_AT_name
	.long	55                              @ DW_AT_type
                                        @ DW_AT_external
	.byte	2                               @ DW_AT_decl_file
	.byte	109                             @ DW_AT_decl_line
	.byte	5                               @ DW_AT_location
	.byte	3
	.long	__Vectors
	.byte	3                               @ Abbrev [3] 0x37:0xc DW_TAG_array_type
	.long	67                              @ DW_AT_type
	.byte	4                               @ Abbrev [4] 0x3c:0x6 DW_TAG_subrange_type
	.long	89                              @ DW_AT_type
	.byte	80                              @ DW_AT_count
	.byte	0                               @ End Of Children Mark
	.byte	5                               @ Abbrev [5] 0x43:0x5 DW_TAG_const_type
	.long	72                              @ DW_AT_type
	.byte	6                               @ Abbrev [6] 0x48:0xb DW_TAG_typedef
	.long	83                              @ DW_AT_type
	.long	.Linfo_string4                  @ DW_AT_name
	.byte	1                               @ DW_AT_decl_file
	.byte	55                              @ DW_AT_decl_line
	.byte	7                               @ Abbrev [7] 0x53:0x5 DW_TAG_pointer_type
	.long	88                              @ DW_AT_type
	.byte	8                               @ Abbrev [8] 0x58:0x1 DW_TAG_subroutine_type
                                        @ DW_AT_prototyped
	.byte	9                               @ Abbrev [9] 0x59:0x7 DW_TAG_base_type
	.long	.Linfo_string5                  @ DW_AT_name
	.byte	8                               @ DW_AT_byte_size
	.byte	7                               @ DW_AT_encoding
	.byte	6                               @ Abbrev [6] 0x60:0xb DW_TAG_typedef
	.long	107                             @ DW_AT_type
	.long	.Linfo_string7                  @ DW_AT_name
	.byte	3                               @ DW_AT_decl_file
	.byte	64                              @ DW_AT_decl_line
	.byte	10                              @ Abbrev [10] 0x6b:0x7 DW_TAG_base_type
	.long	.Linfo_string6                  @ DW_AT_name
	.byte	7                               @ DW_AT_encoding
	.byte	4                               @ DW_AT_byte_size
	.byte	7                               @ Abbrev [7] 0x72:0x5 DW_TAG_pointer_type
	.long	119                             @ DW_AT_type
	.byte	11                              @ Abbrev [11] 0x77:0x5 DW_TAG_volatile_type
	.long	107                             @ DW_AT_type
	.byte	7                               @ Abbrev [7] 0x7c:0x5 DW_TAG_pointer_type
	.long	129                             @ DW_AT_type
	.byte	12                              @ Abbrev [12] 0x81:0xc DW_TAG_typedef
	.long	141                             @ DW_AT_type
	.long	.Linfo_string61                 @ DW_AT_name
	.byte	4                               @ DW_AT_decl_file
	.short	1544                            @ DW_AT_decl_line
	.byte	13                              @ Abbrev [13] 0x8d:0x2c3 DW_TAG_structure_type
	.short	512                             @ DW_AT_byte_size
	.byte	4                               @ DW_AT_decl_file
	.byte	28                              @ DW_AT_decl_line
	.byte	14                              @ Abbrev [14] 0x92:0xd DW_TAG_member
	.long	.Linfo_string8                  @ DW_AT_name
	.long	848                             @ DW_AT_type
	.byte	4                               @ DW_AT_decl_file
	.short	1469                            @ DW_AT_decl_line
	.byte	0                               @ DW_AT_data_member_location
	.byte	14                              @ Abbrev [14] 0x9f:0xd DW_TAG_member
	.long	.Linfo_string9                  @ DW_AT_name
	.long	853                             @ DW_AT_type
	.byte	4                               @ DW_AT_decl_file
	.short	1470                            @ DW_AT_decl_line
	.byte	4                               @ DW_AT_data_member_location
	.byte	14                              @ Abbrev [14] 0xac:0xd DW_TAG_member
	.long	.Linfo_string10                 @ DW_AT_name
	.long	853                             @ DW_AT_type
	.byte	4                               @ DW_AT_decl_file
	.short	1471                            @ DW_AT_decl_line
	.byte	8                               @ DW_AT_data_member_location
	.byte	14                              @ Abbrev [14] 0xb9:0xd DW_TAG_member
	.long	.Linfo_string11                 @ DW_AT_name
	.long	853                             @ DW_AT_type
	.byte	4                               @ DW_AT_decl_file
	.short	1472                            @ DW_AT_decl_line
	.byte	12                              @ DW_AT_data_member_location
	.byte	14                              @ Abbrev [14] 0xc6:0xd DW_TAG_member
	.long	.Linfo_string12                 @ DW_AT_name
	.long	853                             @ DW_AT_type
	.byte	4                               @ DW_AT_decl_file
	.short	1473                            @ DW_AT_decl_line
	.byte	16                              @ DW_AT_data_member_location
	.byte	14                              @ Abbrev [14] 0xd3:0xd DW_TAG_member
	.long	.Linfo_string13                 @ DW_AT_name
	.long	858                             @ DW_AT_type
	.byte	4                               @ DW_AT_decl_file
	.short	1475                            @ DW_AT_decl_line
	.byte	20                              @ DW_AT_data_member_location
	.byte	14                              @ Abbrev [14] 0xe0:0xd DW_TAG_member
	.long	.Linfo_string14                 @ DW_AT_name
	.long	853                             @ DW_AT_type
	.byte	4                               @ DW_AT_decl_file
	.short	1477                            @ DW_AT_decl_line
	.byte	24                              @ DW_AT_data_member_location
	.byte	14                              @ Abbrev [14] 0xed:0xd DW_TAG_member
	.long	.Linfo_string15                 @ DW_AT_name
	.long	853                             @ DW_AT_type
	.byte	4                               @ DW_AT_decl_file
	.short	1478                            @ DW_AT_decl_line
	.byte	28                              @ DW_AT_data_member_location
	.byte	14                              @ Abbrev [14] 0xfa:0xd DW_TAG_member
	.long	.Linfo_string16                 @ DW_AT_name
	.long	858                             @ DW_AT_type
	.byte	4                               @ DW_AT_decl_file
	.short	1480                            @ DW_AT_decl_line
	.byte	32                              @ DW_AT_data_member_location
	.byte	14                              @ Abbrev [14] 0x107:0xd DW_TAG_member
	.long	.Linfo_string17                 @ DW_AT_name
	.long	853                             @ DW_AT_type
	.byte	4                               @ DW_AT_decl_file
	.short	1482                            @ DW_AT_decl_line
	.byte	36                              @ DW_AT_data_member_location
	.byte	14                              @ Abbrev [14] 0x114:0xd DW_TAG_member
	.long	.Linfo_string18                 @ DW_AT_name
	.long	853                             @ DW_AT_type
	.byte	4                               @ DW_AT_decl_file
	.short	1483                            @ DW_AT_decl_line
	.byte	40                              @ DW_AT_data_member_location
	.byte	14                              @ Abbrev [14] 0x121:0xd DW_TAG_member
	.long	.Linfo_string19                 @ DW_AT_name
	.long	858                             @ DW_AT_type
	.byte	4                               @ DW_AT_decl_file
	.short	1485                            @ DW_AT_decl_line
	.byte	44                              @ DW_AT_data_member_location
	.byte	14                              @ Abbrev [14] 0x12e:0xd DW_TAG_member
	.long	.Linfo_string20                 @ DW_AT_name
	.long	853                             @ DW_AT_type
	.byte	4                               @ DW_AT_decl_file
	.short	1487                            @ DW_AT_decl_line
	.byte	48                              @ DW_AT_data_member_location
	.byte	14                              @ Abbrev [14] 0x13b:0xd DW_TAG_member
	.long	.Linfo_string21                 @ DW_AT_name
	.long	853                             @ DW_AT_type
	.byte	4                               @ DW_AT_decl_file
	.short	1488                            @ DW_AT_decl_line
	.byte	52                              @ DW_AT_data_member_location
	.byte	14                              @ Abbrev [14] 0x148:0xd DW_TAG_member
	.long	.Linfo_string22                 @ DW_AT_name
	.long	853                             @ DW_AT_type
	.byte	4                               @ DW_AT_decl_file
	.short	1489                            @ DW_AT_decl_line
	.byte	56                              @ DW_AT_data_member_location
	.byte	14                              @ Abbrev [14] 0x155:0xd DW_TAG_member
	.long	.Linfo_string23                 @ DW_AT_name
	.long	853                             @ DW_AT_type
	.byte	4                               @ DW_AT_decl_file
	.short	1490                            @ DW_AT_decl_line
	.byte	60                              @ DW_AT_data_member_location
	.byte	14                              @ Abbrev [14] 0x162:0xd DW_TAG_member
	.long	.Linfo_string24                 @ DW_AT_name
	.long	853                             @ DW_AT_type
	.byte	4                               @ DW_AT_decl_file
	.short	1491                            @ DW_AT_decl_line
	.byte	64                              @ DW_AT_data_member_location
	.byte	14                              @ Abbrev [14] 0x16f:0xd DW_TAG_member
	.long	.Linfo_string25                 @ DW_AT_name
	.long	853                             @ DW_AT_type
	.byte	4                               @ DW_AT_decl_file
	.short	1492                            @ DW_AT_decl_line
	.byte	68                              @ DW_AT_data_member_location
	.byte	14                              @ Abbrev [14] 0x17c:0xd DW_TAG_member
	.long	.Linfo_string26                 @ DW_AT_name
	.long	853                             @ DW_AT_type
	.byte	4                               @ DW_AT_decl_file
	.short	1493                            @ DW_AT_decl_line
	.byte	72                              @ DW_AT_data_member_location
	.byte	14                              @ Abbrev [14] 0x189:0xd DW_TAG_member
	.long	.Linfo_string27                 @ DW_AT_name
	.long	853                             @ DW_AT_type
	.byte	4                               @ DW_AT_decl_file
	.short	1494                            @ DW_AT_decl_line
	.byte	76                              @ DW_AT_data_member_location
	.byte	14                              @ Abbrev [14] 0x196:0xd DW_TAG_member
	.long	.Linfo_string28                 @ DW_AT_name
	.long	853                             @ DW_AT_type
	.byte	4                               @ DW_AT_decl_file
	.short	1495                            @ DW_AT_decl_line
	.byte	80                              @ DW_AT_data_member_location
	.byte	14                              @ Abbrev [14] 0x1a3:0xd DW_TAG_member
	.long	.Linfo_string29                 @ DW_AT_name
	.long	853                             @ DW_AT_type
	.byte	4                               @ DW_AT_decl_file
	.short	1496                            @ DW_AT_decl_line
	.byte	84                              @ DW_AT_data_member_location
	.byte	14                              @ Abbrev [14] 0x1b0:0xd DW_TAG_member
	.long	.Linfo_string30                 @ DW_AT_name
	.long	853                             @ DW_AT_type
	.byte	4                               @ DW_AT_decl_file
	.short	1497                            @ DW_AT_decl_line
	.byte	88                              @ DW_AT_data_member_location
	.byte	14                              @ Abbrev [14] 0x1bd:0xd DW_TAG_member
	.long	.Linfo_string31                 @ DW_AT_name
	.long	853                             @ DW_AT_type
	.byte	4                               @ DW_AT_decl_file
	.short	1498                            @ DW_AT_decl_line
	.byte	92                              @ DW_AT_data_member_location
	.byte	14                              @ Abbrev [14] 0x1ca:0xd DW_TAG_member
	.long	.Linfo_string32                 @ DW_AT_name
	.long	870                             @ DW_AT_type
	.byte	4                               @ DW_AT_decl_file
	.short	1500                            @ DW_AT_decl_line
	.byte	96                              @ DW_AT_data_member_location
	.byte	14                              @ Abbrev [14] 0x1d7:0xd DW_TAG_member
	.long	.Linfo_string33                 @ DW_AT_name
	.long	853                             @ DW_AT_type
	.byte	4                               @ DW_AT_decl_file
	.short	1502                            @ DW_AT_decl_line
	.byte	128                             @ DW_AT_data_member_location
	.byte	14                              @ Abbrev [14] 0x1e4:0xd DW_TAG_member
	.long	.Linfo_string34                 @ DW_AT_name
	.long	853                             @ DW_AT_type
	.byte	4                               @ DW_AT_decl_file
	.short	1503                            @ DW_AT_decl_line
	.byte	132                             @ DW_AT_data_member_location
	.byte	14                              @ Abbrev [14] 0x1f1:0xd DW_TAG_member
	.long	.Linfo_string35                 @ DW_AT_name
	.long	853                             @ DW_AT_type
	.byte	4                               @ DW_AT_decl_file
	.short	1504                            @ DW_AT_decl_line
	.byte	136                             @ DW_AT_data_member_location
	.byte	14                              @ Abbrev [14] 0x1fe:0xd DW_TAG_member
	.long	.Linfo_string36                 @ DW_AT_name
	.long	853                             @ DW_AT_type
	.byte	4                               @ DW_AT_decl_file
	.short	1505                            @ DW_AT_decl_line
	.byte	140                             @ DW_AT_data_member_location
	.byte	14                              @ Abbrev [14] 0x20b:0xd DW_TAG_member
	.long	.Linfo_string37                 @ DW_AT_name
	.long	853                             @ DW_AT_type
	.byte	4                               @ DW_AT_decl_file
	.short	1506                            @ DW_AT_decl_line
	.byte	144                             @ DW_AT_data_member_location
	.byte	14                              @ Abbrev [14] 0x218:0xd DW_TAG_member
	.long	.Linfo_string38                 @ DW_AT_name
	.long	853                             @ DW_AT_type
	.byte	4                               @ DW_AT_decl_file
	.short	1507                            @ DW_AT_decl_line
	.byte	148                             @ DW_AT_data_member_location
	.byte	14                              @ Abbrev [14] 0x225:0xd DW_TAG_member
	.long	.Linfo_string39                 @ DW_AT_name
	.long	882                             @ DW_AT_type
	.byte	4                               @ DW_AT_decl_file
	.short	1509                            @ DW_AT_decl_line
	.byte	152                             @ DW_AT_data_member_location
	.byte	14                              @ Abbrev [14] 0x232:0xd DW_TAG_member
	.long	.Linfo_string40                 @ DW_AT_name
	.long	853                             @ DW_AT_type
	.byte	4                               @ DW_AT_decl_file
	.short	1511                            @ DW_AT_decl_line
	.byte	192                             @ DW_AT_data_member_location
	.byte	14                              @ Abbrev [14] 0x23f:0xd DW_TAG_member
	.long	.Linfo_string41                 @ DW_AT_name
	.long	894                             @ DW_AT_type
	.byte	4                               @ DW_AT_decl_file
	.short	1513                            @ DW_AT_decl_line
	.byte	196                             @ DW_AT_data_member_location
	.byte	14                              @ Abbrev [14] 0x24c:0xd DW_TAG_member
	.long	.Linfo_string42                 @ DW_AT_name
	.long	853                             @ DW_AT_type
	.byte	4                               @ DW_AT_decl_file
	.short	1515                            @ DW_AT_decl_line
	.byte	208                             @ DW_AT_data_member_location
	.byte	14                              @ Abbrev [14] 0x259:0xd DW_TAG_member
	.long	.Linfo_string43                 @ DW_AT_name
	.long	848                             @ DW_AT_type
	.byte	4                               @ DW_AT_decl_file
	.short	1516                            @ DW_AT_decl_line
	.byte	212                             @ DW_AT_data_member_location
	.byte	14                              @ Abbrev [14] 0x266:0xd DW_TAG_member
	.long	.Linfo_string44                 @ DW_AT_name
	.long	906                             @ DW_AT_type
	.byte	4                               @ DW_AT_decl_file
	.short	1518                            @ DW_AT_decl_line
	.byte	216                             @ DW_AT_data_member_location
	.byte	14                              @ Abbrev [14] 0x273:0xd DW_TAG_member
	.long	.Linfo_string45                 @ DW_AT_name
	.long	853                             @ DW_AT_type
	.byte	4                               @ DW_AT_decl_file
	.short	1520                            @ DW_AT_decl_line
	.byte	240                             @ DW_AT_data_member_location
	.byte	14                              @ Abbrev [14] 0x280:0xd DW_TAG_member
	.long	.Linfo_string46                 @ DW_AT_name
	.long	853                             @ DW_AT_type
	.byte	4                               @ DW_AT_decl_file
	.short	1521                            @ DW_AT_decl_line
	.byte	244                             @ DW_AT_data_member_location
	.byte	14                              @ Abbrev [14] 0x28d:0xd DW_TAG_member
	.long	.Linfo_string47                 @ DW_AT_name
	.long	853                             @ DW_AT_type
	.byte	4                               @ DW_AT_decl_file
	.short	1522                            @ DW_AT_decl_line
	.byte	248                             @ DW_AT_data_member_location
	.byte	14                              @ Abbrev [14] 0x29a:0xd DW_TAG_member
	.long	.Linfo_string48                 @ DW_AT_name
	.long	858                             @ DW_AT_type
	.byte	4                               @ DW_AT_decl_file
	.short	1524                            @ DW_AT_decl_line
	.byte	252                             @ DW_AT_data_member_location
	.byte	15                              @ Abbrev [15] 0x2a7:0xe DW_TAG_member
	.long	.Linfo_string49                 @ DW_AT_name
	.long	853                             @ DW_AT_type
	.byte	4                               @ DW_AT_decl_file
	.short	1526                            @ DW_AT_decl_line
	.short	256                             @ DW_AT_data_member_location
	.byte	15                              @ Abbrev [15] 0x2b5:0xe DW_TAG_member
	.long	.Linfo_string50                 @ DW_AT_name
	.long	853                             @ DW_AT_type
	.byte	4                               @ DW_AT_decl_file
	.short	1527                            @ DW_AT_decl_line
	.short	260                             @ DW_AT_data_member_location
	.byte	15                              @ Abbrev [15] 0x2c3:0xe DW_TAG_member
	.long	.Linfo_string51                 @ DW_AT_name
	.long	853                             @ DW_AT_type
	.byte	4                               @ DW_AT_decl_file
	.short	1528                            @ DW_AT_decl_line
	.short	264                             @ DW_AT_data_member_location
	.byte	15                              @ Abbrev [15] 0x2d1:0xe DW_TAG_member
	.long	.Linfo_string52                 @ DW_AT_name
	.long	853                             @ DW_AT_type
	.byte	4                               @ DW_AT_decl_file
	.short	1529                            @ DW_AT_decl_line
	.short	268                             @ DW_AT_data_member_location
	.byte	15                              @ Abbrev [15] 0x2df:0xe DW_TAG_member
	.long	.Linfo_string53                 @ DW_AT_name
	.long	918                             @ DW_AT_type
	.byte	4                               @ DW_AT_decl_file
	.short	1531                            @ DW_AT_decl_line
	.short	272                             @ DW_AT_data_member_location
	.byte	15                              @ Abbrev [15] 0x2ed:0xe DW_TAG_member
	.long	.Linfo_string54                 @ DW_AT_name
	.long	853                             @ DW_AT_type
	.byte	4                               @ DW_AT_decl_file
	.short	1533                            @ DW_AT_decl_line
	.short	324                             @ DW_AT_data_member_location
	.byte	15                              @ Abbrev [15] 0x2fb:0xe DW_TAG_member
	.long	.Linfo_string55                 @ DW_AT_name
	.long	853                             @ DW_AT_type
	.byte	4                               @ DW_AT_decl_file
	.short	1534                            @ DW_AT_decl_line
	.short	328                             @ DW_AT_data_member_location
	.byte	15                              @ Abbrev [15] 0x309:0xe DW_TAG_member
	.long	.Linfo_string56                 @ DW_AT_name
	.long	930                             @ DW_AT_type
	.byte	4                               @ DW_AT_decl_file
	.short	1536                            @ DW_AT_decl_line
	.short	332                             @ DW_AT_data_member_location
	.byte	15                              @ Abbrev [15] 0x317:0xe DW_TAG_member
	.long	.Linfo_string57                 @ DW_AT_name
	.long	853                             @ DW_AT_type
	.byte	4                               @ DW_AT_decl_file
	.short	1538                            @ DW_AT_decl_line
	.short	492                             @ DW_AT_data_member_location
	.byte	15                              @ Abbrev [15] 0x325:0xe DW_TAG_member
	.long	.Linfo_string58                 @ DW_AT_name
	.long	942                             @ DW_AT_type
	.byte	4                               @ DW_AT_decl_file
	.short	1540                            @ DW_AT_decl_line
	.short	496                             @ DW_AT_data_member_location
	.byte	15                              @ Abbrev [15] 0x333:0xe DW_TAG_member
	.long	.Linfo_string59                 @ DW_AT_name
	.long	853                             @ DW_AT_type
	.byte	4                               @ DW_AT_decl_file
	.short	1542                            @ DW_AT_decl_line
	.short	504                             @ DW_AT_data_member_location
	.byte	15                              @ Abbrev [15] 0x341:0xe DW_TAG_member
	.long	.Linfo_string60                 @ DW_AT_name
	.long	848                             @ DW_AT_type
	.byte	4                               @ DW_AT_decl_file
	.short	1543                            @ DW_AT_decl_line
	.short	508                             @ DW_AT_data_member_location
	.byte	0                               @ End Of Children Mark
	.byte	5                               @ Abbrev [5] 0x350:0x5 DW_TAG_const_type
	.long	853                             @ DW_AT_type
	.byte	11                              @ Abbrev [11] 0x355:0x5 DW_TAG_volatile_type
	.long	96                              @ DW_AT_type
	.byte	3                               @ Abbrev [3] 0x35a:0xc DW_TAG_array_type
	.long	848                             @ DW_AT_type
	.byte	4                               @ Abbrev [4] 0x35f:0x6 DW_TAG_subrange_type
	.long	89                              @ DW_AT_type
	.byte	1                               @ DW_AT_count
	.byte	0                               @ End Of Children Mark
	.byte	3                               @ Abbrev [3] 0x366:0xc DW_TAG_array_type
	.long	848                             @ DW_AT_type
	.byte	4                               @ Abbrev [4] 0x36b:0x6 DW_TAG_subrange_type
	.long	89                              @ DW_AT_type
	.byte	8                               @ DW_AT_count
	.byte	0                               @ End Of Children Mark
	.byte	3                               @ Abbrev [3] 0x372:0xc DW_TAG_array_type
	.long	848                             @ DW_AT_type
	.byte	4                               @ Abbrev [4] 0x377:0x6 DW_TAG_subrange_type
	.long	89                              @ DW_AT_type
	.byte	10                              @ DW_AT_count
	.byte	0                               @ End Of Children Mark
	.byte	3                               @ Abbrev [3] 0x37e:0xc DW_TAG_array_type
	.long	848                             @ DW_AT_type
	.byte	4                               @ Abbrev [4] 0x383:0x6 DW_TAG_subrange_type
	.long	89                              @ DW_AT_type
	.byte	3                               @ DW_AT_count
	.byte	0                               @ End Of Children Mark
	.byte	3                               @ Abbrev [3] 0x38a:0xc DW_TAG_array_type
	.long	848                             @ DW_AT_type
	.byte	4                               @ Abbrev [4] 0x38f:0x6 DW_TAG_subrange_type
	.long	89                              @ DW_AT_type
	.byte	6                               @ DW_AT_count
	.byte	0                               @ End Of Children Mark
	.byte	3                               @ Abbrev [3] 0x396:0xc DW_TAG_array_type
	.long	848                             @ DW_AT_type
	.byte	4                               @ Abbrev [4] 0x39b:0x6 DW_TAG_subrange_type
	.long	89                              @ DW_AT_type
	.byte	13                              @ DW_AT_count
	.byte	0                               @ End Of Children Mark
	.byte	3                               @ Abbrev [3] 0x3a2:0xc DW_TAG_array_type
	.long	848                             @ DW_AT_type
	.byte	4                               @ Abbrev [4] 0x3a7:0x6 DW_TAG_subrange_type
	.long	89                              @ DW_AT_type
	.byte	40                              @ DW_AT_count
	.byte	0                               @ End Of Children Mark
	.byte	3                               @ Abbrev [3] 0x3ae:0xc DW_TAG_array_type
	.long	848                             @ DW_AT_type
	.byte	4                               @ Abbrev [4] 0x3b3:0x6 DW_TAG_subrange_type
	.long	89                              @ DW_AT_type
	.byte	2                               @ DW_AT_count
	.byte	0                               @ End Of Children Mark
	.byte	16                              @ Abbrev [16] 0x3ba:0x11 DW_TAG_subprogram
	.long	.Lfunc_begin0                   @ DW_AT_low_pc
	.long	.Lfunc_end0-.Lfunc_begin0       @ DW_AT_high_pc
	.byte	1                               @ DW_AT_frame_base
	.byte	93
	.long	.Linfo_string64                 @ DW_AT_name
	.byte	2                               @ DW_AT_decl_file
	.byte	253                             @ DW_AT_decl_line
                                        @ DW_AT_prototyped
                                        @ DW_AT_external
                                        @ DW_AT_noreturn
	.byte	17                              @ Abbrev [17] 0x3cb:0x16 DW_TAG_subprogram
	.long	.Linfo_string62                 @ DW_AT_name
	.byte	5                               @ DW_AT_decl_file
	.short	256                             @ DW_AT_decl_line
                                        @ DW_AT_prototyped
	.byte	1                               @ DW_AT_inline
	.byte	18                              @ Abbrev [18] 0x3d4:0xc DW_TAG_formal_parameter
	.long	.Linfo_string63                 @ DW_AT_name
	.byte	5                               @ DW_AT_decl_file
	.short	256                             @ DW_AT_decl_line
	.long	96                              @ DW_AT_type
	.byte	0                               @ End Of Children Mark
	.byte	19                              @ Abbrev [19] 0x3e1:0x2b DW_TAG_subprogram
	.long	.Lfunc_begin1                   @ DW_AT_low_pc
	.long	.Lfunc_end1-.Lfunc_begin1       @ DW_AT_high_pc
	.byte	1                               @ DW_AT_frame_base
	.byte	93
	.long	.Linfo_string65                 @ DW_AT_name
	.byte	2                               @ DW_AT_decl_file
	.byte	207                             @ DW_AT_decl_line
                                        @ DW_AT_prototyped
                                        @ DW_AT_external
                                        @ DW_AT_noreturn
	.byte	20                              @ Abbrev [20] 0x3f2:0x19 DW_TAG_inlined_subroutine
	.long	971                             @ DW_AT_abstract_origin
	.long	.Ltmp1                          @ DW_AT_low_pc
	.long	.Ltmp2-.Ltmp1                   @ DW_AT_high_pc
	.byte	2                               @ DW_AT_call_file
	.byte	209                             @ DW_AT_call_line
	.byte	5                               @ DW_AT_call_column
	.byte	21                              @ Abbrev [21] 0x402:0x8 DW_TAG_formal_parameter
	.byte	2                               @ DW_AT_location
	.byte	145
	.byte	4
	.long	980                             @ DW_AT_abstract_origin
	.byte	0                               @ End Of Children Mark
	.byte	0                               @ End Of Children Mark
	.byte	22                              @ Abbrev [22] 0x40c:0x11 DW_TAG_subprogram
	.long	.Lfunc_begin2                   @ DW_AT_low_pc
	.long	.Lfunc_end2-.Lfunc_begin2       @ DW_AT_high_pc
	.byte	1                               @ DW_AT_frame_base
	.byte	93
	.long	.Linfo_string66                 @ DW_AT_name
	.byte	2                               @ DW_AT_decl_file
	.byte	238                             @ DW_AT_decl_line
                                        @ DW_AT_prototyped
                                        @ DW_AT_external
	.byte	22                              @ Abbrev [22] 0x41d:0x11 DW_TAG_subprogram
	.long	.Lfunc_begin3                   @ DW_AT_low_pc
	.long	.Lfunc_end3-.Lfunc_begin3       @ DW_AT_high_pc
	.byte	1                               @ DW_AT_frame_base
	.byte	93
	.long	.Linfo_string67                 @ DW_AT_name
	.byte	2                               @ DW_AT_decl_file
	.byte	199                             @ DW_AT_decl_line
                                        @ DW_AT_prototyped
                                        @ DW_AT_external
	.byte	23                              @ Abbrev [23] 0x42e:0x12 DW_TAG_subprogram
	.long	.Lfunc_begin4                   @ DW_AT_low_pc
	.long	.Lfunc_end4-.Lfunc_begin4       @ DW_AT_high_pc
	.byte	1                               @ DW_AT_frame_base
	.byte	93
	.long	.Linfo_string68                 @ DW_AT_name
	.byte	6                               @ DW_AT_decl_file
	.short	1312                            @ DW_AT_decl_line
                                        @ DW_AT_prototyped
	.byte	23                              @ Abbrev [23] 0x440:0x12 DW_TAG_subprogram
	.long	.Lfunc_begin5                   @ DW_AT_low_pc
	.long	.Lfunc_end5-.Lfunc_begin5       @ DW_AT_high_pc
	.byte	1                               @ DW_AT_frame_base
	.byte	93
	.long	.Linfo_string69                 @ DW_AT_name
	.byte	6                               @ DW_AT_decl_file
	.short	1327                            @ DW_AT_decl_line
                                        @ DW_AT_prototyped
	.byte	0                               @ End Of Children Mark
.Ldebug_info_end0:
	.section	.debug_ranges,"",%progbits
.Ldebug_ranges0:
	.long	.Lfunc_begin0
	.long	.Lfunc_end0
	.long	.Lfunc_begin1
	.long	.Lfunc_end1
	.long	.Lfunc_begin2
	.long	.Lfunc_end2
	.long	.Lfunc_begin3
	.long	.Lfunc_end3
	.long	.Lfunc_begin4
	.long	.Lfunc_end4
	.long	.Lfunc_begin5
	.long	.Lfunc_end5
	.long	0
	.long	0
	.section	.debug_str,"MS",%progbits,1
.Linfo_string0:
	.asciz	"Component: Arm Compiler for Embedded 6.22 Tool: armclang [5ee92100]" @ string offset=0
.Linfo_string1:
	.asciz	"..\\AP_STARTUP_M251.C"         @ string offset=68
.Linfo_string2:
	.asciz	"C:\\Users\\tester\\Desktop\\M251 dual eeprom\\SampleCode\\StdDriver\\INA3221_CABLE\\KEIL" @ string offset=89
.Linfo_string3:
	.asciz	"__Vectors"                     @ string offset=170
.Linfo_string4:
	.asciz	"VECTOR_TABLE_Type"             @ string offset=180
.Linfo_string5:
	.asciz	"__ARRAY_SIZE_TYPE__"           @ string offset=198
.Linfo_string6:
	.asciz	"unsigned int"                  @ string offset=218
.Linfo_string7:
	.asciz	"uint32_t"                      @ string offset=231
.Linfo_string8:
	.asciz	"PDID"                          @ string offset=240
.Linfo_string9:
	.asciz	"RSTSTS"                        @ string offset=245
.Linfo_string10:
	.asciz	"IPRST0"                        @ string offset=252
.Linfo_string11:
	.asciz	"IPRST1"                        @ string offset=259
.Linfo_string12:
	.asciz	"IPRST2"                        @ string offset=266
.Linfo_string13:
	.asciz	"RESERVE0"                      @ string offset=273
.Linfo_string14:
	.asciz	"BODCTL"                        @ string offset=282
.Linfo_string15:
	.asciz	"IVSCTL"                        @ string offset=289
.Linfo_string16:
	.asciz	"RESERVE1"                      @ string offset=296
.Linfo_string17:
	.asciz	"PORCTL0"                       @ string offset=305
.Linfo_string18:
	.asciz	"VREFCTL"                       @ string offset=313
.Linfo_string19:
	.asciz	"RESERVE2"                      @ string offset=321
.Linfo_string20:
	.asciz	"GPA_MFPL"                      @ string offset=330
.Linfo_string21:
	.asciz	"GPA_MFPH"                      @ string offset=339
.Linfo_string22:
	.asciz	"GPB_MFPL"                      @ string offset=348
.Linfo_string23:
	.asciz	"GPB_MFPH"                      @ string offset=357
.Linfo_string24:
	.asciz	"GPC_MFPL"                      @ string offset=366
.Linfo_string25:
	.asciz	"GPC_MFPH"                      @ string offset=375
.Linfo_string26:
	.asciz	"GPD_MFPL"                      @ string offset=384
.Linfo_string27:
	.asciz	"GPD_MFPH"                      @ string offset=393
.Linfo_string28:
	.asciz	"GPE_MFPL"                      @ string offset=402
.Linfo_string29:
	.asciz	"GPE_MFPH"                      @ string offset=411
.Linfo_string30:
	.asciz	"GPF_MFPL"                      @ string offset=420
.Linfo_string31:
	.asciz	"GPF_MFPH"                      @ string offset=429
.Linfo_string32:
	.asciz	"RESERVE3"                      @ string offset=438
.Linfo_string33:
	.asciz	"GPA_MFOS"                      @ string offset=447
.Linfo_string34:
	.asciz	"GPB_MFOS"                      @ string offset=456
.Linfo_string35:
	.asciz	"GPC_MFOS"                      @ string offset=465
.Linfo_string36:
	.asciz	"GPD_MFOS"                      @ string offset=474
.Linfo_string37:
	.asciz	"GPE_MFOS"                      @ string offset=483
.Linfo_string38:
	.asciz	"GPF_MFOS"                      @ string offset=492
.Linfo_string39:
	.asciz	"RESERVE4"                      @ string offset=501
.Linfo_string40:
	.asciz	"MODCTL"                        @ string offset=510
.Linfo_string41:
	.asciz	"RESERVE5"                      @ string offset=517
.Linfo_string42:
	.asciz	"SRAM_BISTCTL"                  @ string offset=526
.Linfo_string43:
	.asciz	"SRAM_BISTSTS"                  @ string offset=539
.Linfo_string44:
	.asciz	"RESERVE6"                      @ string offset=552
.Linfo_string45:
	.asciz	"HIRCTRIMCTL"                   @ string offset=561
.Linfo_string46:
	.asciz	"HIRCTRIMIEN"                   @ string offset=573
.Linfo_string47:
	.asciz	"HIRCTRIMSTS"                   @ string offset=585
.Linfo_string48:
	.asciz	"RESERVE7"                      @ string offset=597
.Linfo_string49:
	.asciz	"REGLCTL"                       @ string offset=606
.Linfo_string50:
	.asciz	"MIRCTRIMCTL"                   @ string offset=614
.Linfo_string51:
	.asciz	"MIRCTRIMIEN"                   @ string offset=626
.Linfo_string52:
	.asciz	"MIRCTRIMSTS"                   @ string offset=638
.Linfo_string53:
	.asciz	"RESERVE8"                      @ string offset=650
.Linfo_string54:
	.asciz	"RTCLVRIEN"                     @ string offset=659
.Linfo_string55:
	.asciz	"RTCLVRSTS"                     @ string offset=669
.Linfo_string56:
	.asciz	"RESERVE9"                      @ string offset=679
.Linfo_string57:
	.asciz	"PORCTL1"                       @ string offset=688
.Linfo_string58:
	.asciz	"RESERVE10"                     @ string offset=696
.Linfo_string59:
	.asciz	"PLCTL"                         @ string offset=706
.Linfo_string60:
	.asciz	"PLSTS"                         @ string offset=712
.Linfo_string61:
	.asciz	"SYS_T"                         @ string offset=718
.Linfo_string62:
	.asciz	"__set_PSP"                     @ string offset=724
.Linfo_string63:
	.asciz	"topOfProcStack"                @ string offset=734
.Linfo_string64:
	.asciz	"Default_Handler"               @ string offset=749
.Linfo_string65:
	.asciz	"Reset_Handler"                 @ string offset=765
.Linfo_string66:
	.asciz	"HardFault_Handler"             @ string offset=779
.Linfo_string67:
	.asciz	"Reset_Handler_PreInit"         @ string offset=797
.Linfo_string68:
	.asciz	"SYS_UnlockReg"                 @ string offset=819
.Linfo_string69:
	.asciz	"SYS_LockReg"                   @ string offset=833
	.ident	"Component: Arm Compiler for Embedded 6.22 Tool: armclang [5ee92100]"
	.section	".note.GNU-stack","",%progbits
	.eabi_attribute	30, 6	@ Tag_ABI_optimization_goals
	.ARM_attribute	16, 1	@ Tag_AV_eba
	.section	.debug_line,"",%progbits
.Lline_table_start0:
