Component: Arm Compiler for Embedded 6.22 Tool: armlink [5ee90200]

==============================================================================

Small function inlining results

Inlined function __aeabi_idiv0 from idiv0.o at offset 0x160 in aeabi_sdiv.o(.text).
Inlined Instruction: BX       lr
Inlined function __aeabi_idiv0 from idiv0.o at offset 0xc in aeabi_sdiv_div0.o(.text).
Inlined Instruction: BX       lr
Inlined function __aeabi_idiv0 from idiv0.o at offset 0x176 in aeabi_sdiv_div0.o(.text).
Inlined Instruction: BX       lr
Inlined function __aeabi_idiv0 from idiv0.o at offset 0x18 in uidiv_div0.o(.text).
Inlined Instruction: BX       lr
Inlined function __aeabi_idiv0 from idiv0.o at offset 0x42 in idiv_div0.o(.text).
Inlined Instruction: BX       lr
Inlined total of 5 calls.

==============================================================================

Section Cross References

    system_m251.o(.text.SystemCoreClockUpdate) refers to clk.o(.text.CLK_GetPLLClockFreq) for CLK_GetPLLClockFreq
    system_m251.o(.text.SystemCoreClockUpdate) refers to system_m251.o(.data.PllClock) for PllClock
    system_m251.o(.text.SystemCoreClockUpdate) refers to system_m251.o(.rodata.gau32ClkSrcTbl) for gau32ClkSrcTbl
    system_m251.o(.text.SystemCoreClockUpdate) refers to system_m251.o(.data.SystemCoreClock) for SystemCoreClock
    system_m251.o(.text.SystemCoreClockUpdate) refers to system_m251.o(.data.CyclesPerUs) for CyclesPerUs
    system_m251.o(.ARM.exidx.text.SystemCoreClockUpdate) refers to system_m251.o(.text.SystemCoreClockUpdate) for [Anonymous Symbol]
    system_m251.o(.text.SystemInit) refers to ap_startup_m251.o(RESET) for __Vectors
    system_m251.o(.ARM.exidx.text.SystemInit) refers to system_m251.o(.text.SystemInit) for [Anonymous Symbol]
    system_m251.o(.ARM.exidx.text.Uart0DefaultMPF) refers to system_m251.o(.text.Uart0DefaultMPF) for [Anonymous Symbol]
    ap_startup_m251.o(.ARM.exidx.text.Default_Handler) refers to ap_startup_m251.o(.text.Default_Handler) for [Anonymous Symbol]
    ap_startup_m251.o(.text.Reset_Handler) refers to ap_startup_m251.o(.text.Reset_Handler_PreInit) for Reset_Handler_PreInit
    ap_startup_m251.o(.text.Reset_Handler) refers to ap_startup_m251.o(.text.SYS_UnlockReg) for SYS_UnlockReg
    ap_startup_m251.o(.text.Reset_Handler) refers to system_m251.o(.text.SystemInit) for SystemInit
    ap_startup_m251.o(.text.Reset_Handler) refers to ap_startup_m251.o(.text.SYS_LockReg) for SYS_LockReg
    ap_startup_m251.o(.text.Reset_Handler) refers to entry.o(.ARM.Collect$$$$00000000) for __main
    ap_startup_m251.o(.ARM.exidx.text.Reset_Handler) refers to ap_startup_m251.o(.text.Reset_Handler) for [Anonymous Symbol]
    ap_startup_m251.o(.text.HardFault_Handler) refers to main.o(.text.ProcessHardFault) for ProcessHardFault
    ap_startup_m251.o(.ARM.exidx.text.HardFault_Handler) refers to ap_startup_m251.o(.text.HardFault_Handler) for [Anonymous Symbol]
    ap_startup_m251.o(.ARM.exidx.text.Reset_Handler_PreInit) refers to ap_startup_m251.o(.text.Reset_Handler_PreInit) for [Anonymous Symbol]
    ap_startup_m251.o(.ARM.exidx.text.SYS_UnlockReg) refers to ap_startup_m251.o(.text.SYS_UnlockReg) for [Anonymous Symbol]
    ap_startup_m251.o(.ARM.exidx.text.SYS_LockReg) refers to ap_startup_m251.o(.text.SYS_LockReg) for [Anonymous Symbol]
    ap_startup_m251.o(RESET) refers to ap_startup_m251.o(.text.Reset_Handler) for Reset_Handler
    ap_startup_m251.o(RESET) refers to ap_startup_m251.o(.text.Default_Handler) for NMI_Handler
    ap_startup_m251.o(RESET) refers to ap_startup_m251.o(.text.HardFault_Handler) for HardFault_Handler
    ap_startup_m251.o(RESET) refers to main.o(.text.SysTick_Handler) for SysTick_Handler
    ap_startup_m251.o(RESET) refers to main.o(.text.GPC_IRQHandler) for GPC_IRQHandler
    ap_startup_m251.o(RESET) refers to monitor_control.o(.text.I2C0_IRQHandler) for I2C0_IRQHandler
    ap_startup_m251.o(RESET) refers to i2c_control.o(.text.I2C1_IRQHandler) for I2C1_IRQHandler
    ap_startup_m251.o(RESET) refers to monitor_control.o(.text.USCI1_IRQHandler) for USCI1_IRQHandler
    main.o(.text.SYS_Init) refers to clk.o(.text.CLK_EnableXtalRC) for CLK_EnableXtalRC
    main.o(.text.SYS_Init) refers to clk.o(.text.CLK_WaitClockReady) for CLK_WaitClockReady
    main.o(.text.SYS_Init) refers to clk.o(.text.CLK_SetCoreClock) for CLK_SetCoreClock
    main.o(.text.SYS_Init) refers to system_m251.o(.text.SystemCoreClockUpdate) for SystemCoreClockUpdate
    main.o(.ARM.exidx.text.SYS_Init) refers to main.o(.text.SYS_Init) for [Anonymous Symbol]
    main.o(.text.SysTick_Initial) refers to main.o(.text.__NVIC_EnableIRQ) for __NVIC_EnableIRQ
    main.o(.text.SysTick_Initial) refers to main.o(.text.__NVIC_SetPriority) for __NVIC_SetPriority
    main.o(.ARM.exidx.text.SysTick_Initial) refers to main.o(.text.SysTick_Initial) for [Anonymous Symbol]
    main.o(.ARM.exidx.text.__NVIC_EnableIRQ) refers to main.o(.text.__NVIC_EnableIRQ) for [Anonymous Symbol]
[...]
    __arm_cp.15_3                            0x00000cbc   Number         4  clk.o(.text.CLK_SetCoreClock)
    [Anonymous Symbol]                       0x00000cc0   Section        0  clk.o(.text.CLK_SetHCLK)
    __arm_cp.14_1                            0x00000d1c   Number         4  clk.o(.text.CLK_SetHCLK)
    __arm_cp.14_2                            0x00000d20   Number         4  clk.o(.text.CLK_SetHCLK)
    __arm_cp.14_3                            0x00000d24   Number         4  clk.o(.text.CLK_SetHCLK)
    [Anonymous Symbol]                       0x00000d28   Section        0  clk.o(.text.CLK_WaitClockReady)
    __arm_cp.13_0                            0x00000d6c   Number         4  clk.o(.text.CLK_WaitClockReady)
    __arm_cp.13_1                            0x00000d70   Number         4  clk.o(.text.CLK_WaitClockReady)
    __arm_cp.13_2                            0x00000d74   Number         4  clk.o(.text.CLK_WaitClockReady)
    [Anonymous Symbol]                       0x00000d78   Section        0  main.o(.text.Config_Load)
    __arm_cp.11_1                            0x00000f0c   Number         4  main.o(.text.Config_Load)
    __arm_cp.11_2                            0x00000f10   Number         4  main.o(.text.Config_Load)
    __arm_cp.11_3                            0x00000f14   Number         4  main.o(.text.Config_Load)
    __arm_cp.11_4                            0x00000f18   Number         4  main.o(.text.Config_Load)
    __arm_cp.11_5                            0x00000f1c   Number         4  main.o(.text.Config_Load)
    __arm_cp.11_6                            0x00000f20   Number         4  main.o(.text.Config_Load)
    __arm_cp.11_7                            0x00000f24   Number         4  main.o(.text.Config_Load)
    [Anonymous Symbol]                       0x00000f28   Section        0  ap_startup_m251.o(.text.Default_Handler)
    [Anonymous Symbol]                       0x00000f2c   Section        0  main.o(.text.Event_Log_Handler)
    __arm_cp.17_0                            0x00000f8c   Number         4  main.o(.text.Event_Log_Handler)
    __arm_cp.17_1                            0x00000f90   Number         4  main.o(.text.Event_Log_Handler)
    __arm_cp.17_2                            0x00000f94   Number         4  main.o(.text.Event_Log_Handler)
    [Anonymous Symbol]                       0x00000f98   Section        0  eeprom_sim.o(.text.FMC_Enable)
    [Anonymous Symbol]                       0x00000fb0   Section        0  fmc.o(.text.FMC_Erase)
    [Anonymous Symbol]                       0x0000104c   Section        0  fmc.o(.text.FMC_Open)
    [Anonymous Symbol]                       0x00001058   Section        0  fmc.o(.text.FMC_Read)
    __arm_cp.5_5                             0x000010d0   Number         4  fmc.o(.text.FMC_Read)
    [Anonymous Symbol]                       0x000010d4   Section        0  fmc.o(.text.FMC_SetBootSource)
    __arm_cp.0_0                             0x000010f0   Number         4  fmc.o(.text.FMC_SetBootSource)
    FMC_SetVectorPageAddr                    0x000010f5   Thumb Code   104  main.o(.text.FMC_SetVectorPageAddr)
    [Anonymous Symbol]                       0x000010f4   Section        0  main.o(.text.FMC_SetVectorPageAddr)
    [Anonymous Symbol]                       0x0000115c   Section        0  fmc.o(.text.FMC_Write)
    __arm_cp.7_0                             0x000011e4   Number         4  fmc.o(.text.FMC_Write)
    __arm_cp.7_1                             0x000011e8   Number         4  fmc.o(.text.FMC_Write)
    __arm_cp.7_2                             0x000011ec   Number         4  fmc.o(.text.FMC_Write)
    __arm_cp.7_3                             0x000011f0   Number         4  fmc.o(.text.FMC_Write)
    __arm_cp.7_4                             0x000011f4   Number         4  fmc.o(.text.FMC_Write)
    __arm_cp.7_5                             0x000011f8   Number         4  fmc.o(.text.FMC_Write)
    __arm_cp.7_6                             0x000011fc   Number         4  fmc.o(.text.FMC_Write)
    [Anonymous Symbol]                       0x00001200   Section        0  main.o(.text.GPC_IRQHandler)
    __arm_cp.6_0                             0x0000121c   Number         4  main.o(.text.GPC_IRQHandler)
    __arm_cp.6_1                             0x00001220   Number         4  main.o(.text.GPC_IRQHandler)
    [Anonymous Symbol]                       0x00001224   Section        0  gpio.o(.text.GPIO_EnableInt)
    [Anonymous Symbol]                       0x00001254   Section        0  gpio.o(.text.GPIO_SetMode)
    [Anonymous Symbol]                       0x000012a0   Section        0  ap_startup_m251.o(.text.HardFault_Handler)
    [Anonymous Symbol]                       0x000012b8   Section        0  monitor_control.o(.text.I2C0_Error_Hanlder)
    __arm_cp.0_1                             0x00001328   Number         4  monitor_control.o(.text.I2C0_Error_Hanlder)
    __arm_cp.0_2                             0x0000132c   Number         4  monitor_control.o(.text.I2C0_Error_Hanlder)
    __arm_cp.0_3                             0x00001330   Number         4  monitor_control.o(.text.I2C0_Error_Hanlder)
    [Anonymous Symbol]                       0x00001334   Section        0  monitor_control.o(.text.I2C0_IRQHandler)
    __arm_cp.1_0                             0x00001394   Number         4  monitor_control.o(.text.I2C0_IRQHandler)
    __arm_cp.1_1                             0x00001398   Number         4  monitor_control.o(.text.I2C0_IRQHandler)
    __arm_cp.1_4                             0x0000139c   Number         4  monitor_control.o(.text.I2C0_IRQHandler)
    [Anonymous Symbol]                       0x000013a0   Section        0  monitor_control.o(.text.I2C0_Init)
    __arm_cp.2_0                             0x0000142c   Number         4  monitor_control.o(.text.I2C0_Init)
    __arm_cp.2_1                             0x00001430   Number         4  monitor_control.o(.text.I2C0_Init)
    __arm_cp.2_2                             0x00001434   Number         4  monitor_control.o(.text.I2C0_Init)
    __arm_cp.2_3                             0x00001438   Number         4  monitor_control.o(.text.I2C0_Init)
    __arm_cp.2_4                             0x0000143c   Number         4  monitor_control.o(.text.I2C0_Init)
    __arm_cp.2_5                             0x00001440   Number         4  monitor_control.o(.text.I2C0_Init)
    __arm_cp.2_6                             0x00001444   Number         4  monitor_control.o(.text.I2C0_Init)
    __arm_cp.2_7                             0x00001448   Number         4  monitor_control.o(.text.I2C0_Init)
    [Anonymous Symbol]                       0x0000144c   Section        0  monitor_control.o(.text.I2C0_MasterTRx)
    __arm_cp.3_0                             0x0000177c   Number         4  monitor_control.o(.text.I2C0_MasterTRx)
    __arm_cp.3_1                             0x00001780   Number         4  monitor_control.o(.text.I2C0_MasterTRx)
    __arm_cp.3_2                             0x00001784   Number         4  monitor_control.o(.text.I2C0_MasterTRx)
    __arm_cp.3_3                             0x00001788   Number         4  monitor_control.o(.text.I2C0_MasterTRx)
    __arm_cp.3_4                             0x0000178c   Number         4  monitor_control.o(.text.I2C0_MasterTRx)
    __arm_cp.3_5                             0x00001790   Number         4  monitor_control.o(.text.I2C0_MasterTRx)
    __arm_cp.3_6                             0x00001794   Number         4  monitor_control.o(.text.I2C0_MasterTRx)
    __arm_cp.3_7                             0x00001798   Number         4  monitor_control.o(.text.I2C0_MasterTRx)
    __arm_cp.3_8                             0x0000179c   Number         4  monitor_control.o(.text.I2C0_MasterTRx)
    [Anonymous Symbol]                       0x000017a0   Section        0  i2c_control.o(.text.I2C1_IRQHandler)
    __arm_cp.0_0                             0x000017f0   Number         4  i2c_control.o(.text.I2C1_IRQHandler)
    __arm_cp.0_1                             0x000017f4   Number         4  i2c_control.o(.text.I2C1_IRQHandler)
    [Anonymous Symbol]                       0x000017f8   Section        0  i2c_control.o(.text.I2C1_Init)
    __arm_cp.1_0                             0x0000186c   Number         4  i2c_control.o(.text.I2C1_Init)
    __arm_cp.1_1                             0x00001870   Number         4  i2c_control.o(.text.I2C1_Init)
    __arm_cp.1_2                             0x00001874   Number         4  i2c_control.o(.text.I2C1_Init)
    __arm_cp.1_4                             0x00001878   Number         4  i2c_control.o(.text.I2C1_Init)
    __arm_cp.1_5                             0x0000187c   Number         4  i2c_control.o(.text.I2C1_Init)
    __arm_cp.1_6                             0x00001880   Number         4  i2c_control.o(.text.I2C1_Init)
    [Anonymous Symbol]                       0x00001884   Section        0  i2c.o(.text.I2C_ClearTimeoutFlag)
    [Anonymous Symbol]                       0x00001898   Section        0  i2c.o(.text.I2C_Close)
    __arm_cp.1_0                             0x00001908   Number         4  i2c.o(.text.I2C_Close)
    __arm_cp.1_2                             0x0000190c   Number         4  i2c.o(.text.I2C_Close)
    [Anonymous Symbol]                       0x00001910   Section        0  i2c.o(.text.I2C_DisableTimeout)
    [Anonymous Symbol]                       0x00001922   Section        0  i2c.o(.text.I2C_EnableInt)
    [Anonymous Symbol]                       0x00001934   Section        0  i2c.o(.text.I2C_EnableTimeout)
    [Anonymous Symbol]                       0x00001968   Section        0  i2c.o(.text.I2C_Open)
    __arm_cp.0_0                             0x000019c4   Number         4  i2c.o(.text.I2C_Open)
    [Anonymous Symbol]                       0x000019c8   Section        0  i2c.o(.text.I2C_SetSlaveAddr)
    [Anonymous Symbol]                       0x00001a30   Section        0  i2c_control.o(.text.I2C_SlaveTRx)
    __arm_cp.2_0                             0x00001efc   Number         4  i2c_control.o(.text.I2C_SlaveTRx)
    __arm_cp.2_1                             0x00001f00   Number         4  i2c_control.o(.text.I2C_SlaveTRx)
    __arm_cp.2_2                             0x00001f04   Number         4  i2c_control.o(.text.I2C_SlaveTRx)
    __arm_cp.2_3                             0x00001f08   Number         4  i2c_control.o(.text.I2C_SlaveTRx)
    __arm_cp.2_4                             0x00001f0c   Number         4  i2c_control.o(.text.I2C_SlaveTRx)
    __arm_cp.2_5                             0x00001f10   Number         4  i2c_control.o(.text.I2C_SlaveTRx)
    __arm_cp.2_6                             0x00001f14   Number         4  i2c_control.o(.text.I2C_SlaveTRx)
    __arm_cp.2_7                             0x00001f18   Number         4  i2c_control.o(.text.I2C_SlaveTRx)
    __arm_cp.2_8                             0x00001f1c   Number         4  i2c_control.o(.text.I2C_SlaveTRx)
    __arm_cp.2_9                             0x00001f20   Number         4  i2c_control.o(.text.I2C_SlaveTRx)
    __arm_cp.2_10                            0x00001f24   Number         4  i2c_control.o(.text.I2C_SlaveTRx)
    __arm_cp.2_11                            0x00001f28   Number         4  i2c_control.o(.text.I2C_SlaveTRx)
    __arm_cp.2_12                            0x00001f2c   Number         4  i2c_control.o(.text.I2C_SlaveTRx)
    __arm_cp.2_13                            0x00001f30   Number         4  i2c_control.o(.text.I2C_SlaveTRx)
    __arm_cp.2_14                            0x00001f34   Number         4  i2c_control.o(.text.I2C_SlaveTRx)
    __arm_cp.2_15                            0x00001f38   Number         4  i2c_control.o(.text.I2C_SlaveTRx)
    __arm_cp.2_16                            0x00001f3c   Number         4  i2c_control.o(.text.I2C_SlaveTRx)
    __arm_cp.2_17                            0x00001f40   Number         4  i2c_control.o(.text.I2C_SlaveTRx)
    __arm_cp.2_18                            0x00001f44   Number         4  i2c_control.o(.text.I2C_SlaveTRx)
    __arm_cp.2_19                            0x00001f48   Number         4  i2c_control.o(.text.I2C_SlaveTRx)
    __arm_cp.2_20                            0x00001f4c   Number         4  i2c_control.o(.text.I2C_SlaveTRx)
    __arm_cp.2_21                            0x00001f50   Number         4  i2c_control.o(.text.I2C_SlaveTRx)
    __arm_cp.2_22                            0x00001f54   Number         4  i2c_control.o(.text.I2C_SlaveTRx)
    __arm_cp.2_23                            0x00001f58   Number         4  i2c_control.o(.text.I2C_SlaveTRx)
    __arm_cp.2_24                            0x00001f5c   Number         4  i2c_control.o(.text.I2C_SlaveTRx)
    __arm_cp.2_25                            0x00001f60   Number         4  i2c_control.o(.text.I2C_SlaveTRx)
    __arm_cp.2_26                            0x00001f64   Number         4  i2c_control.o(.text.I2C_SlaveTRx)
    [Anonymous Symbol]                       0x00001f68   Section        0  i2c.o(.text.I2C_WriteMultiBytes)
    __arm_cp.32_0                            0x00002184   Number         4  i2c.o(.text.I2C_WriteMultiBytes)
    __arm_cp.32_1                            0x00002188   Number         4  i2c.o(.text.I2C_WriteMultiBytes)
    [Anonymous Symbol]                       0x0000218c   Section        0  main.o(.text.ISP_Handler)
    __arm_cp.15_0                            0x000021cc   Number         4  main.o(.text.ISP_Handler)
    __arm_cp.15_1                            0x000021d0   Number         4  main.o(.text.ISP_Handler)
    __arm_cp.15_2                            0x000021d4   Number         4  main.o(.text.ISP_Handler)
    Init_App_Setting_U32                     0x000021d9   Thumb Code    66  main.o(.text.Init_App_Setting_U32)
    [Anonymous Symbol]                       0x000021d8   Section        0  main.o(.text.Init_App_Setting_U32)
    Init_App_Setting_U8                      0x0000221b   Thumb Code    60  main.o(.text.Init_App_Setting_U8)
    [Anonymous Symbol]                       0x0000221a   Section        0  main.o(.text.Init_App_Setting_U8)
    [Anonymous Symbol]                       0x00002258   Section        0  eeprom_sim.o(.text.Init_EEPROM)
    __arm_cp.2_0                             0x00002318   Number         4  eeprom_sim.o(.text.Init_EEPROM)
    __arm_cp.2_1                             0x0000231c   Number         4  eeprom_sim.o(.text.Init_EEPROM)
    __arm_cp.2_2                             0x00002320   Number         4  eeprom_sim.o(.text.Init_EEPROM)
    Manage_Next_Page                         0x00002325   Thumb Code   360  eeprom_sim.o(.text.Manage_Next_Page)
    [Anonymous Symbol]                       0x00002324   Section        0  eeprom_sim.o(.text.Manage_Next_Page)
    __arm_cp.6_0                             0x0000248c   Number         4  eeprom_sim.o(.text.Manage_Next_Page)
    [Anonymous Symbol]                       0x00002490   Section        0  main.o(.text.Peripherals_Init)
    __arm_cp.10_0                            0x00002528   Number         4  main.o(.text.Peripherals_Init)
    __arm_cp.10_2                            0x0000252c   Number         4  main.o(.text.Peripherals_Init)
    __arm_cp.10_3                            0x00002530   Number         4  main.o(.text.Peripherals_Init)
    __arm_cp.10_4                            0x00002534   Number         4  main.o(.text.Peripherals_Init)
    __arm_cp.10_5                            0x00002538   Number         4  main.o(.text.Peripherals_Init)
    [Anonymous Symbol]                       0x0000253c   Section        0  main.o(.text.ProcessHardFault)
    [Anonymous Symbol]                       0x00002554   Section        0  main.o(.text.Protection_Handler)
    __arm_cp.14_0                            0x0000272c   Number         4  main.o(.text.Protection_Handler)
    __arm_cp.14_1                            0x00002730   Number         4  main.o(.text.Protection_Handler)
    __arm_cp.14_2                            0x00002734   Number         4  main.o(.text.Protection_Handler)
    __arm_cp.14_3                            0x00002738   Number         4  main.o(.text.Protection_Handler)
    __arm_cp.14_4                            0x0000273c   Number         4  main.o(.text.Protection_Handler)
    __arm_cp.14_5                            0x00002740   Number         4  main.o(.text.Protection_Handler)
    __arm_cp.14_6                            0x00002744   Number         4  main.o(.text.Protection_Handler)
    __arm_cp.14_7                            0x00002748   Number         4  main.o(.text.Protection_Handler)
    __arm_cp.14_8                            0x0000274c   Number         4  main.o(.text.Protection_Handler)
    __arm_cp.14_9                            0x00002750   Number         4  main.o(.text.Protection_Handler)
    __arm_cp.14_10                           0x00002754   Number         4  main.o(.text.Protection_Handler)
    [Anonymous Symbol]                       0x00002758   Section        0  eeprom_sim.o(.text.Read_EEPROM)
    [Anonymous Symbol]                       0x000027b0   Section        0  monitor_control.o(.text.Read_Monitor_Data_0)
    __arm_cp.12_0                            0x00002830   Number         4  monitor_control.o(.text.Read_Monitor_Data_0)
    __arm_cp.12_1                            0x00002834   Number         4  monitor_control.o(.text.Read_Monitor_Data_0)
    __arm_cp.12_2                            0x00002838   Number         4  monitor_control.o(.text.Read_Monitor_Data_0)
    __arm_cp.12_3                            0x0000283c   Number         4  monitor_control.o(.text.Read_Monitor_Data_0)
    __arm_cp.12_4                            0x00002840   Number         4  monitor_control.o(.text.Read_Monitor_Data_0)
    __arm_cp.12_5                            0x00002844   Number         4  monitor_control.o(.text.Read_Monitor_Data_0)
    [Anonymous Symbol]                       0x00002848   Section        0  monitor_control.o(.text.Read_Monitor_Data_1)
    __arm_cp.13_0                            0x000028cc   Number         4  monitor_control.o(.text.Read_Monitor_Data_1)
    __arm_cp.13_1                            0x000028d0   Number         4  monitor_control.o(.text.Read_Monitor_Data_1)
    __arm_cp.13_2                            0x000028d4   Number         4  monitor_control.o(.text.Read_Monitor_Data_1)
    __arm_cp.13_3                            0x000028d8   Number         4  monitor_control.o(.text.Read_Monitor_Data_1)
    __arm_cp.13_4                            0x000028dc   Number         4  monitor_control.o(.text.Read_Monitor_Data_1)
    __arm_cp.13_5                            0x000028e0   Number         4  monitor_control.o(.text.Read_Monitor_Data_1)
    __arm_cp.13_6                            0x000028e4   Number         4  monitor_control.o(.text.Read_Monitor_Data_1)
    __arm_cp.13_7                            0x000028e8   Number         4  monitor_control.o(.text.Read_Monitor_Data_1)
    __arm_cp.13_8                            0x000028ec   Number         4  monitor_control.o(.text.Read_Monitor_Data_1)
    __arm_cp.13_9                            0x000028f0   Number         4  monitor_control.o(.text.Read_Monitor_Data_1)
    [Anonymous Symbol]                       0x000028f4   Section        0  ap_startup_m251.o(.text.Reset_Handler)
    __arm_cp.1_0                             0x00002930   Number         4  ap_startup_m251.o(.text.Reset_Handler)
    __arm_cp.1_1                             0x00002934   Number         4  ap_startup_m251.o(.text.Reset_Handler)
    __arm_cp.1_2                             0x00002938   Number         4  ap_startup_m251.o(.text.Reset_Handler)
    __arm_cp.1_3                             0x0000293c   Number         4  ap_startup_m251.o(.text.Reset_Handler)
    __arm_cp.1_4                             0x00002940   Number         4  ap_startup_m251.o(.text.Reset_Handler)
    __arm_cp.1_5                             0x00002944   Number         4  ap_startup_m251.o(.text.Reset_Handler)
    [Anonymous Symbol]                       0x00002948   Section        0  ap_startup_m251.o(.text.Reset_Handler_PreInit)
    [Anonymous Symbol]                       0x0000294c   Section        0  main.o(.text.SYS_Init)
    __arm_cp.0_0                             0x00002968   Number         4  main.o(.text.SYS_Init)
    SYS_IsRegLocked                          0x0000296d   Thumb Code    16  i2c.o(.text.SYS_IsRegLocked)
    [Anonymous Symbol]                       0x0000296c   Section        0  i2c.o(.text.SYS_IsRegLocked)
    SYS_LockReg                              0x0000297d   Thumb Code     8  ap_startup_m251.o(.text.SYS_LockReg)
    [Anonymous Symbol]                       0x0000297c   Section        0  ap_startup_m251.o(.text.SYS_LockReg)
    SYS_LockReg                              0x00002985   Thumb Code     8  main.o(.text.SYS_LockReg)
    [Anonymous Symbol]                       0x00002984   Section        0  main.o(.text.SYS_LockReg)
    SYS_LockReg                              0x0000298d   Thumb Code     8  i2c.o(.text.SYS_LockReg)
    [Anonymous Symbol]                       0x0000298c   Section        0  i2c.o(.text.SYS_LockReg)
    SYS_LockReg                              0x00002995   Thumb Code     8  i2c_control.o(.text.SYS_LockReg)
    [Anonymous Symbol]                       0x00002994   Section        0  i2c_control.o(.text.SYS_LockReg)
    SYS_LockReg                              0x0000299d   Thumb Code     8  monitor_control.o(.text.SYS_LockReg)
    [Anonymous Symbol]                       0x0000299c   Section        0  monitor_control.o(.text.SYS_LockReg)
    [Anonymous Symbol]                       0x000029a4   Section        0  sys.o(.text.SYS_ResetCPU)
    [Anonymous Symbol]                       0x000029b0   Section        0  sys.o(.text.SYS_ResetChip)
    __arm_cp.4_0                             0x000029bc   Number         4  sys.o(.text.SYS_ResetChip)
    SYS_UnlockReg                            0x000029c1   Thumb Code    32  ap_startup_m251.o(.text.SYS_UnlockReg)
    [Anonymous Symbol]                       0x000029c0   Section        0  ap_startup_m251.o(.text.SYS_UnlockReg)
    SYS_UnlockReg                            0x000029e1   Thumb Code    32  main.o(.text.SYS_UnlockReg)
    [Anonymous Symbol]                       0x000029e0   Section        0  main.o(.text.SYS_UnlockReg)
    SYS_UnlockReg                            0x00002a01   Thumb Code    32  i2c.o(.text.SYS_UnlockReg)
    [Anonymous Symbol]                       0x00002a00   Section        0  i2c.o(.text.SYS_UnlockReg)
    SYS_UnlockReg                            0x00002a21   Thumb Code    32  eeprom_sim.o(.text.SYS_UnlockReg)
    [Anonymous Symbol]                       0x00002a20   Section        0  eeprom_sim.o(.text.SYS_UnlockReg)
    SYS_UnlockReg                            0x00002a41   Thumb Code    32  i2c_control.o(.text.SYS_UnlockReg)
    [Anonymous Symbol]                       0x00002a40   Section        0  i2c_control.o(.text.SYS_UnlockReg)
    SYS_UnlockReg                            0x00002a61   Thumb Code    32  monitor_control.o(.text.SYS_UnlockReg)
    [Anonymous Symbol]                       0x00002a60   Section        0  monitor_control.o(.text.SYS_UnlockReg)
    __arm_cp.4_0                             0x00002a80   Number         4  monitor_control.o(.text.SYS_UnlockReg)
    [Anonymous Symbol]                       0x00002a84   Section        0  main.o(.text.Save_Log_Entry)
    __arm_cp.5_0                             0x00002b74   Number         4  main.o(.text.Save_Log_Entry)
    __arm_cp.5_1                             0x00002b78   Number         4  main.o(.text.Save_Log_Entry)
    __arm_cp.5_2                             0x00002b7c   Number         4  main.o(.text.Save_Log_Entry)
    __arm_cp.5_3                             0x00002b80   Number         4  main.o(.text.Save_Log_Entry)
    __arm_cp.5_4                             0x00002b84   Number         4  main.o(.text.Save_Log_Entry)
    Search_Valid_Page                        0x00002b89   Thumb Code   408  eeprom_sim.o(.text.Search_Valid_Page)
    [Anonymous Symbol]                       0x00002b88   Section        0  eeprom_sim.o(.text.Search_Valid_Page)
    __arm_cp.3_0                             0x00002d20   Number         4  eeprom_sim.o(.text.Search_Valid_Page)
    __arm_cp.3_1                             0x00002d24   Number         4  eeprom_sim.o(.text.Search_Valid_Page)
    [Anonymous Symbol]                       0x00002d28   Section        0  retarget.o(.text.SendChar)
    [Anonymous Symbol]                       0x00002d38   Section        0  retarget.o(.text.SendChar_ToUART)
    __arm_cp.3_0                             0x00002d78   Number         4  retarget.o(.text.SendChar_ToUART)
    __arm_cp.3_1                             0x00002d7c   Number         4  retarget.o(.text.SendChar_ToUART)
    [Anonymous Symbol]                       0x00002d80   Section        0  main.o(.text.SysTick_Handler)
    __arm_cp.4_1                             0x00002ec0   Number         4  main.o(.text.SysTick_Handler)
    __arm_cp.4_2                             0x00002ec4   Number         4  main.o(.text.SysTick_Handler)
    __arm_cp.4_3                             0x00002ec8   Number         4  main.o(.text.SysTick_Handler)
    __arm_cp.4_4                             0x00002ecc   Number         4  main.o(.text.SysTick_Handler)
    __arm_cp.4_5                             0x00002ed0   Number         4  main.o(.text.SysTick_Handler)
    __arm_cp.4_6                             0x00002ed4   Number         4  main.o(.text.SysTick_Handler)
    __arm_cp.4_7                             0x00002ed8   Number         4  main.o(.text.SysTick_Handler)
    __arm_cp.4_8                             0x00002edc   Number         4  main.o(.text.SysTick_Handler)
    __arm_cp.4_9                             0x00002ee0   Number         4  main.o(.text.SysTick_Handler)
    __arm_cp.4_10                            0x00002ee4   Number         4  main.o(.text.SysTick_Handler)
    [Anonymous Symbol]                       0x00002ee8   Section        0  main.o(.text.SysTick_Initial)
    __arm_cp.1_0                             0x00002f1c   Number         4  main.o(.text.SysTick_Initial)
    __arm_cp.1_1                             0x00002f20   Number         4  main.o(.text.SysTick_Initial)
    __arm_cp.1_2                             0x00002f24   Number         4  main.o(.text.SysTick_Initial)
    __arm_cp.1_3                             0x00002f28   Number         4  main.o(.text.SysTick_Initial)
    [Anonymous Symbol]                       0x00002f2c   Section        0  system_m251.o(.text.SystemCoreClockUpdate)
    __arm_cp.0_0                             0x00002f8c   Number         4  system_m251.o(.text.SystemCoreClockUpdate)
    __arm_cp.0_1                             0x00002f90   Number         4  system_m251.o(.text.SystemCoreClockUpdate)
    __arm_cp.0_2                             0x00002f94   Number         4  system_m251.o(.text.SystemCoreClockUpdate)
    __arm_cp.0_3                             0x00002f98   Number         4  system_m251.o(.text.SystemCoreClockUpdate)
    __arm_cp.0_4                             0x00002f9c   Number         4  system_m251.o(.text.SystemCoreClockUpdate)
    __arm_cp.0_5                             0x00002fa0   Number         4  system_m251.o(.text.SystemCoreClockUpdate)
    __arm_cp.0_6                             0x00002fa4   Number         4  system_m251.o(.text.SystemCoreClockUpdate)
    __arm_cp.0_7                             0x00002fa8   Number         4  system_m251.o(.text.SystemCoreClockUpdate)
    [Anonymous Symbol]                       0x00002fac   Section        0  system_m251.o(.text.SystemInit)
    __arm_cp.1_0                             0x00002fc4   Number         4  system_m251.o(.text.SystemInit)
    __arm_cp.1_1                             0x00002fc8   Number         4  system_m251.o(.text.SystemInit)
    __arm_cp.1_2                             0x00002fcc   Number         4  system_m251.o(.text.SystemInit)
    [Anonymous Symbol]                       0x00002fd0   Section        0  monitor_control.o(.text.UI2C1_Error_Hanlder)
    __arm_cp.8_0                             0x00003048   Number         4  monitor_control.o(.text.UI2C1_Error_Hanlder)
    __arm_cp.8_1                             0x0000304c   Number         4  monitor_control.o(.text.UI2C1_Error_Hanlder)
    __arm_cp.8_2                             0x00003050   Number         4  monitor_control.o(.text.UI2C1_Error_Hanlder)
    __arm_cp.8_3                             0x00003054   Number         4  monitor_control.o(.text.UI2C1_Error_Hanlder)
    [Anonymous Symbol]                       0x00003058   Section        0  monitor_control.o(.text.UI2C1_Init)
    __arm_cp.10_0                            0x000030cc   Number         4  monitor_control.o(.text.UI2C1_Init)
    __arm_cp.10_1                            0x000030d0   Number         4  monitor_control.o(.text.UI2C1_Init)
    __arm_cp.10_2                            0x000030d4   Number         4  monitor_control.o(.text.UI2C1_Init)
    __arm_cp.10_3                            0x000030d8   Number         4  monitor_control.o(.text.UI2C1_Init)
    __arm_cp.10_4                            0x000030dc   Number         4  monitor_control.o(.text.UI2C1_Init)
    __arm_cp.10_5                            0x000030e0   Number         4  monitor_control.o(.text.UI2C1_Init)
    __arm_cp.10_6                            0x000030e4   Number         4  monitor_control.o(.text.UI2C1_Init)
    __arm_cp.10_7                            0x000030e8   Number         4  monitor_control.o(.text.UI2C1_Init)
    [Anonymous Symbol]                       0x000030ec   Section        0  monitor_control.o(.text.UI2C1_MasterTRx)
    __arm_cp.11_1                            0x00003498   Number         4  monitor_control.o(.text.UI2C1_MasterTRx)
    __arm_cp.11_2                            0x0000349c   Number         4  monitor_control.o(.text.UI2C1_MasterTRx)
    __arm_cp.11_3                            0x000034a0   Number         4  monitor_control.o(.text.UI2C1_MasterTRx)
    __arm_cp.11_4                            0x000034a4   Number         4  monitor_control.o(.text.UI2C1_MasterTRx)
    __arm_cp.11_5                            0x000034a8   Number         4  monitor_control.o(.text.UI2C1_MasterTRx)
    __arm_cp.11_6                            0x000034ac   Number         4  monitor_control.o(.text.UI2C1_MasterTRx)
    __arm_cp.11_7                            0x000034b0   Number         4  monitor_control.o(.text.UI2C1_MasterTRx)
    __arm_cp.11_8                            0x000034b4   Number         4  monitor_control.o(.text.UI2C1_MasterTRx)
    [Anonymous Symbol]                       0x000034b8   Section        0  usci_i2c.o(.text.UI2C_ClearTimeoutFlag)
    [Anonymous Symbol]                       0x000034c6   Section        0  usci_i2c.o(.text.UI2C_Close)
    [Anonymous Symbol]                       0x000034d8   Section        0  usci_i2c.o(.text.UI2C_DisableTimeout)
    [Anonymous Symbol]                       0x000034f4   Section        0  usci_i2c.o(.text.UI2C_EnableTimeout)
    [Anonymous Symbol]                       0x00003520   Section        0  usci_i2c.o(.text.UI2C_Open)
    __arm_cp.0_0                             0x000035c8   Number         4  usci_i2c.o(.text.UI2C_Open)
    __arm_cp.0_1                             0x000035cc   Number         4  usci_i2c.o(.text.UI2C_Open)
    __arm_cp.0_2                             0x000035d0   Number         4  usci_i2c.o(.text.UI2C_Open)
    [Anonymous Symbol]                       0x000035d4   Section        0  usci_i2c.o(.text.UI2C_WriteMultiBytes)
    __arm_cp.19_0                            0x00003738   Number         4  usci_i2c.o(.text.UI2C_WriteMultiBytes)
    __arm_cp.19_1                            0x0000373c   Number         4  usci_i2c.o(.text.UI2C_WriteMultiBytes)
    [Anonymous Symbol]                       0x00003740   Section        0  monitor_control.o(.text.USCI1_IRQHandler)
    __arm_cp.9_0                             0x000037a0   Number         4  monitor_control.o(.text.USCI1_IRQHandler)
    __arm_cp.9_1                             0x000037a4   Number         4  monitor_control.o(.text.USCI1_IRQHandler)
    __arm_cp.9_2                             0x000037a8   Number         4  monitor_control.o(.text.USCI1_IRQHandler)
    __arm_cp.9_3                             0x000037ac   Number         4  monitor_control.o(.text.USCI1_IRQHandler)
    [Anonymous Symbol]                       0x000037b0   Section        0  eeprom_sim.o(.text.Write_Data)
    __arm_cp.5_0                             0x000038a8   Number         4  eeprom_sim.o(.text.Write_Data)
    [Anonymous Symbol]                       0x000038ac   Section        0  eeprom_sim.o(.text.Write_EEPROM)
    __NVIC_EnableIRQ                         0x00003915   Thumb Code    48  main.o(.text.__NVIC_EnableIRQ)
    [Anonymous Symbol]                       0x00003914   Section        0  main.o(.text.__NVIC_EnableIRQ)
    __NVIC_EnableIRQ                         0x00003945   Thumb Code    48  i2c_control.o(.text.__NVIC_EnableIRQ)
    [Anonymous Symbol]                       0x00003944   Section        0  i2c_control.o(.text.__NVIC_EnableIRQ)
    __NVIC_EnableIRQ                         0x00003975   Thumb Code    48  monitor_control.o(.text.__NVIC_EnableIRQ)
    [Anonymous Symbol]                       0x00003974   Section        0  monitor_control.o(.text.__NVIC_EnableIRQ)
    __arm_cp.5_0                             0x000039a4   Number         4  monitor_control.o(.text.__NVIC_EnableIRQ)
    __NVIC_SetPriority                       0x000039a9   Thumb Code   124  main.o(.text.__NVIC_SetPriority)
    [Anonymous Symbol]                       0x000039a8   Section        0  main.o(.text.__NVIC_SetPriority)
    __NVIC_SetPriority                       0x00003a25   Thumb Code   124  i2c_control.o(.text.__NVIC_SetPriority)
    [Anonymous Symbol]                       0x00003a24   Section        0  i2c_control.o(.text.__NVIC_SetPriority)
    __NVIC_SetPriority                       0x00003aa1   Thumb Code   124  monitor_control.o(.text.__NVIC_SetPriority)
    [Anonymous Symbol]                       0x00003aa0   Section        0  monitor_control.o(.text.__NVIC_SetPriority)
    __arm_cp.6_0                             0x00003b1c   Number         4  monitor_control.o(.text.__NVIC_SetPriority)
    __arm_cp.6_1                             0x00003b20   Number         4  monitor_control.o(.text.__NVIC_SetPriority)
    [Anonymous Symbol]                       0x00003b24   Section        0  retarget.o(.text.fputc)
    [Anonymous Symbol]                       0x00003b38   Section        0  main.o(.text.initial_eeprom_ram)
    __arm_cp.9_0                             0x00003b84   Number         4  main.o(.text.initial_eeprom_ram)
    [Anonymous Symbol]                       0x00003b88   Section        0  main.o(.text.main)
    __arm_cp.18_0                            0x00003c8c   Number         4  main.o(.text.main)
    __arm_cp.18_1                            0x00003c90   Number         4  main.o(.text.main)
    __arm_cp.18_2                            0x00003c94   Number         4  main.o(.text.main)
    __arm_cp.18_3                            0x00003c98   Number         4  main.o(.text.main)
    __arm_cp.18_4                            0x00003c9c   Number         4  main.o(.text.main)
    __arm_cp.18_5                            0x00003ca0   Number         4  main.o(.text.main)
    __arm_cp.18_6                            0x00003ca4   Number         4  main.o(.text.main)
    __arm_cp.18_7                            0x00003ca8   Number         4  main.o(.text.main)
    __arm_cp.18_8                            0x00003cac   Number         4  main.o(.text.main)
    __arm_cp.18_9                            0x00003cb0   Number         4  main.o(.text.main)
    __arm_cp.18_10                           0x00003cb4   Number         4  main.o(.text.main)
    __arm_cp.18_11                           0x00003cb8   Number         4  main.o(.text.main)
    __arm_cp.18_12                           0x00003cbc   Number         4  main.o(.text.main)
    i.__0printf                              0x00003cc0   Section        0  printfa.o(i.__0printf)
    i.__ARM_clz                              0x00003ce0   Section        0  depilogue.o(i.__ARM_clz)
    i.__scatterload_copy                     0x00003d0e   Section       14  handlers.o(i.__scatterload_copy)
    i.__scatterload_null                     0x00003d1c   Section        2  handlers.o(i.__scatterload_null)
    i.__scatterload_zeroinit                 0x00003d1e   Section       14  handlers.o(i.__scatterload_zeroinit)
    _fp_digits                               0x00003d2d   Thumb Code   344  printfa.o(i._fp_digits)
    i._fp_digits                             0x00003d2c   Section        0  printfa.o(i._fp_digits)
    _printf_core                             0x00003ea1   Thumb Code  1754  printfa.o(i._printf_core)
    i._printf_core                           0x00003ea0   Section        0  printfa.o(i._printf_core)
    _printf_post_padding                     0x0000458d   Thumb Code    32  printfa.o(i._printf_post_padding)
    i._printf_post_padding                   0x0000458c   Section        0  printfa.o(i._printf_post_padding)
    _printf_pre_padding                      0x000045ad   Thumb Code    44  printfa.o(i._printf_pre_padding)
    i._printf_pre_padding                    0x000045ac   Section        0  printfa.o(i._printf_pre_padding)
    [Anonymous Symbol]                       0x00004620   Section        0  eeprom_sim.o(.rodata.str1.1)
    .data                                    0x20000000   Section        4  stdout.o(.data)
    g_bLogSavedForLatch                      0x200002c8   Data           1  main.o(.bss.g_bLogSavedForLatch)
    [Anonymous Symbol]                       0x200002c8   Section        0  main.o(.bss.g_bLogSavedForLatch)
    g_system_state                           0x200002c9   Data           1  main.o(.bss.g_system_state)
    [Anonymous Symbol]                       0x200002c9   Section        0  main.o(.bss.g_system_state)
    g_u16McuRunTimeMillis                    0x200002ca   Data           2  main.o(.bss.g_u16McuRunTimeMillis)
    [Anonymous Symbol]                       0x200002ca   Section        0  main.o(.bss.g_u16McuRunTimeMillis)
    g_u8BuzzerPattern                        0x200002dc   Data           1  main.o(.bss.g_u8BuzzerPattern)
    [Anonymous Symbol]                       0x200002dc   Section        0  main.o(.bss.g_u8BuzzerPattern)
    g_u8HwWarningTriggered                   0x200002df   Data           1  main.o(.bss.g_u8HwWarningTriggered)
    [Anonymous Symbol]                       0x200002df   Section        0  main.o(.bss.g_u8HwWarningTriggered)
    g_u8ImbalanceDebounceCounter             0x200002e0   Data           1  main.o(.bss.g_u8ImbalanceDebounceCounter)
    [Anonymous Symbol]                       0x200002e0   Section        0  main.o(.bss.g_u8ImbalanceDebounceCounter)
    gs_BufferPool                            0x200002e5   Data         510  eeprom_sim.o(.bss.gs_BufferPool)
    [Anonymous Symbol]                       0x200002e5   Section        0  eeprom_sim.o(.bss.gs_BufferPool)
    gs_u8AllocatedCount                      0x200004e3   Data           1  eeprom_sim.o(.bss.gs_u8AllocatedCount)
    [Anonymous Symbol]                       0x200004e3   Section        0  eeprom_sim.o(.bss.gs_u8AllocatedCount)
    s_I2C0HandlerFn                          0x200004e4   Data           4  monitor_control.o(.bss.s_I2C0HandlerFn)
    [Anonymous Symbol]                       0x200004e4   Section        0  monitor_control.o(.bss.s_I2C0HandlerFn)
    s_I2C1HandlerFn                          0x200004e8   Data           4  i2c_control.o(.bss.s_I2C1HandlerFn)
    [Anonymous Symbol]                       0x200004e8   Section        0  i2c_control.o(.bss.s_I2C1HandlerFn)
    s_UI2C1HandlerFn                         0x200004ec   Data           4  monitor_control.o(.bss.s_UI2C1HandlerFn)
    [Anonymous Symbol]                       0x200004ec   Section        0  monitor_control.o(.bss.s_UI2C1HandlerFn)

    Global Symbols

    Symbol Name                              Value     Ov Type        Size  Object(Section)

    BuildAttributes$$THM_ISAv3M$S$8M$PE$A:L22$X:L11$S22$IEEE1$IW$USESV6$~STKCKD$USESV7$~SHL$OSPACE$ROPI$MICROLIB$REQ8$PRES8$EABIv2 0x00000000   Number         0  anon$$obj.o ABSOLUTE
    __Vectors                                0x00000000   Data         320  ap_startup_m251.o(RESET)
    __cpp_initialize__aeabi_                  - Undefined Weak Reference
    __cxa_finalize                            - Undefined Weak Reference
    __decompress                              - Undefined Weak Reference
    _clock_init                               - Undefined Weak Reference
    _microlib_exit                            - Undefined Weak Reference
    __main                                   0x00000141   Thumb Code     0  entry.o(.ARM.Collect$$$$00000000)
    _main_stk                                0x00000141   Thumb Code     0  entry4.o(.ARM.Collect$$$$00000003)
    _main_scatterload                        0x00000145   Thumb Code     0  entry5.o(.ARM.Collect$$$$00000004)
    __main_after_scatterload                 0x00000149   Thumb Code     0  entry5.o(.ARM.Collect$$$$00000004)
    _main_clock                              0x00000149   Thumb Code     0  entry7b.o(.ARM.Collect$$$$00000008)
    _main_cpp_init                           0x00000149   Thumb Code     0  entry8b.o(.ARM.Collect$$$$0000000A)
    _main_init                               0x00000149   Thumb Code     0  entry9a.o(.ARM.Collect$$$$0000000B)
    __rt_final_cpp                           0x00000151   Thumb Code     0  entry10a.o(.ARM.Collect$$$$0000000D)
    __rt_final_exit                          0x00000151   Thumb Code     0  entry11a.o(.ARM.Collect$$$$0000000F)
    __aeabi_memcpy                           0x00000155   Thumb Code    36  memcpya.o(.text)
    __aeabi_memcpy4                          0x00000155   Thumb Code     0  memcpya.o(.text)
    __aeabi_memcpy8                          0x00000155   Thumb Code     0  memcpya.o(.text)
    __aeabi_memset                           0x00000179   Thumb Code    14  memseta.o(.text)
    __aeabi_memset4                          0x00000179   Thumb Code     0  memseta.o(.text)
    __aeabi_memset8                          0x00000179   Thumb Code     0  memseta.o(.text)
    __aeabi_memclr                           0x00000187   Thumb Code     4  memseta.o(.text)
    __aeabi_memclr4                          0x00000187   Thumb Code     0  memseta.o(.text)
    __aeabi_memclr8                          0x00000187   Thumb Code     0  memseta.o(.text)
    _memset$wrapper                          0x0000018b   Thumb Code    18  memseta.o(.text)
    memcmp                                   0x0000019d   Thumb Code    26  memcmp.o(.text)
    __aeabi_uldivmod                         0x000001b7   Thumb Code    96  uldiv.o(.text)
    __I$use$fp                               0x00000217   Thumb Code     0  iusefp.o(.text)
    __aeabi_dadd                             0x00000219   Thumb Code   328  dadd.o(.text)
    __aeabi_dsub                             0x00000361   Thumb Code    12  dadd.o(.text)
    __aeabi_drsub                            0x0000036d   Thumb Code    12  dadd.o(.text)
    __aeabi_dmul                             0x0000037d   Thumb Code   202  dmul.o(.text)
    __aeabi_ddiv                             0x0000044d   Thumb Code   234  ddiv.o(.text)
    __aeabi_d2ulz                            0x0000053d   Thumb Code    54  dfixul.o(.text)
    __aeabi_cdrcmple                         0x0000057d   Thumb Code    38  cdrcmple.o(.text)
    __scatterload                            0x000005a5   Thumb Code    38  init.o(.text)
    __scatterload_rt2                        0x000005a5   Thumb Code     0  init.o(.text)
    __aeabi_uidiv$div0                       0x000005d5   Thumb Code     0  uidiv_div0.o(.text)
    __aeabi_uidivmod                         0x000005d5   Thumb Code    62  uidiv_div0.o(.text)
    __aeabi_llsl                             0x00000613   Thumb Code    32  llshl.o(.text)
    _ll_shift_l                              0x00000613   Thumb Code     0  llshl.o(.text)
    __aeabi_llsr                             0x00000633   Thumb Code    34  llushr.o(.text)
    _ll_ushift_r                             0x00000633   Thumb Code     0  llushr.o(.text)
    __aeabi_lasr                             0x00000655   Thumb Code    38  llsshr.o(.text)
    _ll_sshift_r                             0x00000655   Thumb Code     0  llsshr.o(.text)
    _double_round                            0x0000067b   Thumb Code    26  depilogue.o(.text)
    _double_epilogue                         0x00000695   Thumb Code   164  depilogue.o(.text)
    CLK_DisablePLL                           0x00000739   Thumb Code    16  clk.o(.text.CLK_DisablePLL)
    CLK_EnableModuleClock                    0x00000749   Thumb Code    48  clk.o(.text.CLK_EnableModuleClock)
    CLK_EnablePLL                            0x0000077d   Thumb Code   648  clk.o(.text.CLK_EnablePLL)
    CLK_EnableXtalRC                         0x00000a41   Thumb Code    20  clk.o(.text.CLK_EnableXtalRC)
    CLK_GetPCLK0Freq                         0x00000a59   Thumb Code   128  clk.o(.text.CLK_GetPCLK0Freq)
    CLK_GetPCLK1Freq                         0x00000ad9   Thumb Code   132  clk.o(.text.CLK_GetPCLK1Freq)
    CLK_GetPLLClockFreq                      0x00000b61   Thumb Code   160  clk.o(.text.CLK_GetPLLClockFreq)
    CLK_SetCoreClock                         0x00000c11   Thumb Code   160  clk.o(.text.CLK_SetCoreClock)
    CLK_SetHCLK                              0x00000cc1   Thumb Code    92  clk.o(.text.CLK_SetHCLK)
    CLK_WaitClockReady                       0x00000d29   Thumb Code    68  clk.o(.text.CLK_WaitClockReady)
    Config_Load                              0x00000d79   Thumb Code   404  main.o(.text.Config_Load)
    ACMP01_IRQHandler                        0x00000f29   Thumb Code     4  ap_startup_m251.o(.text.Default_Handler)
    BOD_IRQHandler                           0x00000f29   Thumb Code     4  ap_startup_m251.o(.text.Default_Handler)
    BPWM0_IRQHandler                         0x00000f29   Thumb Code     4  ap_startup_m251.o(.text.Default_Handler)
    BPWM1_IRQHandler                         0x00000f29   Thumb Code     4  ap_startup_m251.o(.text.Default_Handler)
    BRAKE0_IRQHandler                        0x00000f29   Thumb Code     4  ap_startup_m251.o(.text.Default_Handler)
    BRAKE1_IRQHandler                        0x00000f29   Thumb Code     4  ap_startup_m251.o(.text.Default_Handler)
    CLKFAIL_IRQHandler                       0x00000f29   Thumb Code     4  ap_startup_m251.o(.text.Default_Handler)
    CRPT_IRQHandler                          0x00000f29   Thumb Code     4  ap_startup_m251.o(.text.Default_Handler)
    DAC_IRQHandler                           0x00000f29   Thumb Code     4  ap_startup_m251.o(.text.Default_Handler)
    Default_Handler                          0x00000f29   Thumb Code     4  ap_startup_m251.o(.text.Default_Handler)
    EADC_INT0_IRQHandler                     0x00000f29   Thumb Code     4  ap_startup_m251.o(.text.Default_Handler)
    EADC_INT1_IRQHandler                     0x00000f29   Thumb Code     4  ap_startup_m251.o(.text.Default_Handler)
    EADC_INT2_IRQHandler                     0x00000f29   Thumb Code     4  ap_startup_m251.o(.text.Default_Handler)
    EADC_INT3_IRQHandler                     0x00000f29   Thumb Code     4  ap_startup_m251.o(.text.Default_Handler)
    EINT0_IRQHandler                         0x00000f29   Thumb Code     4  ap_startup_m251.o(.text.Default_Handler)
    EINT1_IRQHandler                         0x00000f29   Thumb Code     4  ap_startup_m251.o(.text.Default_Handler)
    EINT2_IRQHandler                         0x00000f29   Thumb Code     4  ap_startup_m251.o(.text.Default_Handler)
    EINT3_IRQHandler                         0x00000f29   Thumb Code     4  ap_startup_m251.o(.text.Default_Handler)
    EINT4_IRQHandler                         0x00000f29   Thumb Code     4  ap_startup_m251.o(.text.Default_Handler)
    EINT5_IRQHandler                         0x00000f29   Thumb Code     4  ap_startup_m251.o(.text.Default_Handler)
    GPA_IRQHandler                           0x00000f29   Thumb Code     4  ap_startup_m251.o(.text.Default_Handler)
    GPB_IRQHandler                           0x00000f29   Thumb Code     4  ap_startup_m251.o(.text.Default_Handler)
    GPD_IRQHandler                           0x00000f29   Thumb Code     4  ap_startup_m251.o(.text.Default_Handler)
    GPE_IRQHandler                           0x00000f29   Thumb Code     4  ap_startup_m251.o(.text.Default_Handler)
    GPF_IRQHandler                           0x00000f29   Thumb Code     4  ap_startup_m251.o(.text.Default_Handler)
    IRCTRIM_IRQHandler                       0x00000f29   Thumb Code     4  ap_startup_m251.o(.text.Default_Handler)
    LCD_IRQHandler                           0x00000f29   Thumb Code     4  ap_startup_m251.o(.text.Default_Handler)
    NMI_Handler                              0x00000f29   Thumb Code     4  ap_startup_m251.o(.text.Default_Handler)
    OPA_IRQHandler                           0x00000f29   Thumb Code     4  ap_startup_m251.o(.text.Default_Handler)
    PDMA_IRQHandler                          0x00000f29   Thumb Code     4  ap_startup_m251.o(.text.Default_Handler)
    PSIO_IRQHandler                          0x00000f29   Thumb Code     4  ap_startup_m251.o(.text.Default_Handler)
    PWM0_P0_IRQHandler                       0x00000f29   Thumb Code     4  ap_startup_m251.o(.text.Default_Handler)
    PWM0_P1_IRQHandler                       0x00000f29   Thumb Code     4  ap_startup_m251.o(.text.Default_Handler)
    PWM0_P2_IRQHandler                       0x00000f29   Thumb Code     4  ap_startup_m251.o(.text.Default_Handler)
    PWM1_P0_IRQHandler                       0x00000f29   Thumb Code     4  ap_startup_m251.o(.text.Default_Handler)
    PWM1_P1_IRQHandler                       0x00000f29   Thumb Code     4  ap_startup_m251.o(.text.Default_Handler)
    PWM1_P2_IRQHandler                       0x00000f29   Thumb Code     4  ap_startup_m251.o(.text.Default_Handler)
    PWRWU_IRQHandler                         0x00000f29   Thumb Code     4  ap_startup_m251.o(.text.Default_Handler)
    PendSV_Handler                           0x00000f29   Thumb Code     4  ap_startup_m251.o(.text.Default_Handler)
    QSPI0_IRQHandler                         0x00000f29   Thumb Code     4  ap_startup_m251.o(.text.Default_Handler)
    RTC_IRQHandler                           0x00000f29   Thumb Code     4  ap_startup_m251.o(.text.Default_Handler)
    SC0_IRQHandler                           0x00000f29   Thumb Code     4  ap_startup_m251.o(.text.Default_Handler)
    SPI0_IRQHandler                          0x00000f29   Thumb Code     4  ap_startup_m251.o(.text.Default_Handler)
    SPI1_IRQHandler                          0x00000f29   Thumb Code     4  ap_startup_m251.o(.text.Default_Handler)
    SVC_Handler                              0x00000f29   Thumb Code     4  ap_startup_m251.o(.text.Default_Handler)
    TAMPER_IRQHandler                        0x00000f29   Thumb Code     4  ap_startup_m251.o(.text.Default_Handler)
    TK_IRQHandler                            0x00000f29   Thumb Code     4  ap_startup_m251.o(.text.Default_Handler)
    TMR0_IRQHandler                          0x00000f29   Thumb Code     4  ap_startup_m251.o(.text.Default_Handler)
    TMR1_IRQHandler                          0x00000f29   Thumb Code     4  ap_startup_m251.o(.text.Default_Handler)
    TMR2_IRQHandler                          0x00000f29   Thumb Code     4  ap_startup_m251.o(.text.Default_Handler)
    TMR3_IRQHandler                          0x00000f29   Thumb Code     4  ap_startup_m251.o(.text.Default_Handler)
    UART0_IRQHandler                         0x00000f29   Thumb Code     4  ap_startup_m251.o(.text.Default_Handler)
    UART1_IRQHandler                         0x00000f29   Thumb Code     4  ap_startup_m251.o(.text.Default_Handler)
    UART2_IRQHandler                         0x00000f29   Thumb Code     4  ap_startup_m251.o(.text.Default_Handler)
    UART3_IRQHandler                         0x00000f29   Thumb Code     4  ap_startup_m251.o(.text.Default_Handler)
    USBD_IRQHandler                          0x00000f29   Thumb Code     4  ap_startup_m251.o(.text.Default_Handler)
    USCI0_IRQHandler                         0x00000f29   Thumb Code     4  ap_startup_m251.o(.text.Default_Handler)
    USCI2_IRQHandler                         0x00000f29   Thumb Code     4  ap_startup_m251.o(.text.Default_Handler)
    WDT_IRQHandler                           0x00000f29   Thumb Code     4  ap_startup_m251.o(.text.Default_Handler)
    WWDT_IRQHandler                          0x00000f29   Thumb Code     4  ap_startup_m251.o(.text.Default_Handler)
    Event_Log_Handler                        0x00000f2d   Thumb Code    96  main.o(.text.Event_Log_Handler)
    FMC_Enable                               0x00000f99   Thumb Code    24  eeprom_sim.o(.text.FMC_Enable)
    FMC_Erase                                0x00000fb1   Thumb Code   156  fmc.o(.text.FMC_Erase)
    FMC_Open                                 0x0000104d   Thumb Code    12  fmc.o(.text.FMC_Open)
    FMC_Read                                 0x00001059   Thumb Code   120  fmc.o(.text.FMC_Read)
    FMC_SetBootSource                        0x000010d5   Thumb Code    28  fmc.o(.text.FMC_SetBootSource)
    FMC_Write                                0x0000115d   Thumb Code   136  fmc.o(.text.FMC_Write)
    GPC_IRQHandler                           0x00001201   Thumb Code    28  main.o(.text.GPC_IRQHandler)
    GPIO_EnableInt                           0x00001225   Thumb Code    48  gpio.o(.text.GPIO_EnableInt)
    GPIO_SetMode                             0x00001255   Thumb Code    74  gpio.o(.text.GPIO_SetMode)
    HardFault_Handler                        0x000012a1   Thumb Code    18  ap_startup_m251.o(.text.HardFault_Handler)
    I2C0_Error_Hanlder                       0x000012b9   Thumb Code   112  monitor_control.o(.text.I2C0_Error_Hanlder)
    I2C0_IRQHandler                          0x00001335   Thumb Code    96  monitor_control.o(.text.I2C0_IRQHandler)
    I2C0_Init                                0x000013a1   Thumb Code   140  monitor_control.o(.text.I2C0_Init)
    I2C0_MasterTRx                           0x0000144d   Thumb Code   816  monitor_control.o(.text.I2C0_MasterTRx)
    I2C1_IRQHandler                          0x000017a1   Thumb Code    80  i2c_control.o(.text.I2C1_IRQHandler)
    I2C1_Init                                0x000017f9   Thumb Code   116  i2c_control.o(.text.I2C1_Init)
    I2C_ClearTimeoutFlag                     0x00001885   Thumb Code    18  i2c.o(.text.I2C_ClearTimeoutFlag)
    I2C_Close                                0x00001899   Thumb Code   112  i2c.o(.text.I2C_Close)
    I2C_DisableTimeout                       0x00001911   Thumb Code    18  i2c.o(.text.I2C_DisableTimeout)
    I2C_EnableInt                            0x00001923   Thumb Code    18  i2c.o(.text.I2C_EnableInt)
    I2C_EnableTimeout                        0x00001935   Thumb Code    52  i2c.o(.text.I2C_EnableTimeout)
    I2C_Open                                 0x00001969   Thumb Code    92  i2c.o(.text.I2C_Open)
    I2C_SetSlaveAddr                         0x000019c9   Thumb Code   102  i2c.o(.text.I2C_SetSlaveAddr)
    I2C_SlaveTRx                             0x00001a31   Thumb Code  1228  i2c_control.o(.text.I2C_SlaveTRx)
    I2C_WriteMultiBytes                      0x00001f69   Thumb Code   540  i2c.o(.text.I2C_WriteMultiBytes)
    ISP_Handler                              0x0000218d   Thumb Code    64  main.o(.text.ISP_Handler)
    Init_EEPROM                              0x00002259   Thumb Code   192  eeprom_sim.o(.text.Init_EEPROM)
    Peripherals_Init                         0x00002491   Thumb Code   152  main.o(.text.Peripherals_Init)
    ProcessHardFault                         0x0000253d   Thumb Code    22  main.o(.text.ProcessHardFault)
    Protection_Handler                       0x00002555   Thumb Code   472  main.o(.text.Protection_Handler)
    Read_EEPROM                              0x00002759   Thumb Code    86  eeprom_sim.o(.text.Read_EEPROM)
    Read_Monitor_Data_0                      0x000027b1   Thumb Code   128  monitor_control.o(.text.Read_Monitor_Data_0)
    Read_Monitor_Data_1                      0x00002849   Thumb Code   132  monitor_control.o(.text.Read_Monitor_Data_1)
    Reset_Handler                            0x000028f5   Thumb Code    60  ap_startup_m251.o(.text.Reset_Handler)
    Reset_Handler_PreInit                    0x00002949   Thumb Code     2  ap_startup_m251.o(.text.Reset_Handler_PreInit)
    SYS_Init                                 0x0000294d   Thumb Code    28  main.o(.text.SYS_Init)
    SYS_ResetCPU                             0x000029a5   Thumb Code    12  sys.o(.text.SYS_ResetCPU)
    SYS_ResetChip                            0x000029b1   Thumb Code    12  sys.o(.text.SYS_ResetChip)
    Save_Log_Entry                           0x00002a85   Thumb Code   240  main.o(.text.Save_Log_Entry)
    SendChar                                 0x00002d29   Thumb Code    16  retarget.o(.text.SendChar)
    SendChar_ToUART                          0x00002d39   Thumb Code    64  retarget.o(.text.SendChar_ToUART)
    SysTick_Handler                          0x00002d81   Thumb Code   320  main.o(.text.SysTick_Handler)
    SysTick_Initial                          0x00002ee9   Thumb Code    52  main.o(.text.SysTick_Initial)
    SystemCoreClockUpdate                    0x00002f2d   Thumb Code    96  system_m251.o(.text.SystemCoreClockUpdate)
    SystemInit                               0x00002fad   Thumb Code    24  system_m251.o(.text.SystemInit)
    UI2C1_Error_Hanlder                      0x00002fd1   Thumb Code   120  monitor_control.o(.text.UI2C1_Error_Hanlder)
    UI2C1_Init                               0x00003059   Thumb Code   116  monitor_control.o(.text.UI2C1_Init)
    UI2C1_MasterTRx                          0x000030ed   Thumb Code   940  monitor_control.o(.text.UI2C1_MasterTRx)
    UI2C_ClearTimeoutFlag                    0x000034b9   Thumb Code    14  usci_i2c.o(.text.UI2C_ClearTimeoutFlag)
    UI2C_Close                               0x000034c7   Thumb Code    18  usci_i2c.o(.text.UI2C_Close)
    UI2C_DisableTimeout                      0x000034d9   Thumb Code    28  usci_i2c.o(.text.UI2C_DisableTimeout)
    UI2C_EnableTimeout                       0x000034f5   Thumb Code    44  usci_i2c.o(.text.UI2C_EnableTimeout)
    UI2C_Open                                0x00003521   Thumb Code   168  usci_i2c.o(.text.UI2C_Open)
    UI2C_WriteMultiBytes                     0x000035d5   Thumb Code   356  usci_i2c.o(.text.UI2C_WriteMultiBytes)
    USCI1_IRQHandler                         0x00003741   Thumb Code    96  monitor_control.o(.text.USCI1_IRQHandler)
    Write_Data                               0x000037b1   Thumb Code   248  eeprom_sim.o(.text.Write_Data)
    Write_EEPROM                             0x000038ad   Thumb Code   104  eeprom_sim.o(.text.Write_EEPROM)
    fputc                                    0x00003b25   Thumb Code    20  retarget.o(.text.fputc)
    initial_eeprom_ram                       0x00003b39   Thumb Code    76  main.o(.text.initial_eeprom_ram)
    main                                     0x00003b89   Thumb Code   260  main.o(.text.main)
    __0printf                                0x00003cc1   Thumb Code    24  printfa.o(i.__0printf)
    __1printf                                0x00003cc1   Thumb Code     0  printfa.o(i.__0printf)
    __2printf                                0x00003cc1   Thumb Code     0  printfa.o(i.__0printf)
    __c89printf                              0x00003cc1   Thumb Code     0  printfa.o(i.__0printf)
    printf                                   0x00003cc1   Thumb Code     0  printfa.o(i.__0printf)
    __ARM_clz                                0x00003ce1   Thumb Code    46  depilogue.o(i.__ARM_clz)
    __scatterload_copy                       0x00003d0f   Thumb Code    14  handlers.o(i.__scatterload_copy)
    __scatterload_null                       0x00003d1d   Thumb Code     2  handlers.o(i.__scatterload_null)
    __scatterload_zeroinit                   0x00003d1f   Thumb Code    14  handlers.o(i.__scatterload_zeroinit)
    CH_Enalbe_Monitor_0                      0x000045d8   Data           3  monitor_control.o(.rodata.CH_Enalbe_Monitor_0)
    CH_Enalbe_Monitor_1                      0x000045db   Data           3  monitor_control.o(.rodata.CH_Enalbe_Monitor_1)
    CMD_ISP                                  0x000045de   Data           7  i2c_control.o(.rodata.CMD_ISP)
    Shunt_Ratio_Denomination_0               0x000045e6   Data           6  monitor_control.o(.rodata.Shunt_Ratio_Denomination_0)
    Shunt_Ratio_Denomination_1               0x000045ec   Data           6  monitor_control.o(.rodata.Shunt_Ratio_Denomination_1)
    Shunt_Ratio_Molecular_0                  0x000045f2   Data           6  monitor_control.o(.rodata.Shunt_Ratio_Molecular_0)
    Shunt_Ratio_Molecular_1                  0x000045f8   Data           6  monitor_control.o(.rodata.Shunt_Ratio_Molecular_1)
    gau32ClkSrcTbl                           0x00004600   Data          32  system_m251.o(.rodata.gau32ClkSrcTbl)
    Region$$Table$$Base                      0x0000464c   Number         0  anon$$obj.o(Region$$Table)
    Region$$Table$$Limit                     0x0000466c   Number         0  anon$$obj.o(Region$$Table)
    __stdout                                 0x20000000   Data           4  stdout.o(.data)
    CyclesPerUs                              0x20000004   Data           4  system_m251.o(.data.CyclesPerUs)
    PllClock                                 0x20000008   Data           4  system_m251.o(.data.PllClock)
    SystemCoreClock                          0x2000000c   Data           4  system_m251.o(.data.SystemCoreClock)
    g_u8GetEndFlag_0                         0x20000010   Data           1  monitor_control.o(.data.g_u8GetEndFlag_0)
    g_u8GetEndFlag_1                         0x20000011   Data           1  monitor_control.o(.data.g_u8GetEndFlag_1)
    TimeCounterMonitorUpdate                 0x20000014   Data           4  monitor_control.o(.bss.TimeCounterMonitorUpdate)
    au8MonitorData_0                         0x20000018   Data          12  monitor_control.o(.bss.au8MonitorData_0)
    au8MonitorData_1                         0x20000024   Data          12  monitor_control.o(.bss.au8MonitorData_1)
    au8SlvRxData                             0x20000030   Data         256  i2c_control.o(.bss.au8SlvRxData)
    eeprom_ram                               0x20000130   Data         256  i2c_control.o(.bss.eeprom_ram)
    eeprom_system                            0x20000230   Data          24  main.o(.bss.eeprom_system)
    eeprom_user                              0x20000248   Data          24  main.o(.bss.eeprom_user)
    g_AppConfig                              0x20000260   Data          16  main.o(.bss.g_AppConfig)
    g_CLK_i32ErrCode                         0x20000270   Data           4  clk.o(.bss.g_CLK_i32ErrCode)
    g_CalibData                              0x20000274   Data          24  main.o(.bss.g_CalibData)
    g_FMC_i32ErrCode                         0x2000028c   Data           4  fmc.o(.bss.g_FMC_i32ErrCode)
    g_I2C_i32ErrCode                         0x20000290   Data           4  i2c.o(.bss.g_I2C_i32ErrCode)
    g_UI2C_i32ErrCode                        0x20000294   Data           4  usci_i2c.o(.bss.g_UI2C_i32ErrCode)
    g_au8LotID                               0x20000298   Data          16  main.o(.bss.g_au8LotID)
    g_au8MFGDate                             0x200002a8   Data          16  main.o(.bss.g_au8MFGDate)
    g_au8SerialNumber                        0x200002b8   Data          16  main.o(.bss.g_au8SerialNumber)
    g_u16TempData_0                          0x200002cc   Data           4  monitor_control.o(.bss.g_u16TempData_0)
    g_u16TempData_1                          0x200002d0   Data           4  monitor_control.o(.bss.g_u16TempData_1)
    g_u32McuRunTimeSeconds                   0x200002d4   Data           4  main.o(.bss.g_u32McuRunTimeSeconds)
    g_u32WarningCountdownMs                  0x200002d8   Data           4  main.o(.bss.g_u32WarningCountdownMs)
    g_u8GetErrorFlag_0                       0x200002dd   Data           1  monitor_control.o(.bss.g_u8GetErrorFlag_0)
    g_u8GetErrorFlag_1                       0x200002de   Data           1  monitor_control.o(.bss.g_u8GetErrorFlag_1)
    g_u8Status_0                             0x200002e1   Data           1  monitor_control.o(.bss.g_u8Status_0)
    g_u8Status_1                             0x200002e2   Data           1  monitor_control.o(.bss.g_u8Status_1)
    g_u8TargetCH_0                           0x200002e3   Data           1  monitor_control.o(.bss.g_u8TargetCH_0)
    g_u8TargetCH_1                           0x200002e4   Data           1  monitor_control.o(.bss.g_u8TargetCH_1)
    u16SlvDataLen                            0x200004f0   Data           2  i2c_control.o(.bss.u16SlvDataLen)
    u8EVEN_INDEX_FLAG                        0x200004f2   Data           1  i2c_control.o(.bss.u8EVEN_INDEX_FLAG)
    u8MonitorFlag                            0x200004f3   Data           1  monitor_control.o(.bss.u8MonitorFlag)
    u8ReportEEPROMFlag                       0x200004f4   Data           1  i2c_control.o(.bss.u8ReportEEPROMFlag)
    u8RxPtr                                  0x200004f5   Data           1  i2c_control.o(.bss.u8RxPtr)
    u8UPCAFlag                               0x200004f6   Data           1  i2c_control.o(.bss.u8UPCAFlag)
    u8UPCDFlag                               0x200004f7   Data           1  i2c_control.o(.bss.u8UPCDFlag)
    u8UPDCFlag                               0x200004f8   Data           1  i2c_control.o(.bss.u8UPDCFlag)
    u8UPITFlag                               0x200004f9   Data           1  i2c_control.o(.bss.u8UPITFlag)
    u8UPLTFlag                               0x200004fa   Data           1  i2c_control.o(.bss.u8UPLTFlag)
    u8UPMFFlag                               0x200004fb   Data           1  i2c_control.o(.bss.u8UPMFFlag)
    u8UPSNFlag                               0x200004fc   Data           1  i2c_control.o(.bss.u8UPSNFlag)
    u8UpdateISPFlag                          0x200004fd   Data           1  i2c_control.o(.bss.u8UpdateISPFlag)
    Image$$ARM_LIB_STACK$$ZI$$Base           0x20001e00   Number         0  anon$$obj.o ABSOLUTE
    Image$$ARM_LIB_STACK$$ZI$$Limit          0x20002000   Number         0  anon$$obj.o ABSOLUTE



==============================================================================

Memory Map of the image

  Image Entry point : 0x000028f5

  Load Region LR_ROM (Base: 0x00000000, Size: 0x00004680, Max: 0x00008000, ABSOLUTE)

    Execution Region ER_ROM (Exec base: 0x00000000, Load base: 0x00000000, Size: 0x0000466c, Max: 0x00008000, ABSOLUTE)

    Exec Addr    Load Addr    Size         Type   Attr      Idx    E Section Name        Object

    0x00000000   0x00000000   0x00000140   Data   RO           33    RESET               ap_startup_m251.o
    0x00000140   0x00000140   0x00000000   Code   RO          682  * .ARM.Collect$$$$00000000  mc_p.l(entry.o)
    0x00000140   0x00000140   0x00000004   Code   RO          719    .ARM.Collect$$$$00000003  mc_p.l(entry4.o)
    0x00000144   0x00000144   0x00000004   Code   RO          722    .ARM.Collect$$$$00000004  mc_p.l(entry5.o)
    0x00000148   0x00000148   0x00000000   Code   RO          724    .ARM.Collect$$$$00000008  mc_p.l(entry7b.o)
    0x00000148   0x00000148   0x00000000   Code   RO          726    .ARM.Collect$$$$0000000A  mc_p.l(entry8b.o)
    0x00000148   0x00000148   0x00000008   Code   RO          727    .ARM.Collect$$$$0000000B  mc_p.l(entry9a.o)
    0x00000150   0x00000150   0x00000000   Code   RO          729    .ARM.Collect$$$$0000000D  mc_p.l(entry10a.o)
    0x00000150   0x00000150   0x00000000   Code   RO          731    .ARM.Collect$$$$0000000F  mc_p.l(entry11a.o)
    0x00000150   0x00000150   0x00000004   Code   RO          720    .ARM.Collect$$$$00002714  mc_p.l(entry4.o)
    0x00000154   0x00000154   0x00000024   Code   RO          683    .text               mc_p.l(memcpya.o)
    0x00000178   0x00000178   0x00000024   Code   RO          685    .text               mc_p.l(memseta.o)
    0x0000019c   0x0000019c   0x0000001a   Code   RO          687    .text               mc_p.l(memcmp.o)
    0x000001b6   0x000001b6   0x00000060   Code   RO          738    .text               mc_p.l(uldiv.o)
    0x00000216   0x00000216   0x00000000   Code   RO          740    .text               mc_p.l(iusefp.o)
    0x00000216   0x00000216   0x00000002   PAD
    0x00000218   0x00000218   0x00000164   Code   RO          741    .text               mf_p.l(dadd.o)
    0x0000037c   0x0000037c   0x000000d0   Code   RO          743    .text               mf_p.l(dmul.o)
    0x0000044c   0x0000044c   0x000000f0   Code   RO          745    .text               mf_p.l(ddiv.o)
    0x0000053c   0x0000053c   0x00000040   Code   RO          747    .text               mf_p.l(dfixul.o)
    0x0000057c   0x0000057c   0x00000028   Code   RO          749    .text               mf_p.l(cdrcmple.o)
    0x000005a4   0x000005a4   0x00000030   Code   RO          751    .text               mc_p.l(init.o)
    0x000005d4   0x000005d4   0x0000003e   Code   RO          755    .text               mc_p.l(uidiv_div0.o)
    0x00000612   0x00000612   0x00000020   Code   RO          761    .text               mc_p.l(llshl.o)
    0x00000632   0x00000632   0x00000022   Code   RO          763    .text               mc_p.l(llushr.o)
    0x00000654   0x00000654   0x00000026   Code   RO          765    .text               mc_p.l(llsshr.o)
    0x0000067a   0x0000067a   0x000000be   Code   RO          767    .text               mf_p.l(depilogue.o)
    0x00000738   0x00000738   0x00000010   Code   RO          126    .text.CLK_DisablePLL  clk.o
    0x00000748   0x00000748   0x00000034   Code   RO          144    .text.CLK_EnableModuleClock  clk.o
    0x0000077c   0x0000077c   0x000002c4   Code   RO          128    .text.CLK_EnablePLL  clk.o
    0x00000a40   0x00000a40   0x00000018   Code   RO          140    .text.CLK_EnableXtalRC  clk.o
    0x00000a58   0x00000a58   0x00000080   Code   RO          116    .text.CLK_GetPCLK0Freq  clk.o
    0x00000ad8   0x00000ad8   0x00000088   Code   RO          118    .text.CLK_GetPCLK1Freq  clk.o
    0x00000b60   0x00000b60   0x000000b0   Code   RO          124    .text.CLK_GetPLLClockFreq  clk.o
    0x00000c10   0x00000c10   0x000000b0   Code   RO          134    .text.CLK_SetCoreClock  clk.o
    0x00000cc0   0x00000cc0   0x00000068   Code   RO          132    .text.CLK_SetHCLK   clk.o
    0x00000d28   0x00000d28   0x00000050   Code   RO          130    .text.CLK_WaitClockReady  clk.o
    0x00000d78   0x00000d78   0x000001b0   Code   RO           63    .text.Config_Load   main.o
    0x00000f28   0x00000f28   0x00000004   Code   RO           21    .text.Default_Handler  ap_startup_m251.o
    0x00000f2c   0x00000f2c   0x0000006c   Code   RO           75    .text.Event_Log_Handler  main.o
    0x00000f98   0x00000f98   0x00000018   Code   RO          545    .text.FMC_Enable    eeprom_sim.o
    0x00000fb0   0x00000fb0   0x0000009c   Code   RO          278    .text.FMC_Erase     fmc.o
    0x0000104c   0x0000104c   0x0000000c   Code   RO          256    .text.FMC_Open      fmc.o
    0x00001058   0x00001058   0x0000007c   Code   RO          260    .text.FMC_Read      fmc.o
    0x000010d4   0x000010d4   0x00000020   Code   RO          250    .text.FMC_SetBootSource  fmc.o
    0x000010f4   0x000010f4   0x00000068   Code   RO           73    .text.FMC_SetVectorPageAddr  main.o
    0x0000115c   0x0000115c   0x000000a4   Code   RO          264    .text.FMC_Write     fmc.o
    0x00001200   0x00001200   0x00000024   Code   RO           53    .text.GPC_IRQHandler  main.o
    0x00001224   0x00001224   0x00000030   Code   RO          292    .text.GPIO_EnableInt  gpio.o
    0x00001254   0x00001254   0x0000004a   Code   RO          290    .text.GPIO_SetMode  gpio.o
    0x0000129e   0x0000129e   0x00000002   PAD
    0x000012a0   0x000012a0   0x00000018   Code   RO           25    .text.HardFault_Handler  ap_startup_m251.o
    0x000012b8   0x000012b8   0x0000007c   Code   RO          626    .text.I2C0_Error_Hanlder  monitor_control.o
    0x00001334   0x00001334   0x0000006c   Code   RO          628    .text.I2C0_IRQHandler  monitor_control.o
    0x000013a0   0x000013a0   0x000000ac   Code   RO          630    .text.I2C0_Init     monitor_control.o
    0x0000144c   0x0000144c   0x00000354   Code   RO          632    .text.I2C0_MasterTRx  monitor_control.o
    0x000017a0   0x000017a0   0x00000058   Code   RO          575    .text.I2C1_IRQHandler  i2c_control.o
    0x000017f8   0x000017f8   0x0000008c   Code   RO          577    .text.I2C1_Init     i2c_control.o
    0x00001884   0x00001884   0x00000012   Code   RO          353    .text.I2C_ClearTimeoutFlag  i2c.o
    0x00001896   0x00001896   0x00000002   PAD
    0x00001898   0x00001898   0x00000078   Code   RO          345    .text.I2C_Close     i2c.o
    0x00001910   0x00001910   0x00000012   Code   RO          379    .text.I2C_DisableTimeout  i2c.o
    0x00001922   0x00001922   0x00000012   Code   RO          359    .text.I2C_EnableInt  i2c.o
    0x00001934   0x00001934   0x00000034   Code   RO          377    .text.I2C_EnableTimeout  i2c.o
    0x00001968   0x00001968   0x00000060   Code   RO          343    .text.I2C_Open      i2c.o
    0x000019c8   0x000019c8   0x00000066   Code   RO          373    .text.I2C_SetSlaveAddr  i2c.o
    0x00001a2e   0x00001a2e   0x00000002   PAD
    0x00001a30   0x00001a30   0x00000538   Code   RO          579    .text.I2C_SlaveTRx  i2c_control.o
    0x00001f68   0x00001f68   0x00000224   Code   RO          407    .text.I2C_WriteMultiBytes  i2c.o
    0x0000218c   0x0000218c   0x0000004c   Code   RO           71    .text.ISP_Handler   main.o
    0x000021d8   0x000021d8   0x00000042   Code   RO           65    .text.Init_App_Setting_U32  main.o
    0x0000221a   0x0000221a   0x0000003c   Code   RO           67    .text.Init_App_Setting_U8  main.o
    0x00002256   0x00002256   0x00000002   PAD
    0x00002258   0x00002258   0x000000cc   Code   RO          549    .text.Init_EEPROM   eeprom_sim.o
    0x00002324   0x00002324   0x0000016c   Code   RO          557    .text.Manage_Next_Page  eeprom_sim.o
    0x00002490   0x00002490   0x000000ac   Code   RO           61    .text.Peripherals_Init  main.o
    0x0000253c   0x0000253c   0x00000016   Code   RO           55    .text.ProcessHardFault  main.o
    0x00002552   0x00002552   0x00000002   PAD
    0x00002554   0x00002554   0x00000204   Code   RO           69    .text.Protection_Handler  main.o
    0x00002758   0x00002758   0x00000056   Code   RO          561    .text.Read_EEPROM   eeprom_sim.o
    0x000027ae   0x000027ae   0x00000002   PAD
    0x000027b0   0x000027b0   0x00000098   Code   RO          650    .text.Read_Monitor_Data_0  monitor_control.o
    0x00002848   0x00002848   0x000000ac   Code   RO          652    .text.Read_Monitor_Data_1  monitor_control.o
    0x000028f4   0x000028f4   0x00000054   Code   RO           23  * .text.Reset_Handler  ap_startup_m251.o
    0x00002948   0x00002948   0x00000002   Code   RO           27    .text.Reset_Handler_PreInit  ap_startup_m251.o
    0x0000294a   0x0000294a   0x00000002   PAD
    0x0000294c   0x0000294c   0x00000020   Code   RO           41    .text.SYS_Init      main.o
    0x0000296c   0x0000296c   0x00000010   Code   RO          347    .text.SYS_IsRegLocked  i2c.o
    0x0000297c   0x0000297c   0x00000008   Code   RO           31    .text.SYS_LockReg   ap_startup_m251.o
    0x00002984   0x00002984   0x00000008   Code   RO           79    .text.SYS_LockReg   main.o
    0x0000298c   0x0000298c   0x00000008   Code   RO          351    .text.SYS_LockReg   i2c.o
    0x00002994   0x00002994   0x00000008   Code   RO          587    .text.SYS_LockReg   i2c_control.o
    0x0000299c   0x0000299c   0x00000008   Code   RO          640    .text.SYS_LockReg   monitor_control.o
    0x000029a4   0x000029a4   0x0000000c   Code   RO          233    .text.SYS_ResetCPU  sys.o
    0x000029b0   0x000029b0   0x00000010   Code   RO          231    .text.SYS_ResetChip  sys.o
    0x000029c0   0x000029c0   0x00000020   Code   RO           29    .text.SYS_UnlockReg  ap_startup_m251.o
    0x000029e0   0x000029e0   0x00000020   Code   RO           57    .text.SYS_UnlockReg  main.o
    0x00002a00   0x00002a00   0x00000020   Code   RO          349    .text.SYS_UnlockReg  i2c.o
    0x00002a20   0x00002a20   0x00000020   Code   RO          547    .text.SYS_UnlockReg  eeprom_sim.o
    0x00002a40   0x00002a40   0x00000020   Code   RO          581    .text.SYS_UnlockReg  i2c_control.o
    0x00002a60   0x00002a60   0x00000024   Code   RO          634    .text.SYS_UnlockReg  monitor_control.o
    0x00002a84   0x00002a84   0x00000104   Code   RO           51    .text.Save_Log_Entry  main.o
    0x00002b88   0x00002b88   0x000001a0   Code   RO          551    .text.Search_Valid_Page  eeprom_sim.o
    0x00002d28   0x00002d28   0x00000010   Code   RO          198    .text.SendChar      retarget.o
    0x00002d38   0x00002d38   0x00000048   Code   RO          196    .text.SendChar_ToUART  retarget.o
    0x00002d80   0x00002d80   0x00000168   Code   RO           49    .text.SysTick_Handler  main.o
    0x00002ee8   0x00002ee8   0x00000044   Code   RO           43    .text.SysTick_Initial  main.o
    0x00002f2c   0x00002f2c   0x00000080   Code   RO            4    .text.SystemCoreClockUpdate  system_m251.o
    0x00002fac   0x00002fac   0x00000024   Code   RO            6    .text.SystemInit    system_m251.o
    0x00002fd0   0x00002fd0   0x00000088   Code   RO          642    .text.UI2C1_Error_Hanlder  monitor_control.o
    0x00003058   0x00003058   0x00000094   Code   RO          646    .text.UI2C1_Init    monitor_control.o
    0x000030ec   0x000030ec   0x000003cc   Code   RO          648    .text.UI2C1_MasterTRx  monitor_control.o
    0x000034b8   0x000034b8   0x0000000e   Code   RO          441    .text.UI2C_ClearTimeoutFlag  usci_i2c.o
    0x000034c6   0x000034c6   0x00000012   Code   RO          439    .text.UI2C_Close    usci_i2c.o
    0x000034d8   0x000034d8   0x0000001c   Code   RO          467    .text.UI2C_DisableTimeout  usci_i2c.o
    0x000034f4   0x000034f4   0x0000002c   Code   RO          465    .text.UI2C_EnableTimeout  usci_i2c.o
    0x00003520   0x00003520   0x000000b4   Code   RO          437    .text.UI2C_Open     usci_i2c.o
    0x000035d4   0x000035d4   0x0000016c   Code   RO          475    .text.UI2C_WriteMultiBytes  usci_i2c.o
    0x00003740   0x00003740   0x00000070   Code   RO          644    .text.USCI1_IRQHandler  monitor_control.o
    0x000037b0   0x000037b0   0x000000fc   Code   RO          555    .text.Write_Data    eeprom_sim.o
    0x000038ac   0x000038ac   0x00000068   Code   RO          563    .text.Write_EEPROM  eeprom_sim.o
    0x00003914   0x00003914   0x00000030   Code   RO           45    .text.__NVIC_EnableIRQ  main.o
    0x00003944   0x00003944   0x00000030   Code   RO          583    .text.__NVIC_EnableIRQ  i2c_control.o
    0x00003974   0x00003974   0x00000034   Code   RO          636    .text.__NVIC_EnableIRQ  monitor_control.o
    0x000039a8   0x000039a8   0x0000007c   Code   RO           47    .text.__NVIC_SetPriority  main.o
    0x00003a24   0x00003a24   0x0000007c   Code   RO          585    .text.__NVIC_SetPriority  i2c_control.o
    0x00003aa0   0x00003aa0   0x00000084   Code   RO          638    .text.__NVIC_SetPriority  monitor_control.o
    0x00003b24   0x00003b24   0x00000014   Code   RO          208    .text.fputc         retarget.o
    0x00003b38   0x00003b38   0x00000050   Code   RO           59    .text.initial_eeprom_ram  main.o
    0x00003b88   0x00003b88   0x00000138   Code   RO           77    .text.main          main.o
    0x00003cc0   0x00003cc0   0x00000020   Code   RO          692    i.__0printf         mc_p.l(printfa.o)
    0x00003ce0   0x00003ce0   0x0000002e   Code   RO          770    i.__ARM_clz         mf_p.l(depilogue.o)
    0x00003d0e   0x00003d0e   0x0000000e   Code   RO          774    i.__scatterload_copy  mc_p.l(handlers.o)
    0x00003d1c   0x00003d1c   0x00000002   Code   RO          775    i.__scatterload_null  mc_p.l(handlers.o)
    0x00003d1e   0x00003d1e   0x0000000e   Code   RO          776    i.__scatterload_zeroinit  mc_p.l(handlers.o)
    0x00003d2c   0x00003d2c   0x00000174   Code   RO          699    i._fp_digits        mc_p.l(printfa.o)
    0x00003ea0   0x00003ea0   0x000006ec   Code   RO          700    i._printf_core      mc_p.l(printfa.o)
    0x0000458c   0x0000458c   0x00000020   Code   RO          701    i._printf_post_padding  mc_p.l(printfa.o)
    0x000045ac   0x000045ac   0x0000002c   Code   RO          702    i._printf_pre_padding  mc_p.l(printfa.o)
    0x000045d8   0x000045d8   0x00000003   Data   RO          654    .rodata.CH_Enalbe_Monitor_0  monitor_control.o
    0x000045db   0x000045db   0x00000003   Data   RO          663    .rodata.CH_Enalbe_Monitor_1  monitor_control.o
    0x000045de   0x000045de   0x00000007   Data   RO          606    .rodata.CMD_ISP     i2c_control.o
    0x000045e5   0x000045e5   0x00000001   PAD
    0x000045e6   0x000045e6   0x00000006   Data   RO          660    .rodata.Shunt_Ratio_Denomination_0  monitor_control.o
    0x000045ec   0x000045ec   0x00000006   Data   RO          662    .rodata.Shunt_Ratio_Denomination_1  monitor_control.o
    0x000045f2   0x000045f2   0x00000006   Data   RO          659    .rodata.Shunt_Ratio_Molecular_0  monitor_control.o
    0x000045f8   0x000045f8   0x00000006   Data   RO          661    .rodata.Shunt_Ratio_Molecular_1  monitor_control.o
    0x000045fe   0x000045fe   0x00000002   PAD
    0x00004600   0x00004600   0x00000020   Data   RO           13    .rodata.gau32ClkSrcTbl  system_m251.o
    0x00004620   0x00004620   0x0000002b   Data   RO          566    .rodata.str1.1      eeprom_sim.o
    0x0000464b   0x0000464b   0x00000001   PAD
    0x0000464c   0x0000464c   0x00000020   Data   RO          773    Region$$Table       anon$$obj.o


    Execution Region RW_RAM (Exec base: 0x20000000, Load base: 0x0000466c, Size: 0x00000500, Max: 0x00001c00, ABSOLUTE)

    Exec Addr    Load Addr    Size         Type   Attr      Idx    E Section Name        Object

    0x20000000   0x0000466c   0x00000004   Data   RW          733    .data               mc_p.l(stdout.o)
    0x20000004   0x00004670   0x00000004   Data   RW           11    .data.CyclesPerUs   system_m251.o
    0x20000008   0x00004674   0x00000004   Data   RW           12    .data.PllClock      system_m251.o
    0x2000000c   0x00004678   0x00000004   Data   RW           10    .data.SystemCoreClock  system_m251.o
    0x20000010   0x0000467c   0x00000001   Data   RW          656    .data.g_u8GetEndFlag_0  monitor_control.o
    0x20000011   0x0000467d   0x00000001   Data   RW          665    .data.g_u8GetEndFlag_1  monitor_control.o
    0x20000012   0x0000467e   0x00000002   PAD
    0x20000014        -       0x00000004   Zero   RW          674    .bss.TimeCounterMonitorUpdate  monitor_control.o
    0x20000018        -       0x0000000c   Zero   RW          668    .bss.au8MonitorData_0  monitor_control.o
    0x20000024        -       0x0000000c   Zero   RW          671    .bss.au8MonitorData_1  monitor_control.o
    0x20000030        -       0x00000100   Zero   RW          617    .bss.au8SlvRxData   i2c_control.o
    0x20000130        -       0x00000100   Zero   RW          604    .bss.eeprom_ram     i2c_control.o
    0x20000230        -       0x00000018   Zero   RW           90    .bss.eeprom_system  main.o
    0x20000248        -       0x00000018   Zero   RW           91    .bss.eeprom_user    main.o
    0x20000260        -       0x00000010   Zero   RW           89    .bss.g_AppConfig    main.o
    0x20000270        -       0x00000004   Zero   RW          178    .bss.g_CLK_i32ErrCode  clk.o
    0x20000274        -       0x00000018   Zero   RW           93    .bss.g_CalibData    main.o
    0x2000028c        -       0x00000004   Zero   RW          282    .bss.g_FMC_i32ErrCode  fmc.o
    0x20000290        -       0x00000004   Zero   RW          429    .bss.g_I2C_i32ErrCode  i2c.o
    0x20000294        -       0x00000004   Zero   RW          497    .bss.g_UI2C_i32ErrCode  usci_i2c.o
    0x20000298        -       0x00000010   Zero   RW           84    .bss.g_au8LotID     main.o
    0x200002a8        -       0x00000010   Zero   RW           85    .bss.g_au8MFGDate   main.o
    0x200002b8        -       0x00000010   Zero   RW           83    .bss.g_au8SerialNumber  main.o
    0x200002c8        -       0x00000001   Zero   RW           95    .bss.g_bLogSavedForLatch  main.o
    0x200002c9        -       0x00000001   Zero   RW           87    .bss.g_system_state  main.o
    0x200002ca        -       0x00000002   Zero   RW           88    .bss.g_u16McuRunTimeMillis  main.o
    0x200002cc        -       0x00000004   Zero   RW          670    .bss.g_u16TempData_0  monitor_control.o
    0x200002d0        -       0x00000004   Zero   RW          673    .bss.g_u16TempData_1  monitor_control.o
    0x200002d4        -       0x00000004   Zero   RW           82    .bss.g_u32McuRunTimeSeconds  main.o
    0x200002d8        -       0x00000004   Zero   RW           81    .bss.g_u32WarningCountdownMs  main.o
    0x200002dc        -       0x00000001   Zero   RW           86    .bss.g_u8BuzzerPattern  main.o
    0x200002dd        -       0x00000001   Zero   RW          657    .bss.g_u8GetErrorFlag_0  monitor_control.o
    0x200002de        -       0x00000001   Zero   RW          666    .bss.g_u8GetErrorFlag_1  monitor_control.o
    0x200002df        -       0x00000001   Zero   RW           92    .bss.g_u8HwWarningTriggered  main.o
    0x200002e0        -       0x00000001   Zero   RW           94    .bss.g_u8ImbalanceDebounceCounter  main.o
    0x200002e1        -       0x00000001   Zero   RW          658    .bss.g_u8Status_0   monitor_control.o
    0x200002e2        -       0x00000001   Zero   RW          667    .bss.g_u8Status_1   monitor_control.o
    0x200002e3        -       0x00000001   Zero   RW          655    .bss.g_u8TargetCH_0  monitor_control.o
    0x200002e4        -       0x00000001   Zero   RW          664    .bss.g_u8TargetCH_1  monitor_control.o
    0x200002e5        -       0x000001fe   Zero   RW          567    .bss.gs_BufferPool  eeprom_sim.o
    0x200004e3        -       0x00000001   Zero   RW          565    .bss.gs_u8AllocatedCount  eeprom_sim.o
    0x200004e4        -       0x00000004   Zero   RW          669    .bss.s_I2C0HandlerFn  monitor_control.o
    0x200004e8        -       0x00000004   Zero   RW          615    .bss.s_I2C1HandlerFn  i2c_control.o
    0x200004ec        -       0x00000004   Zero   RW          672    .bss.s_UI2C1HandlerFn  monitor_control.o
    0x200004f0        -       0x00000002   Zero   RW          616    .bss.u16SlvDataLen  i2c_control.o
    0x200004f2        -       0x00000001   Zero   RW          605    .bss.u8EVEN_INDEX_FLAG  i2c_control.o
    0x200004f3        -       0x00000001   Zero   RW          675    .bss.u8MonitorFlag  monitor_control.o
    0x200004f4        -       0x00000001   Zero   RW          590    .bss.u8ReportEEPROMFlag  i2c_control.o
    0x200004f5        -       0x00000001   Zero   RW          589    .bss.u8RxPtr        i2c_control.o
    0x200004f6        -       0x00000001   Zero   RW          599    .bss.u8UPCAFlag     i2c_control.o
    0x200004f7        -       0x00000001   Zero   RW          597    .bss.u8UPCDFlag     i2c_control.o
    0x200004f8        -       0x00000001   Zero   RW          598    .bss.u8UPDCFlag     i2c_control.o
    0x200004f9        -       0x00000001   Zero   RW          596    .bss.u8UPITFlag     i2c_control.o
    0x200004fa        -       0x00000001   Zero   RW          601    .bss.u8UPLTFlag     i2c_control.o
    0x200004fb        -       0x00000001   Zero   RW          600    .bss.u8UPMFFlag     i2c_control.o
    0x200004fc        -       0x00000001   Zero   RW          602    .bss.u8UPSNFlag     i2c_control.o
    0x200004fd        -       0x00000001   Zero   RW          595    .bss.u8UpdateISPFlag  i2c_control.o


    Execution Region ARM_LIB_HEAP (Exec base: 0x20000500, Load base: 0x00004680, Size: 0x00000200, Max: 0x00000200, ABSOLUTE)

    Exec Addr    Load Addr    Size         Type   Attr      Idx    E Section Name        Object

    0x20000500        -       0x00000200   Zero   RW            1    ARM_LIB_HEAP.bss    anon$$obj.o


    Execution Region ARM_LIB_STACK (Exec base: 0x20001e00, Load base: 0x00004680, Size: 0x00000200, Max: 0x00000200, ABSOLUTE)

    Exec Addr    Load Addr    Size         Type   Attr      Idx    E Section Name        Object

    0x20001e00        -       0x00000200   Zero   RW            2    ARM_LIB_STACK.bss   anon$$obj.o


==============================================================================

Image component sizes


      Code (inc. data)   RO Data    RW Data    ZI Data      Debug   Object Name

       154         28        320          0          0       2971   ap_startup_m251.o
      1600        128          0          0          4      11388   clk.o
      1482         28         43          0        511       6508   eeprom_sim.o
       488         36          0          0          4       6656   fmc.o
       122          0          0          0          0       1987   gpio.o
      1028         20          0          0          4      13120   i2c.o
      1776        160          7          0        529       7794   i2c_control.o
      2916        260          0          0        151      10881   main.o
      3176        268         30          2         51      10451   monitor_control.o
       108          8          0          0          0       3236   retarget.o
        28          4          0          0          0       3228   sys.o
       164         44         32         12          0       4126   system_m251.o
       648         20          0          0          4      10932   usci_i2c.o

    ----------------------------------------------------------------------
     13704       1004        468         16       2284      93278   Object Totals
         0          0         32          0       1024          0   (incl. Generated)
        14          0          4          2          2          0   (incl. Padding)

    ----------------------------------------------------------------------

      Code (inc. data)   RO Data    RW Data    ZI Data      Debug   Library Member Name

         0          0          0          0          0          0   entry.o
         0          0          0          0          0          0   entry10a.o
         0          0          0          0          0          0   entry11a.o
         8          4          0          0          0          0   entry4.o
         4          0          0          0          0          0   entry5.o
         0          0          0          0          0          0   entry7b.o
         0          0          0          0          0          0   entry8b.o
         8          4          0          0          0          0   entry9a.o
        30          0          0          0          0          0   handlers.o
        48         10          0          0          0         68   init.o
         0          0          0          0          0          0   iusefp.o
        32          0          0          0          0         68   llshl.o
        38          0          0          0          0         68   llsshr.o
        34          0          0          0          0         68   llushr.o
        26          0          0          0          0         72   memcmp.o
        36          0          0          0          0         60   memcpya.o
        36          0          0          0          0        100   memseta.o
      2252         98          0          0          0        412   printfa.o
         0          0          0          4          0          0   stdout.o
        62          0          0          0          0         72   uidiv_div0.o
        96          0          0          0          0         84   uldiv.o
        40          2          0          0          0         68   cdrcmple.o
       356          4          0          0          0        140   dadd.o
       240          6          0          0          0         84   ddiv.o
       236          0          0          0          0        216   depilogue.o
        64         10          0          0          0         68   dfixul.o
       208          6          0          0          0         88   dmul.o

    ----------------------------------------------------------------------
      3856        144          0          4          0       1736   Library Totals
         2          0          0          0          0          0   (incl. Padding)

    ----------------------------------------------------------------------

      Code (inc. data)   RO Data    RW Data    ZI Data      Debug   Library Name

      2710        116          0          4          0       1072   mc_p.l
      1144         28          0          0          0        664   mf_p.l

    ----------------------------------------------------------------------
      3856        144          0          4          0       1736   Library Totals

    ----------------------------------------------------------------------

==============================================================================


      Code (inc. data)   RO Data    RW Data    ZI Data      Debug   

     17560       1148        468         20       2284      94134   Grand Totals
     17560       1148        468         20       2284      94134   ELF Image Totals
     17560       1148        468         20          0          0   ROM Totals

==============================================================================

    Total RO  Size (Code + RO Data)                18028 (  17.61kB)
    Total RW  Size (RW Data + ZI Data)              2304 (   2.25kB)
    Total ROM Size (Code + RO Data + RW Data)      18048 (  17.62kB)

==============================================================================

