Component: Arm Compiler for Embedded 6.22 Tool: armlink [5ee90200]

==============================================================================

Small function inlining results

Inlined total of 0 calls.

==============================================================================

Section Cross References

    system_m251.o(.text.SystemCoreClockUpdate) refers to main.o(.text.CLK_GetPLLClockFreq) for CLK_GetPLLClockFreq
    system_m251.o(.text.SystemCoreClockUpdate) refers to system_m251.o(.data.PllClock) for PllClock
    system_m251.o(.text.SystemCoreClockUpdate) refers to system_m251.o(.rodata.gau32ClkSrcTbl) for gau32ClkSrcTbl
    system_m251.o(.text.SystemCoreClockUpdate) refers to system_m251.o(.data.SystemCoreClock) for SystemCoreClock
    system_m251.o(.text.SystemCoreClockUpdate) refers to system_m251.o(.data.CyclesPerUs) for CyclesPerUs
    system_m251.o(.ARM.exidx.text.SystemCoreClockUpdate) refers to system_m251.o(.text.SystemCoreClockUpdate) for [Anonymous Symbol]
    system_m251.o(.text.SystemInit) refers to startup_m251_user.o(RESET) for __Vectors
    system_m251.o(.ARM.exidx.text.SystemInit) refers to system_m251.o(.text.SystemInit) for [Anonymous Symbol]
    system_m251.o(.ARM.exidx.text.Uart0DefaultMPF) refers to system_m251.o(.text.Uart0DefaultMPF) for [Anonymous Symbol]
    startup_m251_user.o(RESET) refers to startup_m251_user.o(STACK) for __initial_sp
    startup_m251_user.o(RESET) refers to startup_m251_user.o(.text) for Reset_Handler
    startup_m251_user.o(RESET) refers to i2c_transfer.o(.text.I2C1_IRQHandler) for I2C1_IRQHandler
    startup_m251_user.o(.text) refers to system_m251.o(.text.SystemInit) for SystemInit
    startup_m251_user.o(.text) refers to entry.o(.ARM.Collect$$$$00000000) for __main
    main.o(.ARM.exidx.text.CLK_GetPLLClockFreq) refers to main.o(.text.CLK_GetPLLClockFreq) for [Anonymous Symbol]
    main.o(.text.SYS_Init) refers to main.o(.text.SYS_UnlockReg) for SYS_UnlockReg
    main.o(.text.SYS_Init) refers to system_m251.o(.data.SystemCoreClock) for SystemCoreClock
    main.o(.text.SYS_Init) refers to system_m251.o(.data.CyclesPerUs) for CyclesPerUs
    main.o(.text.SYS_Init) refers to main.o(.bss.Pclk0) for Pclk0
    main.o(.text.SYS_Init) refers to main.o(.bss.Pclk1) for Pclk1
    main.o(.ARM.exidx.text.SYS_Init) refers to main.o(.text.SYS_Init) for [Anonymous Symbol]
    main.o(.ARM.exidx.text.SYS_UnlockReg) refers to main.o(.text.SYS_UnlockReg) for [Anonymous Symbol]
    main.o(.text.main) refers to main.o(.text.SYS_Init) for SYS_Init
    main.o(.text.main) refers to fmc_user.o(.text.FMC_Read_User) for FMC_Read_User
    main.o(.text.main) refers to i2c_transfer.o(.text.I2C_Init) for I2C_Init
    main.o(.text.main) refers to main.o(.text.CalCheckSum) for CalCheckSum
    main.o(.text.main) refers to fmc_user.o(.text.EraseAP) for EraseAP
    main.o(.text.main) refers to fmc_user.o(.text.WriteData) for WriteData
    main.o(.text.main) refers to fmc_user.o(.text.ReadData) for ReadData
    main.o(.text.main) refers to main.o(.text.__NVIC_SystemReset) for __NVIC_SystemReset
    main.o(.text.main) refers to isp_user.o(.bss.g_apromSize) for g_apromSize
    main.o(.text.main) refers to main.o(.bss.cksum) for cksum
    main.o(.text.main) refers to isp_user.o(.bss.g_dataFlashAddr) for g_dataFlashAddr
    main.o(.text.main) refers to isp_user.o(.bss.g_dataFlashSize) for g_dataFlashSize
    main.o(.text.main) refers to main.o(.bss.code_check_flash) for code_check_flash
    main.o(.text.main) refers to i2c_transfer.o(.bss.u8eraseflashflag) for u8eraseflashflag
    main.o(.text.main) refers to i2c_transfer.o(.bss.i2c_ack_data) for i2c_ack_data
    main.o(.text.main) refers to main.o(.bss.StartAddress) for StartAddress
    main.o(.text.main) refers to i2c_transfer.o(.bss.u8JMPAPflag) for u8JMPAPflag
    main.o(.text.main) refers to i2c_transfer.o(.bss.u8PROGAPflag) for u8PROGAPflag
    main.o(.text.main) refers to main.o(.bss.Write_buff) for Write_buff
    main.o(.text.main) refers to main.o(.bss.Read_buff) for Read_buff
    main.o(.ARM.exidx.text.main) refers to main.o(.text.main) for [Anonymous Symbol]
    main.o(.text.CalCheckSum) refers to fmc_user.o(.text.ReadData) for ReadData
    main.o(.text.CalCheckSum) refers to main.o(.text.Checksum) for Checksum
    main.o(.text.CalCheckSum) refers to main.o(.bss.aprom_buf) for [Anonymous Symbol]
    main.o(.ARM.exidx.text.CalCheckSum) refers to main.o(.text.CalCheckSum) for [Anonymous Symbol]
    main.o(.ARM.exidx.text.__NVIC_SystemReset) refers to main.o(.text.__NVIC_SystemReset) for [Anonymous Symbol]
    main.o(.ARM.exidx.text.Checksum) refers to main.o(.text.Checksum) for [Anonymous Symbol]
    fmc_user.o(.ARM.exidx.text.FMC_Proc) refers to fmc_user.o(.text.FMC_Proc) for [Anonymous Symbol]
    fmc_user.o(.text.FMC_Write_User) refers to fmc_user.o(.text.FMC_Proc) for FMC_Proc
    fmc_user.o(.ARM.exidx.text.FMC_Write_User) refers to fmc_user.o(.text.FMC_Write_User) for [Anonymous Symbol]
    fmc_user.o(.text.FMC_Read_User) refers to fmc_user.o(.text.FMC_Proc) for FMC_Proc
    fmc_user.o(.ARM.exidx.text.FMC_Read_User) refers to fmc_user.o(.text.FMC_Read_User) for [Anonymous Symbol]
    fmc_user.o(.text.FMC_Erase_User) refers to fmc_user.o(.text.FMC_Proc) for FMC_Proc
    fmc_user.o(.ARM.exidx.text.FMC_Erase_User) refers to fmc_user.o(.text.FMC_Erase_User) for [Anonymous Symbol]
    fmc_user.o(.text.ReadData) refers to fmc_user.o(.text.FMC_Proc) for FMC_Proc
    fmc_user.o(.ARM.exidx.text.ReadData) refers to fmc_user.o(.text.ReadData) for [Anonymous Symbol]
    fmc_user.o(.text.WriteData) refers to fmc_user.o(.text.FMC_Proc) for FMC_Proc
    fmc_user.o(.ARM.exidx.text.WriteData) refers to fmc_user.o(.text.WriteData) for [Anonymous Symbol]
    fmc_user.o(.ARM.exidx.text.EraseAP) refers to fmc_user.o(.text.EraseAP) for [Anonymous Symbol]
    fmc_user.o(.text.UpdateConfig) refers to fmc_user.o(.text.FMC_Proc) for FMC_Proc
    fmc_user.o(.ARM.exidx.text.UpdateConfig) refers to fmc_user.o(.text.UpdateConfig) for [Anonymous Symbol]
    isp_user.o(.text.ParseCmd) refers to fmc_user.o(.text.ReadData) for ReadData
    isp_user.o(.text.ParseCmd) refers to isp_user.o(.text.__NVIC_SystemReset) for __NVIC_SystemReset
    isp_user.o(.text.ParseCmd) refers to fmc_user.o(.text.EraseAP) for EraseAP
    isp_user.o(.text.ParseCmd) refers to fmc_user.o(.text.WriteData) for WriteData
    isp_user.o(.text.ParseCmd) refers to memseta.o(.text) for __aeabi_memclr
    isp_user.o(.text.ParseCmd) refers to isp_user.o(.text.CalCheckSum) for CalCheckSum
    isp_user.o(.text.ParseCmd) refers to isp_user.o(.text.Checksum) for Checksum
    isp_user.o(.text.ParseCmd) refers to isp_user.o(.bss.response_buff) for response_buff
    isp_user.o(.text.ParseCmd) refers to isp_user.o(.data.ParseCmd.g_packno) for [Anonymous Symbol]
    isp_user.o(.text.ParseCmd) refers to isp_user.o(.bss.ParseCmd.gcmd) for [Anonymous Symbol]
    isp_user.o(.text.ParseCmd) refers to isp_user.o(.bss.g_apromSize) for g_apromSize
    isp_user.o(.text.ParseCmd) refers to isp_user.o(.bss.bUpdateApromCmd) for bUpdateApromCmd
    isp_user.o(.text.ParseCmd) refers to isp_user.o(.bss.ParseCmd.StartAddress) for [Anonymous Symbol]
    isp_user.o(.text.ParseCmd) refers to isp_user.o(.bss.ParseCmd.TotalLen) for [Anonymous Symbol]
    isp_user.o(.text.ParseCmd) refers to isp_user.o(.bss.ParseCmd.StartAddress_bak) for [Anonymous Symbol]
    isp_user.o(.text.ParseCmd) refers to isp_user.o(.bss.ParseCmd.TotalLen_bak) for [Anonymous Symbol]
    isp_user.o(.text.ParseCmd) refers to isp_user.o(.bss.ParseCmd.LastDataLen) for [Anonymous Symbol]
    isp_user.o(.ARM.exidx.text.ParseCmd) refers to isp_user.o(.text.ParseCmd) for [Anonymous Symbol]
    isp_user.o(.ARM.exidx.text.__NVIC_SystemReset) refers to isp_user.o(.text.__NVIC_SystemReset) for [Anonymous Symbol]
    isp_user.o(.text.CalCheckSum) refers to fmc_user.o(.text.ReadData) for ReadData
    isp_user.o(.text.CalCheckSum) refers to isp_user.o(.text.Checksum) for Checksum
    isp_user.o(.text.CalCheckSum) refers to isp_user.o(.bss.aprom_buf) for [Anonymous Symbol]
    isp_user.o(.ARM.exidx.text.CalCheckSum) refers to isp_user.o(.text.CalCheckSum) for [Anonymous Symbol]
    isp_user.o(.ARM.exidx.text.Checksum) refers to isp_user.o(.text.Checksum) for [Anonymous Symbol]
    targetdev.o(.text.GetApromSize) refers to fmc_user.o(.text.FMC_Read_User) for FMC_Read_User
    targetdev.o(.ARM.exidx.text.GetApromSize) refers to targetdev.o(.text.GetApromSize) for [Anonymous Symbol]
    targetdev.o(.text.GetDataFlashInfo) refers to fmc_user.o(.text.FMC_Read_User) for FMC_Read_User
    targetdev.o(.text.GetDataFlashInfo) refers to isp_user.o(.bss.g_apromSize) for g_apromSize
    targetdev.o(.ARM.exidx.text.GetDataFlashInfo) refers to targetdev.o(.text.GetDataFlashInfo) for [Anonymous Symbol]
    i2c_transfer.o(.text.I2C_Init) refers to i2c_transfer.o(.text.__NVIC_EnableIRQ) for __NVIC_EnableIRQ
    i2c_transfer.o(.text.I2C_Init) refers to main.o(.bss.Pclk0) for Pclk0
    i2c_transfer.o(.ARM.exidx.text.I2C_Init) refers to i2c_transfer.o(.text.I2C_Init) for [Anonymous Symbol]
    i2c_transfer.o(.ARM.exidx.text.__NVIC_EnableIRQ) refers to i2c_transfer.o(.text.__NVIC_EnableIRQ) for [Anonymous Symbol]
    i2c_transfer.o(.text.I2C1_IRQHandler) refers to i2c_transfer.o(.text.I2C_SlaveTRx) for I2C_SlaveTRx
    i2c_transfer.o(.ARM.exidx.text.I2C1_IRQHandler) refers to i2c_transfer.o(.text.I2C1_IRQHandler) for [Anonymous Symbol]
    i2c_transfer.o(.text.I2C_SlaveTRx) refers to i2c_transfer.o(.bss.u16SlvDataLen) for u16SlvDataLen
    i2c_transfer.o(.text.I2C_SlaveTRx) refers to i2c_transfer.o(.bss.au8SlvRxData) for au8SlvRxData
    i2c_transfer.o(.text.I2C_SlaveTRx) refers to i2c_transfer.o(.rodata.CMD_ERASE) for CMD_ERASE
    i2c_transfer.o(.text.I2C_SlaveTRx) refers to i2c_transfer.o(.rodata.CMD_JMPAP) for CMD_JMPAP
    i2c_transfer.o(.text.I2C_SlaveTRx) refers to i2c_transfer.o(.rodata.CMD_PROG_AP) for CMD_PROG_AP
    i2c_transfer.o(.text.I2C_SlaveTRx) refers to i2c_transfer.o(.bss.u8PROGAPflag) for u8PROGAPflag
    i2c_transfer.o(.text.I2C_SlaveTRx) refers to main.o(.bss.Write_buff) for Write_buff
    i2c_transfer.o(.text.I2C_SlaveTRx) refers to i2c_transfer.o(.bss.u8JMPAPflag) for u8JMPAPflag
    i2c_transfer.o(.text.I2C_SlaveTRx) refers to i2c_transfer.o(.bss.u8eraseflashflag) for u8eraseflashflag
    i2c_transfer.o(.text.I2C_SlaveTRx) refers to i2c_transfer.o(.bss.i2c_ack_data) for i2c_ack_data
    i2c_transfer.o(.ARM.exidx.text.I2C_SlaveTRx) refers to i2c_transfer.o(.text.I2C_SlaveTRx) for [Anonymous Symbol]
    entry.o(.ARM.Collect$$$$00000000) refers (Special) to entry10a.o(.ARM.Collect$$$$0000000D) for __rt_final_cpp
    entry.o(.ARM.Collect$$$$00000000) refers (Special) to entry11a.o(.ARM.Collect$$$$0000000F) for __rt_final_exit
    entry.o(.ARM.Collect$$$$00000000) refers (Special) to entry7b.o(.ARM.Collect$$$$00000008) for _main_clock
    entry.o(.ARM.Collect$$$$00000000) refers (Special) to entry8b.o(.ARM.Collect$$$$0000000A) for _main_cpp_init
    entry.o(.ARM.Collect$$$$00000000) refers (Special) to entry9a.o(.ARM.Collect$$$$0000000B) for _main_init
    entry.o(.ARM.Collect$$$$00000000) refers (Special) to entry5.o(.ARM.Collect$$$$00000004) for _main_scatterload
    entry.o(.ARM.Collect$$$$00000000) refers (Special) to entry2.o(.ARM.Collect$$$$00000001) for _main_stk
    entry2.o(.ARM.Collect$$$$00000001) refers to entry2.o(.ARM.Collect$$$$00002712) for __lit__00000000
    entry2.o(.ARM.Collect$$$$00002712) refers to startup_m251_user.o(STACK) for __initial_sp
    entry2.o(__vectab_stack_and_reset_area) refers to startup_m251_user.o(STACK) for __initial_sp
    entry2.o(__vectab_stack_and_reset_area) refers to entry.o(.ARM.Collect$$$$00000000) for __main
    entry5.o(.ARM.Collect$$$$00000004) refers to init.o(.text) for __scatterload
    entry9a.o(.ARM.Collect$$$$0000000B) refers to main.o(.text.main) for main
    entry9b.o(.ARM.Collect$$$$0000000C) refers to main.o(.text.main) for main
    init.o(.text) refers to entry5.o(.ARM.Collect$$$$00000004) for __main_after_scatterload


==============================================================================

Removing Unused input sections from the image.

    Removing system_m251.o(.text), (0 bytes).
    Removing system_m251.o(.text.SystemCoreClockUpdate), (128 bytes).
    Removing system_m251.o(.ARM.exidx.text.SystemCoreClockUpdate), (8 bytes).
    Removing system_m251.o(.ARM.exidx.text.SystemInit), (8 bytes).
    Removing system_m251.o(.text.Uart0DefaultMPF), (40 bytes).
    Removing system_m251.o(.ARM.exidx.text.Uart0DefaultMPF), (8 bytes).
    Removing system_m251.o(.data.PllClock), (4 bytes).
    Removing system_m251.o(.rodata.gau32ClkSrcTbl), (32 bytes).
    Removing startup_m251_user.o(HEAP), (0 bytes).
    Removing main.o(.text), (0 bytes).
    Removing main.o(.text.CLK_GetPLLClockFreq), (8 bytes).
    Removing main.o(.ARM.exidx.text.CLK_GetPLLClockFreq), (8 bytes).
    Removing main.o(.ARM.exidx.text.SYS_Init), (8 bytes).
    Removing main.o(.ARM.exidx.text.SYS_UnlockReg), (8 bytes).
    Removing main.o(.ARM.exidx.text.main), (8 bytes).
    Removing main.o(.ARM.exidx.text.CalCheckSum), (8 bytes).
    Removing main.o(.ARM.exidx.text.__NVIC_SystemReset), (8 bytes).
    Removing main.o(.ARM.exidx.text.Checksum), (8 bytes).
    Removing main.o(.ARM.use_no_argv), (4 bytes).
    Removing fmc_user.o(.text), (0 bytes).
    Removing fmc_user.o(.ARM.exidx.text.FMC_Proc), (8 bytes).
    Removing fmc_user.o(.text.FMC_Write_User), (24 bytes).
    Removing fmc_user.o(.ARM.exidx.text.FMC_Write_User), (8 bytes).
    Removing fmc_user.o(.ARM.exidx.text.FMC_Read_User), (8 bytes).
    Removing fmc_user.o(.text.FMC_Erase_User), (22 bytes).
    Removing fmc_user.o(.ARM.exidx.text.FMC_Erase_User), (8 bytes).
    Removing fmc_user.o(.ARM.exidx.text.ReadData), (8 bytes).
    Removing fmc_user.o(.ARM.exidx.text.WriteData), (8 bytes).
    Removing fmc_user.o(.ARM.exidx.text.EraseAP), (8 bytes).
    Removing fmc_user.o(.text.UpdateConfig), (96 bytes).
    Removing fmc_user.o(.ARM.exidx.text.UpdateConfig), (8 bytes).
    Removing isp_user.o(.text), (0 bytes).
    Removing isp_user.o(.text.ParseCmd), (620 bytes).
    Removing isp_user.o(.ARM.exidx.text.ParseCmd), (8 bytes).
    Removing isp_user.o(.text.__NVIC_SystemReset), (28 bytes).
    Removing isp_user.o(.ARM.exidx.text.__NVIC_SystemReset), (8 bytes).
    Removing isp_user.o(.text.CalCheckSum), (132 bytes).
    Removing isp_user.o(.ARM.exidx.text.CalCheckSum), (8 bytes).
    Removing isp_user.o(.text.Checksum), (58 bytes).
    Removing isp_user.o(.ARM.exidx.text.Checksum), (8 bytes).
    Removing isp_user.o(.bss.ParseCmd.StartAddress), (4 bytes).
    Removing isp_user.o(.bss.ParseCmd.StartAddress_bak), (4 bytes).
    Removing isp_user.o(.bss.ParseCmd.TotalLen), (4 bytes).
    Removing isp_user.o(.bss.ParseCmd.TotalLen_bak), (4 bytes).
    Removing isp_user.o(.bss.ParseCmd.LastDataLen), (4 bytes).
    Removing isp_user.o(.data.ParseCmd.g_packno), (4 bytes).
    Removing isp_user.o(.bss.ParseCmd.gcmd), (4 bytes).
    Removing isp_user.o(.bss.response_buff), (64 bytes).
    Removing isp_user.o(.bss.bUpdateApromCmd), (4 bytes).
    Removing isp_user.o(.bss.aprom_buf), (512 bytes).
    Removing targetdev.o(.text), (0 bytes).
    Removing targetdev.o(.text.GetApromSize), (60 bytes).
    Removing targetdev.o(.ARM.exidx.text.GetApromSize), (8 bytes).
    Removing targetdev.o(.text.GetDataFlashInfo), (136 bytes).
    Removing targetdev.o(.ARM.exidx.text.GetDataFlashInfo), (8 bytes).
    Removing i2c_transfer.o(.text), (0 bytes).
    Removing i2c_transfer.o(.ARM.exidx.text.I2C_Init), (8 bytes).
    Removing i2c_transfer.o(.ARM.exidx.text.__NVIC_EnableIRQ), (8 bytes).
    Removing i2c_transfer.o(.ARM.exidx.text.I2C1_IRQHandler), (8 bytes).
    Removing i2c_transfer.o(.ARM.exidx.text.I2C_SlaveTRx), (8 bytes).
    Removing i2c_transfer.o(.bss.g_u8SlvDataLen), (1 bytes).
    Removing i2c_transfer.o(.bss.au8UpdateData), (34 bytes).

62 unused section(s) (total 2259 bytes) removed from the image.

==============================================================================

Image Symbol Table

    Local Symbols

    Symbol Name                              Value     Ov Type        Size  Object(Section)

    ../Keil/startup_M251_user.s              0x00000000   Number         0  startup_m251_user.o ABSOLUTE
    ../clib/microlib/init/entry.s            0x00000000   Number         0  entry.o ABSOLUTE
    ../clib/microlib/init/entry.s            0x00000000   Number         0  entry2.o ABSOLUTE
    ../clib/microlib/init/entry.s            0x00000000   Number         0  entry5.o ABSOLUTE
    ../clib/microlib/init/entry.s            0x00000000   Number         0  entry7a.o ABSOLUTE
    ../clib/microlib/init/entry.s            0x00000000   Number         0  entry7b.o ABSOLUTE
    ../clib/microlib/init/entry.s            0x00000000   Number         0  entry8a.o ABSOLUTE
    ../clib/microlib/init/entry.s            0x00000000   Number         0  entry8b.o ABSOLUTE
    ../clib/microlib/init/entry.s            0x00000000   Number         0  entry9a.o ABSOLUTE
    ../clib/microlib/init/entry.s            0x00000000   Number         0  entry9b.o ABSOLUTE
    ../clib/microlib/init/entry.s            0x00000000   Number         0  entry10a.o ABSOLUTE
    ../clib/microlib/init/entry.s            0x00000000   Number         0  entry10b.o ABSOLUTE
    ../clib/microlib/init/entry.s            0x00000000   Number         0  entry11a.o ABSOLUTE
    ../clib/microlib/init/entry.s            0x00000000   Number         0  entry11b.o ABSOLUTE
    ../clib/microlib/string/memset.c         0x00000000   Number         0  memseta.o ABSOLUTE
    fmc_user.c                               0x00000000   Number         0  fmc_user.o ABSOLUTE
    handlers.s                               0x00000000   Number         0  handlers.o ABSOLUTE
    i2c_transfer.c                           0x00000000   Number         0  i2c_transfer.o ABSOLUTE
    init.s                                   0x00000000   Number         0  init.o ABSOLUTE
    isp_user.c                               0x00000000   Number         0  isp_user.o ABSOLUTE
    main.c                                   0x00000000   Number         0  main.o ABSOLUTE
    system_M251.c                            0x00000000   Number         0  system_m251.o ABSOLUTE
    targetdev.c                              0x00000000   Number         0  targetdev.o ABSOLUTE
    RESET                                    0x00000000   Section      320  startup_m251_user.o(RESET)
    .ARM.Collect$$$$00000000                 0x00000140   Section        0  entry.o(.ARM.Collect$$$$00000000)
    .ARM.Collect$$$$00000001                 0x00000140   Section        4  entry2.o(.ARM.Collect$$$$00000001)
    .ARM.Collect$$$$00000004                 0x00000144   Section        4  entry5.o(.ARM.Collect$$$$00000004)
    .ARM.Collect$$$$00000008                 0x00000148   Section        0  entry7b.o(.ARM.Collect$$$$00000008)
    .ARM.Collect$$$$0000000A                 0x00000148   Section        0  entry8b.o(.ARM.Collect$$$$0000000A)
    .ARM.Collect$$$$0000000B                 0x00000148   Section        8  entry9a.o(.ARM.Collect$$$$0000000B)
    __lit__00000000                          0x00000150   Data           4  entry2.o(.ARM.Collect$$$$00002712)
    .ARM.Collect$$$$0000000D                 0x00000150   Section        0  entry10a.o(.ARM.Collect$$$$0000000D)
    .ARM.Collect$$$$0000000F                 0x00000150   Section        0  entry11a.o(.ARM.Collect$$$$0000000F)
    .ARM.Collect$$$$00002712                 0x00000150   Section        4  entry2.o(.ARM.Collect$$$$00002712)
    .text                                    0x00000154   Section       80  startup_m251_user.o(.text)
    .text                                    0x000001a4   Section       48  init.o(.text)
    CalCheckSum                              0x000001d5   Thumb Code   128  main.o(.text.CalCheckSum)
    [Anonymous Symbol]                       0x000001d4   Section        0  main.o(.text.CalCheckSum)
    __arm_cp.4_0                             0x00000254   Number         4  main.o(.text.CalCheckSum)
    Checksum                                 0x00000259   Thumb Code    58  main.o(.text.Checksum)
    [Anonymous Symbol]                       0x00000258   Section        0  main.o(.text.Checksum)
    [Anonymous Symbol]                       0x00000294   Section        0  fmc_user.o(.text.EraseAP)
    [Anonymous Symbol]                       0x00000310   Section        0  fmc_user.o(.text.FMC_Proc)
    __arm_cp.0_0                             0x000003c0   Number         4  fmc_user.o(.text.FMC_Proc)
    __arm_cp.0_1                             0x000003c4   Number         4  fmc_user.o(.text.FMC_Proc)
    __arm_cp.0_2                             0x000003c8   Number         4  fmc_user.o(.text.FMC_Proc)
    __arm_cp.0_3                             0x000003cc   Number         4  fmc_user.o(.text.FMC_Proc)
    __arm_cp.0_4                             0x000003d0   Number         4  fmc_user.o(.text.FMC_Proc)
    [Anonymous Symbol]                       0x000003d4   Section        0  fmc_user.o(.text.FMC_Read_User)
    [Anonymous Symbol]                       0x000003ec   Section        0  i2c_transfer.o(.text.I2C1_IRQHandler)
    __arm_cp.2_0                             0x00000428   Number         4  i2c_transfer.o(.text.I2C1_IRQHandler)
    __arm_cp.2_1                             0x0000042c   Number         4  i2c_transfer.o(.text.I2C1_IRQHandler)
    [Anonymous Symbol]                       0x00000430   Section        0  i2c_transfer.o(.text.I2C_Init)
    __arm_cp.0_0                             0x0000048c   Number         4  i2c_transfer.o(.text.I2C_Init)
    __arm_cp.0_2                             0x00000490   Number         4  i2c_transfer.o(.text.I2C_Init)
    __arm_cp.0_3                             0x00000494   Number         4  i2c_transfer.o(.text.I2C_Init)
    __arm_cp.0_4                             0x00000498   Number         4  i2c_transfer.o(.text.I2C_Init)
    __arm_cp.0_5                             0x0000049c   Number         4  i2c_transfer.o(.text.I2C_Init)
    I2C_SlaveTRx                             0x000004a1   Thumb Code   680  i2c_transfer.o(.text.I2C_SlaveTRx)
    [Anonymous Symbol]                       0x000004a0   Section        0  i2c_transfer.o(.text.I2C_SlaveTRx)
    __arm_cp.3_0                             0x00000748   Number         4  i2c_transfer.o(.text.I2C_SlaveTRx)
    __arm_cp.3_1                             0x0000074c   Number         4  i2c_transfer.o(.text.I2C_SlaveTRx)
    __arm_cp.3_2                             0x00000750   Number         4  i2c_transfer.o(.text.I2C_SlaveTRx)
    __arm_cp.3_3                             0x00000754   Number         4  i2c_transfer.o(.text.I2C_SlaveTRx)
    __arm_cp.3_4                             0x00000758   Number         4  i2c_transfer.o(.text.I2C_SlaveTRx)
    __arm_cp.3_7                             0x0000075c   Number         4  i2c_transfer.o(.text.I2C_SlaveTRx)
    __arm_cp.3_8                             0x00000760   Number         4  i2c_transfer.o(.text.I2C_SlaveTRx)
    __arm_cp.3_9                             0x00000764   Number         4  i2c_transfer.o(.text.I2C_SlaveTRx)
    [Anonymous Symbol]                       0x00000768   Section        0  fmc_user.o(.text.ReadData)
    [Anonymous Symbol]                       0x00000784   Section        0  main.o(.text.SYS_Init)
    __arm_cp.1_0                             0x0000080c   Number         4  main.o(.text.SYS_Init)
    __arm_cp.1_1                             0x00000810   Number         4  main.o(.text.SYS_Init)
    __arm_cp.1_2                             0x00000814   Number         4  main.o(.text.SYS_Init)
    __arm_cp.1_3                             0x00000818   Number         4  main.o(.text.SYS_Init)
    __arm_cp.1_4                             0x0000081c   Number         4  main.o(.text.SYS_Init)
    __arm_cp.1_5                             0x00000820   Number         4  main.o(.text.SYS_Init)
    __arm_cp.1_6                             0x00000824   Number         4  main.o(.text.SYS_Init)
    __arm_cp.1_7                             0x00000828   Number         4  main.o(.text.SYS_Init)
    __arm_cp.1_8                             0x0000082c   Number         4  main.o(.text.SYS_Init)
    __arm_cp.1_9                             0x00000830   Number         4  main.o(.text.SYS_Init)
    __arm_cp.1_10                            0x00000834   Number         4  main.o(.text.SYS_Init)
    __arm_cp.1_11                            0x00000838   Number         4  main.o(.text.SYS_Init)
    __arm_cp.1_12                            0x0000083c   Number         4  main.o(.text.SYS_Init)
    __arm_cp.1_13                            0x00000840   Number         4  main.o(.text.SYS_Init)
    SYS_UnlockReg                            0x00000845   Thumb Code    32  main.o(.text.SYS_UnlockReg)
    [Anonymous Symbol]                       0x00000844   Section        0  main.o(.text.SYS_UnlockReg)
    __arm_cp.2_0                             0x00000864   Number         4  main.o(.text.SYS_UnlockReg)
    [Anonymous Symbol]                       0x00000868   Section        0  system_m251.o(.text.SystemInit)
    __arm_cp.1_0                             0x00000880   Number         4  system_m251.o(.text.SystemInit)
    __arm_cp.1_1                             0x00000884   Number         4  system_m251.o(.text.SystemInit)
    __arm_cp.1_2                             0x00000888   Number         4  system_m251.o(.text.SystemInit)
    [Anonymous Symbol]                       0x0000088c   Section        0  fmc_user.o(.text.WriteData)
    __NVIC_EnableIRQ                         0x000008a9   Thumb Code    48  i2c_transfer.o(.text.__NVIC_EnableIRQ)
    [Anonymous Symbol]                       0x000008a8   Section        0  i2c_transfer.o(.text.__NVIC_EnableIRQ)
    __arm_cp.1_0                             0x000008d8   Number         4  i2c_transfer.o(.text.__NVIC_EnableIRQ)
    __NVIC_SystemReset                       0x000008dd   Thumb Code    20  main.o(.text.__NVIC_SystemReset)
    [Anonymous Symbol]                       0x000008dc   Section        0  main.o(.text.__NVIC_SystemReset)
    __arm_cp.5_0                             0x000008f0   Number         4  main.o(.text.__NVIC_SystemReset)
    __arm_cp.5_1                             0x000008f4   Number         4  main.o(.text.__NVIC_SystemReset)
    [Anonymous Symbol]                       0x000008f8   Section        0  main.o(.text.main)
    __arm_cp.3_0                             0x00000a40   Number         4  main.o(.text.main)
    __arm_cp.3_1                             0x00000a44   Number         4  main.o(.text.main)
    __arm_cp.3_2                             0x00000a48   Number         4  main.o(.text.main)
    __arm_cp.3_3                             0x00000a4c   Number         4  main.o(.text.main)
    __arm_cp.3_4                             0x00000a50   Number         4  main.o(.text.main)
    __arm_cp.3_5                             0x00000a54   Number         4  main.o(.text.main)
    __arm_cp.3_6                             0x00000a58   Number         4  main.o(.text.main)
    __arm_cp.3_7                             0x00000a5c   Number         4  main.o(.text.main)
    __arm_cp.3_8                             0x00000a60   Number         4  main.o(.text.main)
    __arm_cp.3_9                             0x00000a64   Number         4  main.o(.text.main)
    __arm_cp.3_10                            0x00000a68   Number         4  main.o(.text.main)
    __arm_cp.3_11                            0x00000a6c   Number         4  main.o(.text.main)
    __arm_cp.3_12                            0x00000a70   Number         4  main.o(.text.main)
    __arm_cp.3_13                            0x00000a74   Number         4  main.o(.text.main)
    __arm_cp.3_14                            0x00000a78   Number         4  main.o(.text.main)
    __arm_cp.3_15                            0x00000a7c   Number         4  main.o(.text.main)
    i.__scatterload_copy                     0x00000a80   Section       14  handlers.o(i.__scatterload_copy)
    i.__scatterload_null                     0x00000a8e   Section        2  handlers.o(i.__scatterload_null)
    i.__scatterload_zeroinit                 0x00000a90   Section       14  handlers.o(i.__scatterload_zeroinit)
    aprom_buf                                0x20000054   Data         512  main.o(.bss.aprom_buf)
    [Anonymous Symbol]                       0x20000054   Section        0  main.o(.bss.aprom_buf)
    STACK                                    0x20000298   Section     2048  startup_m251_user.o(STACK)

    Global Symbols

    Symbol Name                              Value     Ov Type        Size  Object(Section)

    BuildAttributes$$THM_ISAv3M$S$8M$PE$A:L22$X:L11$S22$IEEE1$IW$~IW$USESV6$~STKCKD$USESV7$~SHL$OSPACE$EBA8$MICROLIB$REQ8$PRES8$EABIv2 0x00000000   Number         0  anon$$obj.o ABSOLUTE
    __Vectors                                0x00000000   Data           4  startup_m251_user.o(RESET)
    __cpp_initialize__aeabi_                  - Undefined Weak Reference
    __cxa_finalize                            - Undefined Weak Reference
    __decompress                              - Undefined Weak Reference
    _clock_init                               - Undefined Weak Reference
    _microlib_exit                            - Undefined Weak Reference
    __Vectors_End                            0x00000140   Data           0  startup_m251_user.o(RESET)
    __Vectors_Size                           0x00000140   Number         0  startup_m251_user.o ABSOLUTE
    __main                                   0x00000141   Thumb Code     0  entry.o(.ARM.Collect$$$$00000000)
    _main_stk                                0x00000141   Thumb Code     0  entry2.o(.ARM.Collect$$$$00000001)
    _main_scatterload                        0x00000145   Thumb Code     0  entry5.o(.ARM.Collect$$$$00000004)
    __main_after_scatterload                 0x00000149   Thumb Code     0  entry5.o(.ARM.Collect$$$$00000004)
    _main_clock                              0x00000149   Thumb Code     0  entry7b.o(.ARM.Collect$$$$00000008)
    _main_cpp_init                           0x00000149   Thumb Code     0  entry8b.o(.ARM.Collect$$$$0000000A)
    _main_init                               0x00000149   Thumb Code     0  entry9a.o(.ARM.Collect$$$$0000000B)
    __rt_final_cpp                           0x00000151   Thumb Code     0  entry10a.o(.ARM.Collect$$$$0000000D)
    __rt_final_exit                          0x00000151   Thumb Code     0  entry11a.o(.ARM.Collect$$$$0000000F)
    Reset_Handler                            0x00000155   Thumb Code    46  startup_m251_user.o(.text)
    NMI_Handler                              0x00000183   Thumb Code     2  startup_m251_user.o(.text)
    HardFault_Handler                        0x00000185   Thumb Code     2  startup_m251_user.o(.text)
    SVC_Handler                              0x00000187   Thumb Code     2  startup_m251_user.o(.text)
    PendSV_Handler                           0x00000189   Thumb Code     2  startup_m251_user.o(.text)
    SysTick_Handler                          0x0000018b   Thumb Code     2  startup_m251_user.o(.text)
    ACMP01_IRQHandler                        0x0000018d   Thumb Code     0  startup_m251_user.o(.text)
    BOD_IRQHandler                           0x0000018d   Thumb Code     0  startup_m251_user.o(.text)
    BPWM0_IRQHandler                         0x0000018d   Thumb Code     0  startup_m251_user.o(.text)
    BPWM1_IRQHandler                         0x0000018d   Thumb Code     0  startup_m251_user.o(.text)
    BRAKE0_IRQHandler                        0x0000018d   Thumb Code     0  startup_m251_user.o(.text)
    BRAKE1_IRQHandler                        0x0000018d   Thumb Code     0  startup_m251_user.o(.text)
    CLKFAIL_IRQHandler                       0x0000018d   Thumb Code     0  startup_m251_user.o(.text)
    DAC_IRQHandler                           0x0000018d   Thumb Code     0  startup_m251_user.o(.text)
    DEFAULT_IRQHandler                       0x0000018d   Thumb Code     0  startup_m251_user.o(.text)
    EADC_INT0_IRQHandler                     0x0000018d   Thumb Code     0  startup_m251_user.o(.text)
    EADC_INT1_IRQHandler                     0x0000018d   Thumb Code     0  startup_m251_user.o(.text)
    EADC_INT2_IRQHandler                     0x0000018d   Thumb Code     0  startup_m251_user.o(.text)
    EADC_INT3_IRQHandler                     0x0000018d   Thumb Code     0  startup_m251_user.o(.text)
    EINT0_IRQHandler                         0x0000018d   Thumb Code     0  startup_m251_user.o(.text)
    EINT1_IRQHandler                         0x0000018d   Thumb Code     0  startup_m251_user.o(.text)
    EINT2_IRQHandler                         0x0000018d   Thumb Code     0  startup_m251_user.o(.text)
    EINT3_IRQHandler                         0x0000018d   Thumb Code     0  startup_m251_user.o(.text)
    EINT4_IRQHandler                         0x0000018d   Thumb Code     0  startup_m251_user.o(.text)
    EINT5_IRQHandler                         0x0000018d   Thumb Code     0  startup_m251_user.o(.text)
    GPA_IRQHandler                           0x0000018d   Thumb Code     0  startup_m251_user.o(.text)
    GPB_IRQHandler                           0x0000018d   Thumb Code     0  startup_m251_user.o(.text)
    GPC_IRQHandler                           0x0000018d   Thumb Code     0  startup_m251_user.o(.text)
    GPD_IRQHandler                           0x0000018d   Thumb Code     0  startup_m251_user.o(.text)
    GPE_IRQHandler                           0x0000018d   Thumb Code     0  startup_m251_user.o(.text)
    GPF_IRQHandler                           0x0000018d   Thumb Code     0  startup_m251_user.o(.text)
    I2C0_IRQHandler                          0x0000018d   Thumb Code     0  startup_m251_user.o(.text)
    IRCTRIM_IRQHandler                       0x0000018d   Thumb Code     0  startup_m251_user.o(.text)
    OPA_IRQHandler                           0x0000018d   Thumb Code     0  startup_m251_user.o(.text)
    PDMA_IRQHandler                          0x0000018d   Thumb Code     0  startup_m251_user.o(.text)
    PSIO_IRQHandler                          0x0000018d   Thumb Code     0  startup_m251_user.o(.text)
    PWM0_P0_IRQHandler                       0x0000018d   Thumb Code     0  startup_m251_user.o(.text)
    PWM0_P1_IRQHandler                       0x0000018d   Thumb Code     0  startup_m251_user.o(.text)
    PWM0_P2_IRQHandler                       0x0000018d   Thumb Code     0  startup_m251_user.o(.text)
    PWM1_P0_IRQHandler                       0x0000018d   Thumb Code     0  startup_m251_user.o(.text)
    PWM1_P1_IRQHandler                       0x0000018d   Thumb Code     0  startup_m251_user.o(.text)
    PWM1_P2_IRQHandler                       0x0000018d   Thumb Code     0  startup_m251_user.o(.text)
    PWRWU_IRQHandler                         0x0000018d   Thumb Code     0  startup_m251_user.o(.text)
    QSPI0_IRQHandler                         0x0000018d   Thumb Code     0  startup_m251_user.o(.text)
    RTC_IRQHandler                           0x0000018d   Thumb Code     0  startup_m251_user.o(.text)
    SC0_IRQHandler                           0x0000018d   Thumb Code     0  startup_m251_user.o(.text)
    SPI0_IRQHandler                          0x0000018d   Thumb Code     0  startup_m251_user.o(.text)
    TAMPER_IRQHandler                        0x0000018d   Thumb Code     0  startup_m251_user.o(.text)
    TMR0_IRQHandler                          0x0000018d   Thumb Code     0  startup_m251_user.o(.text)
    TMR1_IRQHandler                          0x0000018d   Thumb Code     0  startup_m251_user.o(.text)
    TMR2_IRQHandler                          0x0000018d   Thumb Code     0  startup_m251_user.o(.text)
    TMR3_IRQHandler                          0x0000018d   Thumb Code     0  startup_m251_user.o(.text)
    UART0_IRQHandler                         0x0000018d   Thumb Code     0  startup_m251_user.o(.text)
    UART1_IRQHandler                         0x0000018d   Thumb Code     0  startup_m251_user.o(.text)
    UART2_IRQHandler                         0x0000018d   Thumb Code     0  startup_m251_user.o(.text)
    USBD_IRQHandler                          0x0000018d   Thumb Code     0  startup_m251_user.o(.text)
    USCI0_IRQHandler                         0x0000018d   Thumb Code     0  startup_m251_user.o(.text)
    USCI1_IRQHandler                         0x0000018d   Thumb Code     0  startup_m251_user.o(.text)
    USCI2_IRQHandler                         0x0000018d   Thumb Code     0  startup_m251_user.o(.text)
    WDT_IRQHandler                           0x0000018d   Thumb Code     0  startup_m251_user.o(.text)
    WWDT_IRQHandler                          0x0000018d   Thumb Code     0  startup_m251_user.o(.text)
    __scatterload                            0x000001a5   Thumb Code    38  init.o(.text)
    __scatterload_rt2                        0x000001a5   Thumb Code     0  init.o(.text)
    EraseAP                                  0x00000295   Thumb Code   124  fmc_user.o(.text.EraseAP)
    FMC_Proc                                 0x00000311   Thumb Code   176  fmc_user.o(.text.FMC_Proc)
    FMC_Read_User                            0x000003d5   Thumb Code    24  fmc_user.o(.text.FMC_Read_User)
    I2C1_IRQHandler                          0x000003ed   Thumb Code    60  i2c_transfer.o(.text.I2C1_IRQHandler)
    I2C_Init                                 0x00000431   Thumb Code    92  i2c_transfer.o(.text.I2C_Init)
    ReadData                                 0x00000769   Thumb Code    26  fmc_user.o(.text.ReadData)
    SYS_Init                                 0x00000785   Thumb Code   136  main.o(.text.SYS_Init)
    SystemInit                               0x00000869   Thumb Code    24  system_m251.o(.text.SystemInit)
    WriteData                                0x0000088d   Thumb Code    26  fmc_user.o(.text.WriteData)
    main                                     0x000008f9   Thumb Code   328  main.o(.text.main)
    __scatterload_copy                       0x00000a81   Thumb Code    14  handlers.o(i.__scatterload_copy)
    __scatterload_null                       0x00000a8f   Thumb Code     2  handlers.o(i.__scatterload_null)
    __scatterload_zeroinit                   0x00000a91   Thumb Code    14  handlers.o(i.__scatterload_zeroinit)
    CMD_ERASE                                0x00000a9e   Data           7  i2c_transfer.o(.rodata.CMD_ERASE)
    CMD_JMPAP                                0x00000aa5   Data           7  i2c_transfer.o(.rodata.CMD_JMPAP)
    CMD_PROG_AP                              0x00000aac   Data           2  i2c_transfer.o(.rodata.CMD_PROG_AP)
    Region$$Table$$Base                      0x00000ab0   Number         0  anon$$obj.o(Region$$Table)
    Region$$Table$$Limit                     0x00000ad0   Number         0  anon$$obj.o(Region$$Table)
    CyclesPerUs                              0x20000000   Data           4  system_m251.o(.data.CyclesPerUs)
    SystemCoreClock                          0x20000004   Data           4  system_m251.o(.data.SystemCoreClock)
    Pclk0                                    0x20000008   Data           4  main.o(.bss.Pclk0)
    Pclk1                                    0x2000000c   Data           4  main.o(.bss.Pclk1)
    Read_buff                                0x20000010   Data          32  main.o(.bss.Read_buff)
    StartAddress                             0x20000030   Data           4  main.o(.bss.StartAddress)
    Write_buff                               0x20000034   Data          32  main.o(.bss.Write_buff)
    au8SlvRxData                             0x20000254   Data          34  i2c_transfer.o(.bss.au8SlvRxData)
    cksum                                    0x20000278   Data           4  main.o(.bss.cksum)
    code_check_flash                         0x2000027c   Data           4  main.o(.bss.code_check_flash)
    g_apromSize                              0x20000280   Data           4  isp_user.o(.bss.g_apromSize)
    g_dataFlashAddr                          0x20000284   Data           4  isp_user.o(.bss.g_dataFlashAddr)
    g_dataFlashSize                          0x20000288   Data           4  isp_user.o(.bss.g_dataFlashSize)
    i2c_ack_data                             0x2000028c   Data           1  i2c_transfer.o(.bss.i2c_ack_data)
    u16SlvDataLen                            0x2000028e   Data           2  i2c_transfer.o(.bss.u16SlvDataLen)
    u8JMPAPflag                              0x20000290   Data           1  i2c_transfer.o(.bss.u8JMPAPflag)
    u8PROGAPflag                             0x20000291   Data           1  i2c_transfer.o(.bss.u8PROGAPflag)
    u8eraseflashflag                         0x20000292   Data           1  i2c_transfer.o(.bss.u8eraseflashflag)
    __initial_sp                             0x20000a98   Data           0  startup_m251_user.o(STACK)



==============================================================================

Memory Map of the image

  Image Entry point : 0x00000155

  Load Region LR_1 (Base: 0x00000000, Size: 0x00000ad8, Max: 0xffffffff, ABSOLUTE)

    Execution Region ER_RO (Exec base: 0x00000000, Load base: 0x00000000, Size: 0x00000ad0, Max: 0xffffffff, ABSOLUTE)

    Exec Addr    Load Addr    Size         Type   Attr      Idx    E Section Name        Object

    0x00000000   0x00000000   0x00000140   Data   RO           20    RESET               startup_m251_user.o
    0x00000140   0x00000140   0x00000000   Code   RO          145  * .ARM.Collect$$$$00000000  mc_p.l(entry.o)
    0x00000140   0x00000140   0x00000004   Code   RO          148    .ARM.Collect$$$$00000001  mc_p.l(entry2.o)
    0x00000144   0x00000144   0x00000004   Code   RO          151    .ARM.Collect$$$$00000004  mc_p.l(entry5.o)
    0x00000148   0x00000148   0x00000000   Code   RO          153    .ARM.Collect$$$$00000008  mc_p.l(entry7b.o)
    0x00000148   0x00000148   0x00000000   Code   RO          155    .ARM.Collect$$$$0000000A  mc_p.l(entry8b.o)
    0x00000148   0x00000148   0x00000008   Code   RO          156    .ARM.Collect$$$$0000000B  mc_p.l(entry9a.o)
    0x00000150   0x00000150   0x00000000   Code   RO          158    .ARM.Collect$$$$0000000D  mc_p.l(entry10a.o)
    0x00000150   0x00000150   0x00000000   Code   RO          160    .ARM.Collect$$$$0000000F  mc_p.l(entry11a.o)
    0x00000150   0x00000150   0x00000004   Code   RO          149    .ARM.Collect$$$$00002712  mc_p.l(entry2.o)
    0x00000154   0x00000154   0x00000050   Code   RO           21  * .text               startup_m251_user.o
    0x000001a4   0x000001a4   0x00000030   Code   RO          162    .text               mc_p.l(init.o)
    0x000001d4   0x000001d4   0x00000084   Code   RO           36    .text.CalCheckSum   main.o
    0x00000258   0x00000258   0x0000003a   Code   RO           40    .text.Checksum      main.o
    0x00000292   0x00000292   0x00000002   PAD
    0x00000294   0x00000294   0x0000007c   Code   RO           70    .text.EraseAP       fmc_user.o
    0x00000310   0x00000310   0x000000c4   Code   RO           58    .text.FMC_Proc      fmc_user.o
    0x000003d4   0x000003d4   0x00000018   Code   RO           62    .text.FMC_Read_User  fmc_user.o
    0x000003ec   0x000003ec   0x00000044   Code   RO          124    .text.I2C1_IRQHandler  i2c_transfer.o
    0x00000430   0x00000430   0x00000070   Code   RO          120    .text.I2C_Init      i2c_transfer.o
    0x000004a0   0x000004a0   0x000002c8   Code   RO          126    .text.I2C_SlaveTRx  i2c_transfer.o
    0x00000768   0x00000768   0x0000001a   Code   RO           66    .text.ReadData      fmc_user.o
    0x00000782   0x00000782   0x00000002   PAD
    0x00000784   0x00000784   0x000000c0   Code   RO           30    .text.SYS_Init      main.o
    0x00000844   0x00000844   0x00000024   Code   RO           32    .text.SYS_UnlockReg  main.o
    0x00000868   0x00000868   0x00000024   Code   RO            4    .text.SystemInit    system_m251.o
    0x0000088c   0x0000088c   0x0000001a   Code   RO           68    .text.WriteData     fmc_user.o
    0x000008a6   0x000008a6   0x00000002   PAD
    0x000008a8   0x000008a8   0x00000034   Code   RO          122    .text.__NVIC_EnableIRQ  i2c_transfer.o
    0x000008dc   0x000008dc   0x0000001c   Code   RO           38    .text.__NVIC_SystemReset  main.o
    0x000008f8   0x000008f8   0x00000188   Code   RO           34    .text.main          main.o
    0x00000a80   0x00000a80   0x0000000e   Code   RO          166    i.__scatterload_copy  mc_p.l(handlers.o)
    0x00000a8e   0x00000a8e   0x00000002   Code   RO          167    i.__scatterload_null  mc_p.l(handlers.o)
    0x00000a90   0x00000a90   0x0000000e   Code   RO          168    i.__scatterload_zeroinit  mc_p.l(handlers.o)
    0x00000a9e   0x00000a9e   0x00000007   Data   RO          132    .rodata.CMD_ERASE   i2c_transfer.o
    0x00000aa5   0x00000aa5   0x00000007   Data   RO          133    .rodata.CMD_JMPAP   i2c_transfer.o
    0x00000aac   0x00000aac   0x00000002   Data   RO          134    .rodata.CMD_PROG_AP  i2c_transfer.o
    0x00000aae   0x00000aae   0x00000002   PAD
    0x00000ab0   0x00000ab0   0x00000020   Data   RO          165    Region$$Table       anon$$obj.o


    Execution Region ER_RW (Exec base: 0x20000000, Load base: 0x00000ad0, Size: 0x00000008, Max: 0xffffffff, ABSOLUTE)

    Exec Addr    Load Addr    Size         Type   Attr      Idx    E Section Name        Object

    0x20000000   0x00000ad0   0x00000004   Data   RW            9    .data.CyclesPerUs   system_m251.o
    0x20000004   0x00000ad4   0x00000004   Data   RW            8    .data.SystemCoreClock  system_m251.o


    Execution Region ER_ZI (Exec base: 0x20000008, Load base: 0x00000ad8, Size: 0x00000a90, Max: 0xffffffff, ABSOLUTE)

    Exec Addr    Load Addr    Size         Type   Attr      Idx    E Section Name        Object

    0x20000008        -       0x00000004   Zero   RW           44    .bss.Pclk0          main.o
    0x2000000c        -       0x00000004   Zero   RW           45    .bss.Pclk1          main.o
    0x20000010        -       0x00000020   Zero   RW           48    .bss.Read_buff      main.o
    0x20000030        -       0x00000004   Zero   RW           46    .bss.StartAddress   main.o
    0x20000034        -       0x00000020   Zero   RW           47    .bss.Write_buff     main.o
    0x20000054        -       0x00000200   Zero   RW           49    .bss.aprom_buf      main.o
    0x20000254        -       0x00000022   Zero   RW          137    .bss.au8SlvRxData   i2c_transfer.o
    0x20000276   0x00000ad8   0x00000002   PAD
    0x20000278        -       0x00000004   Zero   RW           42    .bss.cksum          main.o
    0x2000027c        -       0x00000004   Zero   RW           43    .bss.code_check_flash  main.o
    0x20000280        -       0x00000004   Zero   RW           97    .bss.g_apromSize    isp_user.o
    0x20000284        -       0x00000004   Zero   RW           99    .bss.g_dataFlashAddr  isp_user.o
    0x20000288        -       0x00000004   Zero   RW          100    .bss.g_dataFlashSize  isp_user.o
    0x2000028c        -       0x00000001   Zero   RW          128    .bss.i2c_ack_data   i2c_transfer.o
    0x2000028d   0x00000ad8   0x00000001   PAD
    0x2000028e        -       0x00000002   Zero   RW          138    .bss.u16SlvDataLen  i2c_transfer.o
    0x20000290        -       0x00000001   Zero   RW          130    .bss.u8JMPAPflag    i2c_transfer.o
    0x20000291        -       0x00000001   Zero   RW          131    .bss.u8PROGAPflag   i2c_transfer.o
    0x20000292        -       0x00000001   Zero   RW          129    .bss.u8eraseflashflag  i2c_transfer.o
    0x20000293   0x00000ad8   0x00000005   PAD
    0x20000298        -       0x00000800   Zero   RW           18    STACK               startup_m251_user.o


==============================================================================

Image component sizes


      Code (inc. data)   RO Data    RW Data    ZI Data      Debug   Object Name

       396         20          0          0          0       2842   fmc_user.o
       944         64         16          0         40       5874   i2c_transfer.o
         0          0          0          0         12       4731   isp_user.o
       838        136          0          0        596       5576   main.o
        80         22        320          0       2048        668   startup_m251_user.o
        36         12          0          8          0       4120   system_m251.o

    ----------------------------------------------------------------------
      2300        254        370          8       2704      23811   Object Totals
         0          0         32          0          0          0   (incl. Generated)
         6          0          2          0          8          0   (incl. Padding)

    ----------------------------------------------------------------------

      Code (inc. data)   RO Data    RW Data    ZI Data      Debug   Library Member Name

         0          0          0          0          0          0   entry.o
         0          0          0          0          0          0   entry10a.o
         0          0          0          0          0          0   entry11a.o
         8          4          0          0          0          0   entry2.o
         4          0          0          0          0          0   entry5.o
         0          0          0          0          0          0   entry7b.o
         0          0          0          0          0          0   entry8b.o
         8          4          0          0          0          0   entry9a.o
        30          0          0          0          0          0   handlers.o
        48         10          0          0          0         68   init.o

    ----------------------------------------------------------------------
        98         18          0          0          0         68   Library Totals
         0          0          0          0          0          0   (incl. Padding)

    ----------------------------------------------------------------------

      Code (inc. data)   RO Data    RW Data    ZI Data      Debug   Library Name

        98         18          0          0          0         68   mc_p.l

    ----------------------------------------------------------------------
        98         18          0          0          0         68   Library Totals

    ----------------------------------------------------------------------

==============================================================================


      Code (inc. data)   RO Data    RW Data    ZI Data      Debug   

      2398        272        370          8       2704      23971   Grand Totals
      2398        272        370          8       2704      23971   ELF Image Totals
      2398        272        370          8          0          0   ROM Totals

==============================================================================

    Total RO  Size (Code + RO Data)                 2768 (   2.70kB)
    Total RW  Size (RW Data + ZI Data)              2712 (   2.65kB)
    Total ROM Size (Code + RO Data + RW Data)       2776 (   2.71kB)

==============================================================================

