<html>
<body>
<pre>
<h1>µVision Build Log</h1>
<h2>Tool Versions:</h2>
IDE-Version: £gVision V5.38.0.0
Copyright (C) 2022 ARM Ltd and ARM Germany GmbH. All rights reserved.
License Information: 1 1, 1, LIC=WHYH9-413EW-Z95G9-4NDX9-YQS6G-RJ072
 
Tool Versions:
Toolchain:       MDK-ARM Plus  Version: 5.41.0.0
Toolchain Path:  C:\Users\tester\AppData\Local\Keil_v5\ARM\ARMCLANG\Bin
C Compiler:      ArmClang.exe V6.22
Assembler:       Armasm.exe V6.22
Linker/Locator:  ArmLink.exe V6.22
Library Manager: ArmAr.exe V6.22
Hex Converter:   FromElf.exe V6.22
CPU DLL:         
Dialog DLL:      
Target DLL:      Nu_Link.dll V3.18
Dialog DLL:      TCM.DLL V1.56.4.0
 
<h2>Project:</h2>
C:\Users\tester\Desktop\M251 dual eeprom\SampleCode\StdDriver\INA3221_CABLE\KEIL\Server_INA3221_Monitor.uvprojx
Project File Date:  02/13/2026

<h2>Output:</h2>
*** Using Compiler 'V6.22', folder: 'C:\Users\tester\AppData\Local\Keil_v5\ARM\ARMCLANG\Bin'
Rebuild target 'Server_INA3221_Monitor'
creating preprocessor file for system_M251.c...
compiling system_M251.c...
creating list file for system_M251.c...
creating preprocessor file for AP_STARTUP_M251.C...
creating list file for AP_STARTUP_M251.C...
compiling AP_STARTUP_M251.C...
creating list file for main.c...
creating preprocessor file for main.c...
compiling main.c...
creating preprocessor file for clk.c...
creating list file for clk.c...
compiling clk.c...
creating list file for retarget.c...
creating preprocessor file for retarget.c...
compiling retarget.c...
creating list file for sys.c...
creating preprocessor file for sys.c...
creating preprocessor file for fmc.c...
compiling sys.c...
creating list file for fmc.c...
creating list file for gpio.c...
compiling fmc.c...
creating preprocessor file for gpio.c...
compiling gpio.c...
creating preprocessor file for timer.c...
creating list file for timer.c...
compiling timer.c...
creating preprocessor file for i2c.c...
creating list file for i2c.c...
creating preprocessor file for usci_i2c.c...
compiling i2c.c...
creating list file for usci_i2c.c...
creating preprocessor file for uart.c...
creating list file for uart.c...
compiling usci_i2c.c...
creating preprocessor file for eeprom_sim.c...
compiling uart.c...
creating list file for eeprom_sim.c...
creating preprocessor file for I2C_Control.c...
creating list file for I2C_Control.c...
compiling eeprom_sim.c...
creating preprocessor file for Monitor_Control.c...
../I2C/I2C_Control.c(204): warning: passing 'volatile uint8_t[256]' (aka 'volatile unsigned char[256]') to parameter of type 'const void *' discards qualifiers [-Wincompatible-pointer-types-discards-qualifiers]
  204 |         else if ((u16SlvDataLen == CMD_LEN_ISP) && (memcmp(au8SlvRxData, CMD_ISP, CMD_LEN_ISP) == 0))
      |                                                            ^~~~~~~~~~~~
C:\Users\tester\AppData\Local\Keil_v5\ARM\ARMCLANG\bin\..\include\string.h(117): note: passing argument to parameter here
  117 | extern _ARMABI int memcmp(const void * /*s1*/, const void * /*s2*/, size_t /*n*/) __attribute__((__nonnull__(1,2)));
      |                                              ^
../I2C/I2C_Control.c(217): warning: passing 'volatile uint8_t[256]' (aka 'volatile unsigned char[256]') to parameter of type 'const void *' discards qualifiers [-Wincompatible-pointer-types-discards-qualifiers]
  217 |         else if ((u16SlvDataLen == CMD_LEN_UPDATE_Imbalance_Threshold) && (memcmp(au8SlvRxData, CMD_UPIT, CMD_LEN_UPDATE_Imbalance_STR) == 0))
      |                                                                                   ^~~~~~~~~~~~
C:\Users\tester\AppData\Local\Keil_v5\ARM\ARMCLANG\bin\..\include\string.h(117): note: passing argument to parameter here
  117 | extern _ARMABI int memcmp(const void * /*s1*/, const void * /*s2*/, size_t /*n*/) __attribute__((__nonnull__(1,2)));
      |                                              ^
../I2C/I2C_Control.c(221): warning: passing 'volatile uint8_t *' (aka 'volatile unsigned char *') to parameter of type 'const void *' discards qualifiers [-Wincompatible-pointer-types-discards-qualifiers]
  221 |             memcpy(&g_AppConfig.u32IMBALANCE_THRESHOLD, &au8SlvRxData[4], sizeof(uint32_t));
      |                                                         ^~~~~~~~~~~~~~~~
C:\Users\tester\AppData\Local\Keil_v5\ARM\ARMCLANG\bin\..\include\string.h(59): note: passing argument to parameter here
   59 |                     const void * __restrict /*s2*/, size_t /*n*/) __attribute__((__nonnull__(1,2)));
      |                                                   ^
../I2C/I2C_Control.c(230): warning: passing 'volatile uint8_t[256]' (aka 'volatile unsigned char[256]') to parameter of type 'const void *' discards qualifiers [-Wincompatible-pointer-types-discards-qualifiers]
  230 |         else if ((u16SlvDataLen == CMD_LEN_UPDATE_Countdown_Threshold) && (memcmp(au8SlvRxData, CMD_UPCD, CMD_LEN_UPDATE_Countdown_STR) == 0))
      |                                                                                   ^~~~~~~~~~~~
C:\Users\tester\AppData\Local\Keil_v5\ARM\ARMCLANG\bin\..\include\string.h(117): note: passing argument to parameter here
  117 | extern _ARMABI int memcmp(const void * /*s1*/, const void * /*s2*/, size_t /*n*/) __attribute__((__nonnull__(1,2)));
      |                                              ^
../I2C/I2C_Control.c(235): warning: passing 'volatile uint8_t *' (aka 'volatile unsigned char *') to parameter of type 'const void *' discards qualifiers [-Wincompatible-pointer-types-discards-qualifiers]
  235 |             memcpy(&g_AppConfig.u32Countdown, &au8SlvRxData[4], sizeof(uint32_t));
      |                                               ^~~~~~~~~~~~~~~~
C:\Users\tester\AppData\Local\Keil_v5\ARM\ARMCLANG\bin\..\include\string.h(59): note: passing argument to parameter here
   59 |                     const void * __restrict /*s2*/, size_t /*n*/) __attribute__((__nonnull__(1,2)));
      |                                                   ^
../I2C/I2C_Control.c(243): warning: passing 'volatile uint8_t[256]' (aka 'volatile unsigned char[256]') to parameter of type 'const void *' discards qualifiers [-Wincompatible-pointer-types-discards-qualifiers]
  243 |         else if ((u16SlvDataLen == CMD_LEN_UPDATE_Debounce_Threshold) && (memcmp(au8SlvRxData, CMD_SWDC, CMD_LEN_UPDATE_Debounce_STR) == 0))
      |                                                                                  ^~~~~~~~~~~~
C:\Users\tester\AppData\Local\Keil_v5\ARM\ARMCLANG\bin\..\include\string.h(117): note: passing argument to parameter here
  117 | extern _ARMABI int memcmp(const void * /*s1*/, const void * /*s2*/, size_t /*n*/) __attribute__((__nonnull__(1,2)));
      |                                              ^
../I2C/I2C_Control.c(256): warning: passing 'volatile uint8_t[256]' (aka 'volatile unsigned char[256]') to parameter of type 'const void *' discards qualifiers [-Wincompatible-pointer-types-discards-qualifiers]
  256 |         else if ((u16SlvDataLen == CMD_LEN_UPDATE_CALIB_DATA) && (memcmp(au8SlvRxData, CMD_UPCA, CMD_LEN_UPDATE_CALIB_STR) == 0))
      |                                                                          ^~~~~~~~~~~~
C:\Users\tester\AppData\Local\Keil_v5\ARM\ARMCLANG\bin\..\include\string.h(117): note: passing argument to parameter here
  117 | extern _ARMABI int memcmp(const void * /*s1*/, const void * /*s2*/, size_t /*n*/) __attribute__((__nonnull__(1,2)));
      |                                              ^
../I2C/I2C_Control.c(276): warning: passing 'volatile uint8_t[256]' (aka 'volatile unsigned char[256]') to parameter of type 'const void *' discards qualifiers [-Wincompatible-pointer-types-discards-qualifiers]
  276 |         else if ((u16SlvDataLen == CMD_LEN_ASSET_DATA) && (memcmp(au8SlvRxData, CMD_UPMF, CMD_LEN_ASSET_STR) == 0))
      |                                                                   ^~~~~~~~~~~~
C:\Users\tester\AppData\Local\Keil_v5\ARM\ARMCLANG\bin\..\include\string.h(117): note: passing argument to parameter here
  117 | extern _ARMABI int memcmp(const void * /*s1*/, const void * /*s2*/, size_t /*n*/) __attribute__((__nonnull__(1,2)));
      |                                              ^
../I2C/I2C_Control.c(279): warning: passing 'volatile uint8_t *' (aka 'volatile unsigned char *') to parameter of type 'const void *' discards qualifiers [-Wincompatible-pointer-types-discards-qualifiers]
  279 |             memcpy(g_au8MFGDate, &au8SlvRxData[4], EEPROM_MFG_DATE_SIZE);
      |                                  ^~~~~~~~~~~~~~~~
C:\Users\tester\AppData\Local\Keil_v5\ARM\ARMCLANG\bin\..\include\string.h(59): note: passing argument to parameter here
   59 |                     const void * __restrict /*s2*/, size_t /*n*/) __attribute__((__nonnull__(1,2)));
      |                                                   ^
../I2C/I2C_Control.c(285): warning: passing 'volatile uint8_t[256]' (aka 'volatile unsigned char[256]') to parameter of type 'const void *' discards qualifiers [-Wincompatible-pointer-types-discards-qualifiers]
  285 |         else if ((u16SlvDataLen == CMD_LEN_ASSET_DATA) && (memcmp(au8SlvRxData, CMD_UPLT, CMD_LEN_ASSET_STR) == 0))
      |                                                                   ^~~~~~~~~~~~
C:\Users\tester\AppData\Local\Keil_v5\ARM\ARMCLANG\bin\..\include\string.h(117): note: passing argument to parameter here
  117 | extern _ARMABI int memcmp(const void * /*s1*/, const void * /*s2*/, size_t /*n*/) __attribute__((__nonnull__(1,2)));
      |                                              ^
../I2C/I2C_Control.c(288): warning: passing 'volatile uint8_t *' (aka 'volatile unsigned char *') to parameter of type 'const void *' discards qualifiers [-Wincompatible-pointer-types-discards-qualifiers]
  288 |             memcpy(g_au8LotID, &au8SlvRxData[4], EEPROM_LOT_ID_SIZE);
      |                                ^~~~~~~~~~~~~~~~
C:\Users\tester\AppData\Local\Keil_v5\ARM\ARMCLANG\bin\..\include\string.h(59): note: passing argument to parameter here
   59 |                     const void * __restrict /*s2*/, size_t /*n*/) __attribute__((__nonnull__(1,2)));
      |                                                   ^
../I2C/I2C_Control.c(294): warning: passing 'volatile uint8_t[256]' (aka 'volatile unsigned char[256]') to parameter of type 'const void *' discards qualifiers [-Wincompatible-pointer-types-discards-qualifiers]
  294 |         else if ((u16SlvDataLen == CMD_LEN_ASSET_DATA) && (memcmp(au8SlvRxData, CMD_UPSN, CMD_LEN_ASSET_STR) == 0))
      |                                                                   ^~~~~~~~~~~~
C:\Users\tester\AppData\Local\Keil_v5\ARM\ARMCLANG\bin\..\include\string.h(117): note: passing argument to parameter here
  117 | extern _ARMABI int memcmp(const void * /*s1*/, const void * /*s2*/, size_t /*n*/) __attribute__((__nonnull__(1,2)));
      |                                              ^
../I2C/I2C_Control.c(297): warning: passing 'volatile uint8_t *' (aka 'volatile unsigned char *') to parameter of type 'const void *' discards qualifiers [-Wincompatible-pointer-types-discards-qualifiers]
  297 |             memcpy(g_au8SerialNumber, &au8SlvRxData[4], EEPROM_SERIAL_NUMBER_SIZE);
      |                                       ^~~~~~~~~~~~~~~~
C:\Users\tester\AppData\Local\Keil_v5\ARM\ARMCLANG\bin\..\include\string.h(59): note: passing argument to parameter here
   59 |                     const void * __restrict /*s2*/, size_t /*n*/) __attribute__((__nonnull__(1,2)));
      |                                                   ^
13 warnings generated.
compiling I2C_Control.c...
creating list file for Monitor_Control.c...
compiling Monitor_Control.c...
linking...
Program Size: Code=17560 RO-data=468 RW-data=20 ZI-data=2284  
After Build - User command #1: fromelf --bin ".\obj\APROM.axf" --output ".\obj\APROM.bin"
After Build - User command #2: .\FILESUM .\obj\APROM.bin .\obj\APROM_SUM.bin"
***********************************************
*           File CheckSum                     *
***********************************************
fize size:18048
file_checksum=0x21c6
".\obj\APROM.axf" - 0 Error(s), 13 Warning(s).

<h2>Software Packages used:</h2>

Package Vendor: Nuvoton
                https://github.com/OpenNuvoton/cmsis-packs/raw/master/Nuvoton_DFP/Nuvoton.NuMicro_DFP.1.3.25.pack
                Nuvoton.NuMicro_DFP.1.3.25
                Nuvoton ARM Cortex-M NuMicro Family Device Support

<h2>Collection of Component include folders:</h2>
  C:/Users/tester/AppData/Local/Arm/Packs/Nuvoton/NuMicro_DFP/1.3.25/Device/M251/Include

<h2>Collection of Component Files used:</h2>
Build Time Elapsed:  00:00:07
</pre>
</body>
</html>
