<html>
<body>
<pre>
<h1>µVision Build Log</h1>
<h2>Tool Versions:</h2>
IDE-Version: £gVision V5.38.0.0
Copyright (C) 2022 ARM Ltd and ARM Germany GmbH. All rights reserved.
License Information: 1 1, 1, LIC=WHYH9-413EW-Z95G9-4NDX9-YQS6G-RJ072
 
Tool Versions:
Toolchain:       MDK-ARM Plus  Version: 5.41.0.0
Toolchain Path:  C:\Users\tester\AppData\Local\Keil_v5\ARM\ARMCLANG\Bin
C Compiler:      ArmClang.exe V6.22
Assembler:       Armasm.exe V6.22
Linker/Locator:  ArmLink.exe V6.22
Library Manager: ArmAr.exe V6.22
Hex Converter:   FromElf.exe V6.22
CPU DLL:         
Dialog DLL:      
Target DLL:      Nu_Link.dll V3.18
Dialog DLL:      TCM.DLL V1.56.4.0
 
<h2>Project:</h2>
C:\Users\tester\Desktop\M251 dual eeprom\SampleCode\StdDriver\INA3221_CABLE_V02_11_00_00_01\KEIL\Server_INA3221_Monitor.uvprojx
Project File Date:  02/11/2026

<h2>Output:</h2>
*** Using Compiler 'V6.22', folder: 'C:\Users\tester\AppData\Local\Keil_v5\ARM\ARMCLANG\Bin'
Rebuild target 'Server_INA3221_Monitor'
creating preprocessor file for system_M251.c...
creating list file for system_M251.c...
compiling system_M251.c...
creating preprocessor file for AP_STARTUP_M251.C...
creating list file for AP_STARTUP_M251.C...
compiling AP_STARTUP_M251.C...
creating preprocessor file for main.c...
creating list file for main.c...
compiling main.c...
creating preprocessor file for clk.c...
creating list file for clk.c...
creating list file for retarget.c...
compiling clk.c...
creating preprocessor file for retarget.c...
compiling retarget.c...
creating list file for sys.c...
creating preprocessor file for sys.c...
creating preprocessor file for fmc.c...
compiling sys.c...
creating list file for fmc.c...
creating preprocessor file for gpio.c...
creating list file for gpio.c...
compiling fmc.c...
creating preprocessor file for timer.c...
compiling gpio.c...
creating list file for timer.c...
creating preprocessor file for i2c.c...
compiling timer.c...
creating list file for i2c.c...
creating preprocessor file for usci_i2c.c...
compiling i2c.c...
creating list file for usci_i2c.c...
creating preprocessor file for uart.c...
creating list file for uart.c...
compiling usci_i2c.c...
creating preprocessor file for eeprom_sim.c...
compiling uart.c...
creating list file for eeprom_sim.c...
creating preprocessor file for I2C_Control.c...
creating list file for I2C_Control.c...
compiling eeprom_sim.c...
compiling I2C_Control.c...
creating preprocessor file for Monitor_Control.c...
creating list file for Monitor_Control.c...
compiling Monitor_Control.c...
linking...
Program Size: Code=15012 RO-data=472 RW-data=20 ZI-data=2264  
After Build - User command #1: fromelf --bin ".\obj\Server_INA3221_Monitor_22_12_00_00_07.axf" --output ".\obj\Server_INA3221_Monitor_22_12_00_00_07.bin"
After Build - User command #2: .\FILESUM .\obj\Server_INA3221_Monitor_22_12_00_00_07.bin .\obj\Server_INA3221_Monitor_22_12_00_00_07_SUM.bin"
***********************************************
*           File CheckSum                     *
***********************************************
fize size:15504
file_checksum=0x636c
".\obj\Server_INA3221_Monitor_22_12_00_00_07.axf" - 0 Error(s), 0 Warning(s).

<h2>Software Packages used:</h2>

Package Vendor: Nuvoton
                https://github.com/OpenNuvoton/cmsis-packs/raw/master/Nuvoton_DFP/Nuvoton.NuMicro_DFP.1.3.25.pack
                Nuvoton.NuMicro_DFP.1.3.25
                Nuvoton ARM Cortex-M NuMicro Family Device Support

<h2>Collection of Component include folders:</h2>
  C:/Users/tester/AppData/Local/Arm/Packs/Nuvoton/NuMicro_DFP/1.3.25/Device/M251/Include

<h2>Collection of Component Files used:</h2>
Build Time Elapsed:  00:00:05
</pre>
</body>
</html>
