<!doctype html public "-//w3c//dtd html 4.0 transitional//en">
<html><head>
<title>Static Call Graph - [.\obj\Server_INA3221_Monitor_22_12_00_00_07.axf]</title></head>
<body><HR>
<H1>Static Call Graph for image .\obj\Server_INA3221_Monitor_22_12_00_00_07.axf</H1><HR>
<BR><P>#&#060CALLGRAPH&#062# ARM Linker, 6220000: Last Updated: Thu Feb 12 11:48:40 2026
<BR><P>
<H3>Maximum Stack Usage =        260 bytes + Unknown(Untraceable Function Pointers)</H3><H3>
Call chain for Maximum Stack Depth:</H3>
main &rArr; Init_App_Setting_U8 &rArr; Write_EEPROM &rArr; Write_Data &rArr; Manage_Next_Page &rArr; FMC_Erase
<P>
<H3>
Function Pointers
</H3><UL>
 <LI><a href="#[31]">ACMP01_IRQHandler</a> from ap_startup_m251.o(.text.Default_Handler) referenced from ap_startup_m251.o(RESET)
 <LI><a href="#[6]">BOD_IRQHandler</a> from ap_startup_m251.o(.text.Default_Handler) referenced from ap_startup_m251.o(RESET)
 <LI><a href="#[32]">BPWM0_IRQHandler</a> from ap_startup_m251.o(.text.Default_Handler) referenced from ap_startup_m251.o(RESET)
 <LI><a href="#[3b]">BPWM1_IRQHandler</a> from ap_startup_m251.o(.text.Default_Handler) referenced from ap_startup_m251.o(RESET)
 <LI><a href="#[1d]">BRAKE0_IRQHandler</a> from ap_startup_m251.o(.text.Default_Handler) referenced from ap_startup_m251.o(RESET)
 <LI><a href="#[21]">BRAKE1_IRQHandler</a> from ap_startup_m251.o(.text.Default_Handler) referenced from ap_startup_m251.o(RESET)
 <LI><a href="#[a]">CLKFAIL_IRQHandler</a> from ap_startup_m251.o(.text.Default_Handler) referenced from ap_startup_m251.o(RESET)
 <LI><a href="#[3d]">CRPT_IRQHandler</a> from ap_startup_m251.o(.text.Default_Handler) referenced from ap_startup_m251.o(RESET)
 <LI><a href="#[2e]">DAC_IRQHandler</a> from ap_startup_m251.o(.text.Default_Handler) referenced from ap_startup_m251.o(RESET)
 <LI><a href="#[9]">Default_Handler</a> from ap_startup_m251.o(.text.Default_Handler) referenced 4 times from ap_startup_m251.o(RESET)
 <LI><a href="#[2f]">EADC_INT0_IRQHandler</a> from ap_startup_m251.o(.text.Default_Handler) referenced from ap_startup_m251.o(RESET)
 <LI><a href="#[30]">EADC_INT1_IRQHandler</a> from ap_startup_m251.o(.text.Default_Handler) referenced from ap_startup_m251.o(RESET)
 <LI><a href="#[33]">EADC_INT2_IRQHandler</a> from ap_startup_m251.o(.text.Default_Handler) referenced from ap_startup_m251.o(RESET)
 <LI><a href="#[34]">EADC_INT3_IRQHandler</a> from ap_startup_m251.o(.text.Default_Handler) referenced from ap_startup_m251.o(RESET)
 <LI><a href="#[f]">EINT0_IRQHandler</a> from ap_startup_m251.o(.text.Default_Handler) referenced from ap_startup_m251.o(RESET)
 <LI><a href="#[10]">EINT1_IRQHandler</a> from ap_startup_m251.o(.text.Default_Handler) referenced from ap_startup_m251.o(RESET)
 <LI><a href="#[11]">EINT2_IRQHandler</a> from ap_startup_m251.o(.text.Default_Handler) referenced from ap_startup_m251.o(RESET)
 <LI><a href="#[12]">EINT3_IRQHandler</a> from ap_startup_m251.o(.text.Default_Handler) referenced from ap_startup_m251.o(RESET)
 <LI><a href="#[13]">EINT4_IRQHandler</a> from ap_startup_m251.o(.text.Default_Handler) referenced from ap_startup_m251.o(RESET)
 <LI><a href="#[14]">EINT5_IRQHandler</a> from ap_startup_m251.o(.text.Default_Handler) referenced from ap_startup_m251.o(RESET)
 <LI><a href="#[15]">GPA_IRQHandler</a> from ap_startup_m251.o(.text.Default_Handler) referenced from ap_startup_m251.o(RESET)
 <LI><a href="#[16]">GPB_IRQHandler</a> from ap_startup_m251.o(.text.Default_Handler) referenced from ap_startup_m251.o(RESET)
 <LI><a href="#[17]">GPC_IRQHandler</a> from ap_startup_m251.o(.text.Default_Handler) referenced from ap_startup_m251.o(RESET)
 <LI><a href="#[18]">GPD_IRQHandler</a> from ap_startup_m251.o(.text.Default_Handler) referenced from ap_startup_m251.o(RESET)
 <LI><a href="#[19]">GPE_IRQHandler</a> from ap_startup_m251.o(.text.Default_Handler) referenced from ap_startup_m251.o(RESET)
 <LI><a href="#[1a]">GPF_IRQHandler</a> from ap_startup_m251.o(.text.Default_Handler) referenced from ap_startup_m251.o(RESET)
 <LI><a href="#[2]">HardFault_Handler</a> from ap_startup_m251.o(.text.HardFault_Handler) referenced from ap_startup_m251.o(RESET)
 <LI><a href="#[2b]">I2C0_IRQHandler</a> from monitor_control.o(.text.I2C0_IRQHandler) referenced from ap_startup_m251.o(RESET)
 <LI><a href="#[45]">I2C0_MasterTRx</a> from monitor_control.o(.text.I2C0_MasterTRx) referenced from monitor_control.o(.text.I2C0_Init)
 <LI><a href="#[2c]">I2C1_IRQHandler</a> from i2c_control.o(.text.I2C1_IRQHandler) referenced from ap_startup_m251.o(RESET)
 <LI><a href="#[46]">I2C_SlaveTRx</a> from i2c_control.o(.text.I2C_SlaveTRx) referenced from i2c_control.o(.text.I2C1_Init)
 <LI><a href="#[7]">IRCTRIM_IRQHandler</a> from ap_startup_m251.o(.text.Default_Handler) referenced from ap_startup_m251.o(RESET)
 <LI><a href="#[40]">LCD_IRQHandler</a> from ap_startup_m251.o(.text.Default_Handler) referenced from ap_startup_m251.o(RESET)
 <LI><a href="#[1]">NMI_Handler</a> from ap_startup_m251.o(.text.Default_Handler) referenced from ap_startup_m251.o(RESET)
 <LI><a href="#[41]">OPA_IRQHandler</a> from ap_startup_m251.o(.text.Default_Handler) referenced from ap_startup_m251.o(RESET)
 <LI><a href="#[2d]">PDMA_IRQHandler</a> from ap_startup_m251.o(.text.Default_Handler) referenced from ap_startup_m251.o(RESET)
 <LI><a href="#[3c]">PSIO_IRQHandler</a> from ap_startup_m251.o(.text.Default_Handler) referenced from ap_startup_m251.o(RESET)
 <LI><a href="#[1e]">PWM0_P0_IRQHandler</a> from ap_startup_m251.o(.text.Default_Handler) referenced from ap_startup_m251.o(RESET)
 <LI><a href="#[1f]">PWM0_P1_IRQHandler</a> from ap_startup_m251.o(.text.Default_Handler) referenced from ap_startup_m251.o(RESET)
 <LI><a href="#[20]">PWM0_P2_IRQHandler</a> from ap_startup_m251.o(.text.Default_Handler) referenced from ap_startup_m251.o(RESET)
 <LI><a href="#[22]">PWM1_P0_IRQHandler</a> from ap_startup_m251.o(.text.Default_Handler) referenced from ap_startup_m251.o(RESET)
 <LI><a href="#[23]">PWM1_P1_IRQHandler</a> from ap_startup_m251.o(.text.Default_Handler) referenced from ap_startup_m251.o(RESET)
 <LI><a href="#[24]">PWM1_P2_IRQHandler</a> from ap_startup_m251.o(.text.Default_Handler) referenced from ap_startup_m251.o(RESET)
 <LI><a href="#[8]">PWRWU_IRQHandler</a> from ap_startup_m251.o(.text.Default_Handler) referenced from ap_startup_m251.o(RESET)
 <LI><a href="#[4]">PendSV_Handler</a> from ap_startup_m251.o(.text.Default_Handler) referenced from ap_startup_m251.o(RESET)
 <LI><a href="#[44]">ProcessHardFault</a> from main.o(.text.ProcessHardFault) referenced from ap_startup_m251.o(.text.HardFault_Handler)
 <LI><a href="#[1b]">QSPI0_IRQHandler</a> from ap_startup_m251.o(.text.Default_Handler) referenced from ap_startup_m251.o(RESET)
 <LI><a href="#[b]">RTC_IRQHandler</a> from ap_startup_m251.o(.text.Default_Handler) referenced from ap_startup_m251.o(RESET)
 <LI><a href="#[0]">Reset_Handler</a> from ap_startup_m251.o(.text.Reset_Handler) referenced from ap_startup_m251.o(RESET)
 <LI><a href="#[3e]">SC0_IRQHandler</a> from ap_startup_m251.o(.text.Default_Handler) referenced from ap_startup_m251.o(RESET)
 <LI><a href="#[1c]">SPI0_IRQHandler</a> from ap_startup_m251.o(.text.Default_Handler) referenced from ap_startup_m251.o(RESET)
 <LI><a href="#[38]">SPI1_IRQHandler</a> from ap_startup_m251.o(.text.Default_Handler) referenced from ap_startup_m251.o(RESET)
 <LI><a href="#[3]">SVC_Handler</a> from ap_startup_m251.o(.text.Default_Handler) referenced from ap_startup_m251.o(RESET)
 <LI><a href="#[5]">SysTick_Handler</a> from main.o(.text.SysTick_Handler) referenced from ap_startup_m251.o(RESET)
 <LI><a href="#[c]">TAMPER_IRQHandler</a> from ap_startup_m251.o(.text.Default_Handler) referenced from ap_startup_m251.o(RESET)
 <LI><a href="#[42]">TK_IRQHandler</a> from ap_startup_m251.o(.text.Default_Handler) referenced from ap_startup_m251.o(RESET)
 <LI><a href="#[25]">TMR0_IRQHandler</a> from ap_startup_m251.o(.text.Default_Handler) referenced from ap_startup_m251.o(RESET)
 <LI><a href="#[26]">TMR1_IRQHandler</a> from ap_startup_m251.o(.text.Default_Handler) referenced from ap_startup_m251.o(RESET)
 <LI><a href="#[27]">TMR2_IRQHandler</a> from ap_startup_m251.o(.text.Default_Handler) referenced from ap_startup_m251.o(RESET)
 <LI><a href="#[28]">TMR3_IRQHandler</a> from ap_startup_m251.o(.text.Default_Handler) referenced from ap_startup_m251.o(RESET)
 <LI><a href="#[29]">UART0_IRQHandler</a> from ap_startup_m251.o(.text.Default_Handler) referenced from ap_startup_m251.o(RESET)
 <LI><a href="#[2a]">UART1_IRQHandler</a> from ap_startup_m251.o(.text.Default_Handler) referenced from ap_startup_m251.o(RESET)
 <LI><a href="#[35]">UART2_IRQHandler</a> from ap_startup_m251.o(.text.Default_Handler) referenced from ap_startup_m251.o(RESET)
 <LI><a href="#[36]">UART3_IRQHandler</a> from ap_startup_m251.o(.text.Default_Handler) referenced from ap_startup_m251.o(RESET)
 <LI><a href="#[47]">UI2C1_MasterTRx</a> from monitor_control.o(.text.UI2C1_MasterTRx) referenced from monitor_control.o(.text.UI2C1_Init)
 <LI><a href="#[3a]">USBD_IRQHandler</a> from ap_startup_m251.o(.text.Default_Handler) referenced from ap_startup_m251.o(RESET)
 <LI><a href="#[37]">USCI0_IRQHandler</a> from ap_startup_m251.o(.text.Default_Handler) referenced from ap_startup_m251.o(RESET)
 <LI><a href="#[39]">USCI1_IRQHandler</a> from monitor_control.o(.text.USCI1_IRQHandler) referenced from ap_startup_m251.o(RESET)
 <LI><a href="#[3f]">USCI2_IRQHandler</a> from ap_startup_m251.o(.text.Default_Handler) referenced from ap_startup_m251.o(RESET)
 <LI><a href="#[d]">WDT_IRQHandler</a> from ap_startup_m251.o(.text.Default_Handler) referenced from ap_startup_m251.o(RESET)
 <LI><a href="#[e]">WWDT_IRQHandler</a> from ap_startup_m251.o(.text.Default_Handler) referenced from ap_startup_m251.o(RESET)
 <LI><a href="#[48]">fputc</a> from retarget.o(.text.fputc) referenced from printfa.o(i.__0printf)
 <LI><a href="#[43]">main</a> from main.o(.text.main) referenced from entry9a.o(.ARM.Collect$$$$0000000B)
</UL>
<P>
<H3>
Global Symbols
</H3>
<P><STRONG><a name="[49]"></a>__main</STRONG> (Thumb, 0 bytes, Stack size unknown bytes, entry.o(.ARM.Collect$$$$00000000))
<BR><BR>[Called By]<UL><LI><a href="#[0]">&gt;&gt;</a>&nbsp;&nbsp;&nbsp;Reset_Handler
</UL>

<P><STRONG><a name="[ad]"></a>_main_stk</STRONG> (Thumb, 0 bytes, Stack size unknown bytes, entry4.o(.ARM.Collect$$$$00000003))

<P><STRONG><a name="[4a]"></a>_main_scatterload</STRONG> (Thumb, 0 bytes, Stack size unknown bytes, entry5.o(.ARM.Collect$$$$00000004))
<BR><BR>[Calls]<UL><LI><a href="#[4b]">&gt;&gt;</a>&nbsp;&nbsp;&nbsp;__scatterload
</UL>

<P><STRONG><a name="[58]"></a>__main_after_scatterload</STRONG> (Thumb, 0 bytes, Stack size unknown bytes, entry5.o(.ARM.Collect$$$$00000004))
<BR><BR>[Called By]<UL><LI><a href="#[4b]">&gt;&gt;</a>&nbsp;&nbsp;&nbsp;__scatterload
</UL>

<P><STRONG><a name="[ae]"></a>_main_clock</STRONG> (Thumb, 0 bytes, Stack size unknown bytes, entry7b.o(.ARM.Collect$$$$00000008))

<P><STRONG><a name="[af]"></a>_main_cpp_init</STRONG> (Thumb, 0 bytes, Stack size unknown bytes, entry8b.o(.ARM.Collect$$$$0000000A))

<P><STRONG><a name="[b0]"></a>_main_init</STRONG> (Thumb, 0 bytes, Stack size unknown bytes, entry9a.o(.ARM.Collect$$$$0000000B))

<P><STRONG><a name="[b1]"></a>__rt_final_cpp</STRONG> (Thumb, 0 bytes, Stack size unknown bytes, entry10a.o(.ARM.Collect$$$$0000000D))

<P><STRONG><a name="[b2]"></a>__rt_final_exit</STRONG> (Thumb, 0 bytes, Stack size unknown bytes, entry11a.o(.ARM.Collect$$$$0000000F))

<P><STRONG><a name="[a2]"></a>__aeabi_memcpy</STRONG> (Thumb, 36 bytes, Stack size 0 bytes, memcpya.o(.text))
<BR><BR>[Called By]<UL><LI><a href="#[43]">&gt;&gt;</a>&nbsp;&nbsp;&nbsp;main
</UL>

<P><STRONG><a name="[b3]"></a>__aeabi_memcpy4</STRONG> (Thumb, 0 bytes, Stack size 0 bytes, memcpya.o(.text), UNUSED)

<P><STRONG><a name="[b4]"></a>__aeabi_memcpy8</STRONG> (Thumb, 0 bytes, Stack size 0 bytes, memcpya.o(.text), UNUSED)

<P><STRONG><a name="[4c]"></a>__aeabi_uldivmod</STRONG> (Thumb, 96 bytes, Stack size 48 bytes, uldiv.o(.text), UNUSED)
<BR><BR>[Calls]<UL><LI><a href="#[4d]">&gt;&gt;</a>&nbsp;&nbsp;&nbsp;__aeabi_llsr
<LI><a href="#[4e]">&gt;&gt;</a>&nbsp;&nbsp;&nbsp;__aeabi_llsl
</UL>
<BR>[Called By]<UL><LI><a href="#[a7]">&gt;&gt;</a>&nbsp;&nbsp;&nbsp;_printf_core
<LI><a href="#[a8]">&gt;&gt;</a>&nbsp;&nbsp;&nbsp;_fp_digits
</UL>

<P><STRONG><a name="[b5]"></a>__I$use$fp</STRONG> (Thumb, 0 bytes, Stack size 48 bytes, iusefp.o(.text), UNUSED)

<P><STRONG><a name="[4f]"></a>__aeabi_dadd</STRONG> (Thumb, 328 bytes, Stack size 48 bytes, dadd.o(.text), UNUSED)
<BR><BR>[Calls]<UL><LI><a href="#[50]">&gt;&gt;</a>&nbsp;&nbsp;&nbsp;__aeabi_lasr
<LI><a href="#[4e]">&gt;&gt;</a>&nbsp;&nbsp;&nbsp;__aeabi_llsl
<LI><a href="#[52]">&gt;&gt;</a>&nbsp;&nbsp;&nbsp;_double_round
<LI><a href="#[51]">&gt;&gt;</a>&nbsp;&nbsp;&nbsp;_double_epilogue
</UL>
<BR>[Called By]<UL><LI><a href="#[54]">&gt;&gt;</a>&nbsp;&nbsp;&nbsp;__aeabi_drsub
<LI><a href="#[53]">&gt;&gt;</a>&nbsp;&nbsp;&nbsp;__aeabi_dsub
<LI><a href="#[a8]">&gt;&gt;</a>&nbsp;&nbsp;&nbsp;_fp_digits
</UL>

<P><STRONG><a name="[53]"></a>__aeabi_dsub</STRONG> (Thumb, 12 bytes, Stack size 8 bytes, dadd.o(.text), UNUSED)
<BR><BR>[Calls]<UL><LI><a href="#[4f]">&gt;&gt;</a>&nbsp;&nbsp;&nbsp;__aeabi_dadd
</UL>

<P><STRONG><a name="[54]"></a>__aeabi_drsub</STRONG> (Thumb, 12 bytes, Stack size 8 bytes, dadd.o(.text), UNUSED)
<BR><BR>[Calls]<UL><LI><a href="#[4f]">&gt;&gt;</a>&nbsp;&nbsp;&nbsp;__aeabi_dadd
</UL>

<P><STRONG><a name="[55]"></a>__aeabi_dmul</STRONG> (Thumb, 202 bytes, Stack size 72 bytes, dmul.o(.text), UNUSED)
<BR><BR>[Calls]<UL><LI><a href="#[51]">&gt;&gt;</a>&nbsp;&nbsp;&nbsp;_double_epilogue
</UL>
<BR>[Called By]<UL><LI><a href="#[a8]">&gt;&gt;</a>&nbsp;&nbsp;&nbsp;_fp_digits
</UL>

<P><STRONG><a name="[56]"></a>__aeabi_ddiv</STRONG> (Thumb, 234 bytes, Stack size 40 bytes, ddiv.o(.text), UNUSED)
<BR><BR>[Calls]<UL><LI><a href="#[52]">&gt;&gt;</a>&nbsp;&nbsp;&nbsp;_double_round
</UL>
<BR>[Called By]<UL><LI><a href="#[a8]">&gt;&gt;</a>&nbsp;&nbsp;&nbsp;_fp_digits
</UL>

<P><STRONG><a name="[57]"></a>__aeabi_d2ulz</STRONG> (Thumb, 54 bytes, Stack size 8 bytes, dfixul.o(.text), UNUSED)
<BR><BR>[Calls]<UL><LI><a href="#[4d]">&gt;&gt;</a>&nbsp;&nbsp;&nbsp;__aeabi_llsr
<LI><a href="#[4e]">&gt;&gt;</a>&nbsp;&nbsp;&nbsp;__aeabi_llsl
</UL>
<BR>[Called By]<UL><LI><a href="#[a8]">&gt;&gt;</a>&nbsp;&nbsp;&nbsp;_fp_digits
</UL>

<P><STRONG><a name="[a9]"></a>__aeabi_cdrcmple</STRONG> (Thumb, 38 bytes, Stack size 0 bytes, cdrcmple.o(.text), UNUSED)
<BR><BR>[Called By]<UL><LI><a href="#[a8]">&gt;&gt;</a>&nbsp;&nbsp;&nbsp;_fp_digits
</UL>

<P><STRONG><a name="[4b]"></a>__scatterload</STRONG> (Thumb, 38 bytes, Stack size 0 bytes, init.o(.text))
<BR><BR>[Calls]<UL><LI><a href="#[58]">&gt;&gt;</a>&nbsp;&nbsp;&nbsp;__main_after_scatterload
</UL>
<BR>[Called By]<UL><LI><a href="#[4a]">&gt;&gt;</a>&nbsp;&nbsp;&nbsp;_main_scatterload
</UL>

<P><STRONG><a name="[b6]"></a>__scatterload_rt2</STRONG> (Thumb, 0 bytes, Stack size 0 bytes, init.o(.text), UNUSED)

<P><STRONG><a name="[b7]"></a>__aeabi_uidiv$div0</STRONG> (Thumb, 0 bytes, Stack size 16 bytes, uidiv_div0.o(.text), UNUSED)

<P><STRONG><a name="[ac]"></a>__aeabi_uidivmod</STRONG> (Thumb, 62 bytes, Stack size 16 bytes, uidiv_div0.o(.text), UNUSED)
<BR><BR>[Called By]<UL><LI><a href="#[a7]">&gt;&gt;</a>&nbsp;&nbsp;&nbsp;_printf_core
</UL>

<P><STRONG><a name="[4e]"></a>__aeabi_llsl</STRONG> (Thumb, 32 bytes, Stack size 8 bytes, llshl.o(.text), UNUSED)
<BR><BR>[Called By]<UL><LI><a href="#[51]">&gt;&gt;</a>&nbsp;&nbsp;&nbsp;_double_epilogue
<LI><a href="#[4c]">&gt;&gt;</a>&nbsp;&nbsp;&nbsp;__aeabi_uldivmod
<LI><a href="#[4f]">&gt;&gt;</a>&nbsp;&nbsp;&nbsp;__aeabi_dadd
<LI><a href="#[57]">&gt;&gt;</a>&nbsp;&nbsp;&nbsp;__aeabi_d2ulz
</UL>

<P><STRONG><a name="[b8]"></a>_ll_shift_l</STRONG> (Thumb, 0 bytes, Stack size 8 bytes, llshl.o(.text), UNUSED)

<P><STRONG><a name="[4d]"></a>__aeabi_llsr</STRONG> (Thumb, 34 bytes, Stack size 8 bytes, llushr.o(.text), UNUSED)
<BR><BR>[Called By]<UL><LI><a href="#[51]">&gt;&gt;</a>&nbsp;&nbsp;&nbsp;_double_epilogue
<LI><a href="#[4c]">&gt;&gt;</a>&nbsp;&nbsp;&nbsp;__aeabi_uldivmod
<LI><a href="#[57]">&gt;&gt;</a>&nbsp;&nbsp;&nbsp;__aeabi_d2ulz
</UL>

<P><STRONG><a name="[b9]"></a>_ll_ushift_r</STRONG> (Thumb, 0 bytes, Stack size 8 bytes, llushr.o(.text), UNUSED)

<P><STRONG><a name="[50]"></a>__aeabi_lasr</STRONG> (Thumb, 38 bytes, Stack size 8 bytes, llsshr.o(.text), UNUSED)
<BR><BR>[Called By]<UL><LI><a href="#[4f]">&gt;&gt;</a>&nbsp;&nbsp;&nbsp;__aeabi_dadd
</UL>

<P><STRONG><a name="[ba]"></a>_ll_sshift_r</STRONG> (Thumb, 0 bytes, Stack size 8 bytes, llsshr.o(.text), UNUSED)

<P><STRONG><a name="[52]"></a>_double_round</STRONG> (Thumb, 26 bytes, Stack size 8 bytes, depilogue.o(.text), UNUSED)
<BR><BR>[Called By]<UL><LI><a href="#[51]">&gt;&gt;</a>&nbsp;&nbsp;&nbsp;_double_epilogue
<LI><a href="#[56]">&gt;&gt;</a>&nbsp;&nbsp;&nbsp;__aeabi_ddiv
<LI><a href="#[4f]">&gt;&gt;</a>&nbsp;&nbsp;&nbsp;__aeabi_dadd
</UL>

<P><STRONG><a name="[51]"></a>_double_epilogue</STRONG> (Thumb, 164 bytes, Stack size 48 bytes, depilogue.o(.text), UNUSED)
<BR><BR>[Calls]<UL><LI><a href="#[59]">&gt;&gt;</a>&nbsp;&nbsp;&nbsp;__ARM_clz
<LI><a href="#[4d]">&gt;&gt;</a>&nbsp;&nbsp;&nbsp;__aeabi_llsr
<LI><a href="#[4e]">&gt;&gt;</a>&nbsp;&nbsp;&nbsp;__aeabi_llsl
<LI><a href="#[52]">&gt;&gt;</a>&nbsp;&nbsp;&nbsp;_double_round
</UL>
<BR>[Called By]<UL><LI><a href="#[55]">&gt;&gt;</a>&nbsp;&nbsp;&nbsp;__aeabi_dmul
<LI><a href="#[4f]">&gt;&gt;</a>&nbsp;&nbsp;&nbsp;__aeabi_dadd
</UL>

<P><STRONG><a name="[5b]"></a>CLK_DisablePLL</STRONG> (Thumb, 16 bytes, Stack size 0 bytes, clk.o(.text.CLK_DisablePLL))
<BR><BR>[Called By]<UL><LI><a href="#[5a]">&gt;&gt;</a>&nbsp;&nbsp;&nbsp;CLK_EnablePLL
</UL>

<P><STRONG><a name="[6c]"></a>CLK_EnableModuleClock</STRONG> (Thumb, 48 bytes, Stack size 16 bytes, clk.o(.text.CLK_EnableModuleClock))
<BR><BR>[Stack]<UL><LI>Max Depth = 16<LI>Call Chain = CLK_EnableModuleClock
</UL>
<BR>[Called By]<UL><LI><a href="#[9a]">&gt;&gt;</a>&nbsp;&nbsp;&nbsp;UI2C1_Init
<LI><a href="#[6a]">&gt;&gt;</a>&nbsp;&nbsp;&nbsp;I2C0_Init
<LI><a href="#[73]">&gt;&gt;</a>&nbsp;&nbsp;&nbsp;I2C1_Init
</UL>

<P><STRONG><a name="[5a]"></a>CLK_EnablePLL</STRONG> (Thumb, 648 bytes, Stack size 80 bytes, clk.o(.text.CLK_EnablePLL))
<BR><BR>[Stack]<UL><LI>Max Depth = 108<LI>Call Chain = CLK_EnablePLL &rArr; CLK_GetPLLClockFreq
</UL>
<BR>[Calls]<UL><LI><a href="#[5b]">&gt;&gt;</a>&nbsp;&nbsp;&nbsp;CLK_DisablePLL
<LI><a href="#[5c]">&gt;&gt;</a>&nbsp;&nbsp;&nbsp;CLK_WaitClockReady
<LI><a href="#[5d]">&gt;&gt;</a>&nbsp;&nbsp;&nbsp;CLK_GetPLLClockFreq
</UL>
<BR>[Called By]<UL><LI><a href="#[61]">&gt;&gt;</a>&nbsp;&nbsp;&nbsp;CLK_SetCoreClock
</UL>

<P><STRONG><a name="[92]"></a>CLK_EnableXtalRC</STRONG> (Thumb, 20 bytes, Stack size 4 bytes, clk.o(.text.CLK_EnableXtalRC))
<BR><BR>[Stack]<UL><LI>Max Depth = 4<LI>Call Chain = CLK_EnableXtalRC
</UL>
<BR>[Called By]<UL><LI><a href="#[91]">&gt;&gt;</a>&nbsp;&nbsp;&nbsp;SYS_Init
</UL>

<P><STRONG><a name="[5e]"></a>CLK_GetPCLK0Freq</STRONG> (Thumb, 128 bytes, Stack size 16 bytes, clk.o(.text.CLK_GetPCLK0Freq))
<BR><BR>[Stack]<UL><LI>Max Depth = 68<LI>Call Chain = CLK_GetPCLK0Freq &rArr; SystemCoreClockUpdate &rArr; CLK_GetPLLClockFreq
</UL>
<BR>[Calls]<UL><LI><a href="#[5f]">&gt;&gt;</a>&nbsp;&nbsp;&nbsp;SystemCoreClockUpdate
</UL>
<BR>[Called By]<UL><LI><a href="#[9b]">&gt;&gt;</a>&nbsp;&nbsp;&nbsp;UI2C_Open
<LI><a href="#[6d]">&gt;&gt;</a>&nbsp;&nbsp;&nbsp;I2C_Open
</UL>

<P><STRONG><a name="[60]"></a>CLK_GetPCLK1Freq</STRONG> (Thumb, 132 bytes, Stack size 16 bytes, clk.o(.text.CLK_GetPCLK1Freq))
<BR><BR>[Stack]<UL><LI>Max Depth = 68<LI>Call Chain = CLK_GetPCLK1Freq &rArr; SystemCoreClockUpdate &rArr; CLK_GetPLLClockFreq
</UL>
<BR>[Calls]<UL><LI><a href="#[5f]">&gt;&gt;</a>&nbsp;&nbsp;&nbsp;SystemCoreClockUpdate
</UL>
<BR>[Called By]<UL><LI><a href="#[9b]">&gt;&gt;</a>&nbsp;&nbsp;&nbsp;UI2C_Open
<LI><a href="#[6d]">&gt;&gt;</a>&nbsp;&nbsp;&nbsp;I2C_Open
</UL>

<P><STRONG><a name="[5d]"></a>CLK_GetPLLClockFreq</STRONG> (Thumb, 160 bytes, Stack size 28 bytes, clk.o(.text.CLK_GetPLLClockFreq))
<BR><BR>[Stack]<UL><LI>Max Depth = 28<LI>Call Chain = CLK_GetPLLClockFreq
</UL>
<BR>[Called By]<UL><LI><a href="#[5a]">&gt;&gt;</a>&nbsp;&nbsp;&nbsp;CLK_EnablePLL
<LI><a href="#[5f]">&gt;&gt;</a>&nbsp;&nbsp;&nbsp;SystemCoreClockUpdate
</UL>

<P><STRONG><a name="[61]"></a>CLK_SetCoreClock</STRONG> (Thumb, 160 bytes, Stack size 24 bytes, clk.o(.text.CLK_SetCoreClock))
<BR><BR>[Stack]<UL><LI>Max Depth = 132<LI>Call Chain = CLK_SetCoreClock &rArr; CLK_EnablePLL &rArr; CLK_GetPLLClockFreq
</UL>
<BR>[Calls]<UL><LI><a href="#[62]">&gt;&gt;</a>&nbsp;&nbsp;&nbsp;CLK_SetHCLK
<LI><a href="#[5a]">&gt;&gt;</a>&nbsp;&nbsp;&nbsp;CLK_EnablePLL
<LI><a href="#[5c]">&gt;&gt;</a>&nbsp;&nbsp;&nbsp;CLK_WaitClockReady
</UL>
<BR>[Called By]<UL><LI><a href="#[91]">&gt;&gt;</a>&nbsp;&nbsp;&nbsp;SYS_Init
</UL>

<P><STRONG><a name="[62]"></a>CLK_SetHCLK</STRONG> (Thumb, 92 bytes, Stack size 24 bytes, clk.o(.text.CLK_SetHCLK))
<BR><BR>[Stack]<UL><LI>Max Depth = 76<LI>Call Chain = CLK_SetHCLK &rArr; SystemCoreClockUpdate &rArr; CLK_GetPLLClockFreq
</UL>
<BR>[Calls]<UL><LI><a href="#[5c]">&gt;&gt;</a>&nbsp;&nbsp;&nbsp;CLK_WaitClockReady
<LI><a href="#[5f]">&gt;&gt;</a>&nbsp;&nbsp;&nbsp;SystemCoreClockUpdate
</UL>
<BR>[Called By]<UL><LI><a href="#[61]">&gt;&gt;</a>&nbsp;&nbsp;&nbsp;CLK_SetCoreClock
</UL>

<P><STRONG><a name="[5c]"></a>CLK_WaitClockReady</STRONG> (Thumb, 68 bytes, Stack size 12 bytes, clk.o(.text.CLK_WaitClockReady))
<BR><BR>[Stack]<UL><LI>Max Depth = 12<LI>Call Chain = CLK_WaitClockReady
</UL>
<BR>[Called By]<UL><LI><a href="#[62]">&gt;&gt;</a>&nbsp;&nbsp;&nbsp;CLK_SetHCLK
<LI><a href="#[5a]">&gt;&gt;</a>&nbsp;&nbsp;&nbsp;CLK_EnablePLL
<LI><a href="#[61]">&gt;&gt;</a>&nbsp;&nbsp;&nbsp;CLK_SetCoreClock
<LI><a href="#[91]">&gt;&gt;</a>&nbsp;&nbsp;&nbsp;SYS_Init
</UL>

<P><STRONG><a name="[31]"></a>ACMP01_IRQHandler</STRONG> (Thumb, 4 bytes, Stack size 0 bytes, ap_startup_m251.o(.text.Default_Handler))
<BR>[Address Reference Count : 1]<UL><LI> ap_startup_m251.o(RESET)
</UL>
<P><STRONG><a name="[6]"></a>BOD_IRQHandler</STRONG> (Thumb, 4 bytes, Stack size 0 bytes, ap_startup_m251.o(.text.Default_Handler))
<BR>[Address Reference Count : 1]<UL><LI> ap_startup_m251.o(RESET)
</UL>
<P><STRONG><a name="[32]"></a>BPWM0_IRQHandler</STRONG> (Thumb, 4 bytes, Stack size 0 bytes, ap_startup_m251.o(.text.Default_Handler))
<BR>[Address Reference Count : 1]<UL><LI> ap_startup_m251.o(RESET)
</UL>
<P><STRONG><a name="[3b]"></a>BPWM1_IRQHandler</STRONG> (Thumb, 4 bytes, Stack size 0 bytes, ap_startup_m251.o(.text.Default_Handler))
<BR>[Address Reference Count : 1]<UL><LI> ap_startup_m251.o(RESET)
</UL>
<P><STRONG><a name="[1d]"></a>BRAKE0_IRQHandler</STRONG> (Thumb, 4 bytes, Stack size 0 bytes, ap_startup_m251.o(.text.Default_Handler))
<BR>[Address Reference Count : 1]<UL><LI> ap_startup_m251.o(RESET)
</UL>
<P><STRONG><a name="[21]"></a>BRAKE1_IRQHandler</STRONG> (Thumb, 4 bytes, Stack size 0 bytes, ap_startup_m251.o(.text.Default_Handler))
<BR>[Address Reference Count : 1]<UL><LI> ap_startup_m251.o(RESET)
</UL>
<P><STRONG><a name="[a]"></a>CLKFAIL_IRQHandler</STRONG> (Thumb, 4 bytes, Stack size 0 bytes, ap_startup_m251.o(.text.Default_Handler))
<BR>[Address Reference Count : 1]<UL><LI> ap_startup_m251.o(RESET)
</UL>
<P><STRONG><a name="[3d]"></a>CRPT_IRQHandler</STRONG> (Thumb, 4 bytes, Stack size 0 bytes, ap_startup_m251.o(.text.Default_Handler))
<BR>[Address Reference Count : 1]<UL><LI> ap_startup_m251.o(RESET)
</UL>
<P><STRONG><a name="[2e]"></a>DAC_IRQHandler</STRONG> (Thumb, 4 bytes, Stack size 0 bytes, ap_startup_m251.o(.text.Default_Handler))
<BR>[Address Reference Count : 1]<UL><LI> ap_startup_m251.o(RESET)
</UL>
<P><STRONG><a name="[9]"></a>Default_Handler</STRONG> (Thumb, 4 bytes, Stack size 0 bytes, ap_startup_m251.o(.text.Default_Handler))
<BR>[Address Reference Count : 1]<UL><LI> ap_startup_m251.o(RESET)
</UL>
<P><STRONG><a name="[2f]"></a>EADC_INT0_IRQHandler</STRONG> (Thumb, 4 bytes, Stack size 0 bytes, ap_startup_m251.o(.text.Default_Handler))
<BR>[Address Reference Count : 1]<UL><LI> ap_startup_m251.o(RESET)
</UL>
<P><STRONG><a name="[30]"></a>EADC_INT1_IRQHandler</STRONG> (Thumb, 4 bytes, Stack size 0 bytes, ap_startup_m251.o(.text.Default_Handler))
<BR>[Address Reference Count : 1]<UL><LI> ap_startup_m251.o(RESET)
</UL>
<P><STRONG><a name="[33]"></a>EADC_INT2_IRQHandler</STRONG> (Thumb, 4 bytes, Stack size 0 bytes, ap_startup_m251.o(.text.Default_Handler))
<BR>[Address Reference Count : 1]<UL><LI> ap_startup_m251.o(RESET)
</UL>
<P><STRONG><a name="[34]"></a>EADC_INT3_IRQHandler</STRONG> (Thumb, 4 bytes, Stack size 0 bytes, ap_startup_m251.o(.text.Default_Handler))
<BR>[Address Reference Count : 1]<UL><LI> ap_startup_m251.o(RESET)
</UL>
<P><STRONG><a name="[f]"></a>EINT0_IRQHandler</STRONG> (Thumb, 4 bytes, Stack size 0 bytes, ap_startup_m251.o(.text.Default_Handler))
<BR>[Address Reference Count : 1]<UL><LI> ap_startup_m251.o(RESET)
</UL>
<P><STRONG><a name="[10]"></a>EINT1_IRQHandler</STRONG> (Thumb, 4 bytes, Stack size 0 bytes, ap_startup_m251.o(.text.Default_Handler))
<BR>[Address Reference Count : 1]<UL><LI> ap_startup_m251.o(RESET)
</UL>
<P><STRONG><a name="[11]"></a>EINT2_IRQHandler</STRONG> (Thumb, 4 bytes, Stack size 0 bytes, ap_startup_m251.o(.text.Default_Handler))
<BR>[Address Reference Count : 1]<UL><LI> ap_startup_m251.o(RESET)
</UL>
<P><STRONG><a name="[12]"></a>EINT3_IRQHandler</STRONG> (Thumb, 4 bytes, Stack size 0 bytes, ap_startup_m251.o(.text.Default_Handler))
<BR>[Address Reference Count : 1]<UL><LI> ap_startup_m251.o(RESET)
</UL>
<P><STRONG><a name="[13]"></a>EINT4_IRQHandler</STRONG> (Thumb, 4 bytes, Stack size 0 bytes, ap_startup_m251.o(.text.Default_Handler))
<BR>[Address Reference Count : 1]<UL><LI> ap_startup_m251.o(RESET)
</UL>
<P><STRONG><a name="[14]"></a>EINT5_IRQHandler</STRONG> (Thumb, 4 bytes, Stack size 0 bytes, ap_startup_m251.o(.text.Default_Handler))
<BR>[Address Reference Count : 1]<UL><LI> ap_startup_m251.o(RESET)
</UL>
<P><STRONG><a name="[15]"></a>GPA_IRQHandler</STRONG> (Thumb, 4 bytes, Stack size 0 bytes, ap_startup_m251.o(.text.Default_Handler))
<BR>[Address Reference Count : 1]<UL><LI> ap_startup_m251.o(RESET)
</UL>
<P><STRONG><a name="[16]"></a>GPB_IRQHandler</STRONG> (Thumb, 4 bytes, Stack size 0 bytes, ap_startup_m251.o(.text.Default_Handler))
<BR>[Address Reference Count : 1]<UL><LI> ap_startup_m251.o(RESET)
</UL>
<P><STRONG><a name="[17]"></a>GPC_IRQHandler</STRONG> (Thumb, 4 bytes, Stack size 0 bytes, ap_startup_m251.o(.text.Default_Handler))
<BR>[Address Reference Count : 1]<UL><LI> ap_startup_m251.o(RESET)
</UL>
<P><STRONG><a name="[18]"></a>GPD_IRQHandler</STRONG> (Thumb, 4 bytes, Stack size 0 bytes, ap_startup_m251.o(.text.Default_Handler))
<BR>[Address Reference Count : 1]<UL><LI> ap_startup_m251.o(RESET)
</UL>
<P><STRONG><a name="[19]"></a>GPE_IRQHandler</STRONG> (Thumb, 4 bytes, Stack size 0 bytes, ap_startup_m251.o(.text.Default_Handler))
<BR>[Address Reference Count : 1]<UL><LI> ap_startup_m251.o(RESET)
</UL>
<P><STRONG><a name="[1a]"></a>GPF_IRQHandler</STRONG> (Thumb, 4 bytes, Stack size 0 bytes, ap_startup_m251.o(.text.Default_Handler))
<BR>[Address Reference Count : 1]<UL><LI> ap_startup_m251.o(RESET)
</UL>
<P><STRONG><a name="[7]"></a>IRCTRIM_IRQHandler</STRONG> (Thumb, 4 bytes, Stack size 0 bytes, ap_startup_m251.o(.text.Default_Handler))
<BR>[Address Reference Count : 1]<UL><LI> ap_startup_m251.o(RESET)
</UL>
<P><STRONG><a name="[40]"></a>LCD_IRQHandler</STRONG> (Thumb, 4 bytes, Stack size 0 bytes, ap_startup_m251.o(.text.Default_Handler))
<BR>[Address Reference Count : 1]<UL><LI> ap_startup_m251.o(RESET)
</UL>
<P><STRONG><a name="[1]"></a>NMI_Handler</STRONG> (Thumb, 4 bytes, Stack size 0 bytes, ap_startup_m251.o(.text.Default_Handler))
<BR>[Address Reference Count : 1]<UL><LI> ap_startup_m251.o(RESET)
</UL>
<P><STRONG><a name="[41]"></a>OPA_IRQHandler</STRONG> (Thumb, 4 bytes, Stack size 0 bytes, ap_startup_m251.o(.text.Default_Handler))
<BR>[Address Reference Count : 1]<UL><LI> ap_startup_m251.o(RESET)
</UL>
<P><STRONG><a name="[2d]"></a>PDMA_IRQHandler</STRONG> (Thumb, 4 bytes, Stack size 0 bytes, ap_startup_m251.o(.text.Default_Handler))
<BR>[Address Reference Count : 1]<UL><LI> ap_startup_m251.o(RESET)
</UL>
<P><STRONG><a name="[3c]"></a>PSIO_IRQHandler</STRONG> (Thumb, 4 bytes, Stack size 0 bytes, ap_startup_m251.o(.text.Default_Handler))
<BR>[Address Reference Count : 1]<UL><LI> ap_startup_m251.o(RESET)
</UL>
<P><STRONG><a name="[1e]"></a>PWM0_P0_IRQHandler</STRONG> (Thumb, 4 bytes, Stack size 0 bytes, ap_startup_m251.o(.text.Default_Handler))
<BR>[Address Reference Count : 1]<UL><LI> ap_startup_m251.o(RESET)
</UL>
<P><STRONG><a name="[1f]"></a>PWM0_P1_IRQHandler</STRONG> (Thumb, 4 bytes, Stack size 0 bytes, ap_startup_m251.o(.text.Default_Handler))
<BR>[Address Reference Count : 1]<UL><LI> ap_startup_m251.o(RESET)
</UL>
<P><STRONG><a name="[20]"></a>PWM0_P2_IRQHandler</STRONG> (Thumb, 4 bytes, Stack size 0 bytes, ap_startup_m251.o(.text.Default_Handler))
<BR>[Address Reference Count : 1]<UL><LI> ap_startup_m251.o(RESET)
</UL>
<P><STRONG><a name="[22]"></a>PWM1_P0_IRQHandler</STRONG> (Thumb, 4 bytes, Stack size 0 bytes, ap_startup_m251.o(.text.Default_Handler))
<BR>[Address Reference Count : 1]<UL><LI> ap_startup_m251.o(RESET)
</UL>
<P><STRONG><a name="[23]"></a>PWM1_P1_IRQHandler</STRONG> (Thumb, 4 bytes, Stack size 0 bytes, ap_startup_m251.o(.text.Default_Handler))
<BR>[Address Reference Count : 1]<UL><LI> ap_startup_m251.o(RESET)
</UL>
<P><STRONG><a name="[24]"></a>PWM1_P2_IRQHandler</STRONG> (Thumb, 4 bytes, Stack size 0 bytes, ap_startup_m251.o(.text.Default_Handler))
<BR>[Address Reference Count : 1]<UL><LI> ap_startup_m251.o(RESET)
</UL>
<P><STRONG><a name="[8]"></a>PWRWU_IRQHandler</STRONG> (Thumb, 4 bytes, Stack size 0 bytes, ap_startup_m251.o(.text.Default_Handler))
<BR>[Address Reference Count : 1]<UL><LI> ap_startup_m251.o(RESET)
</UL>
<P><STRONG><a name="[4]"></a>PendSV_Handler</STRONG> (Thumb, 4 bytes, Stack size 0 bytes, ap_startup_m251.o(.text.Default_Handler))
<BR>[Address Reference Count : 1]<UL><LI> ap_startup_m251.o(RESET)
</UL>
<P><STRONG><a name="[1b]"></a>QSPI0_IRQHandler</STRONG> (Thumb, 4 bytes, Stack size 0 bytes, ap_startup_m251.o(.text.Default_Handler))
<BR>[Address Reference Count : 1]<UL><LI> ap_startup_m251.o(RESET)
</UL>
<P><STRONG><a name="[b]"></a>RTC_IRQHandler</STRONG> (Thumb, 4 bytes, Stack size 0 bytes, ap_startup_m251.o(.text.Default_Handler))
<BR>[Address Reference Count : 1]<UL><LI> ap_startup_m251.o(RESET)
</UL>
<P><STRONG><a name="[3e]"></a>SC0_IRQHandler</STRONG> (Thumb, 4 bytes, Stack size 0 bytes, ap_startup_m251.o(.text.Default_Handler))
<BR>[Address Reference Count : 1]<UL><LI> ap_startup_m251.o(RESET)
</UL>
<P><STRONG><a name="[1c]"></a>SPI0_IRQHandler</STRONG> (Thumb, 4 bytes, Stack size 0 bytes, ap_startup_m251.o(.text.Default_Handler))
<BR>[Address Reference Count : 1]<UL><LI> ap_startup_m251.o(RESET)
</UL>
<P><STRONG><a name="[38]"></a>SPI1_IRQHandler</STRONG> (Thumb, 4 bytes, Stack size 0 bytes, ap_startup_m251.o(.text.Default_Handler))
<BR>[Address Reference Count : 1]<UL><LI> ap_startup_m251.o(RESET)
</UL>
<P><STRONG><a name="[3]"></a>SVC_Handler</STRONG> (Thumb, 4 bytes, Stack size 0 bytes, ap_startup_m251.o(.text.Default_Handler))
<BR>[Address Reference Count : 1]<UL><LI> ap_startup_m251.o(RESET)
</UL>
<P><STRONG><a name="[c]"></a>TAMPER_IRQHandler</STRONG> (Thumb, 4 bytes, Stack size 0 bytes, ap_startup_m251.o(.text.Default_Handler))
<BR>[Address Reference Count : 1]<UL><LI> ap_startup_m251.o(RESET)
</UL>
<P><STRONG><a name="[42]"></a>TK_IRQHandler</STRONG> (Thumb, 4 bytes, Stack size 0 bytes, ap_startup_m251.o(.text.Default_Handler))
<BR>[Address Reference Count : 1]<UL><LI> ap_startup_m251.o(RESET)
</UL>
<P><STRONG><a name="[25]"></a>TMR0_IRQHandler</STRONG> (Thumb, 4 bytes, Stack size 0 bytes, ap_startup_m251.o(.text.Default_Handler))
<BR>[Address Reference Count : 1]<UL><LI> ap_startup_m251.o(RESET)
</UL>
<P><STRONG><a name="[26]"></a>TMR1_IRQHandler</STRONG> (Thumb, 4 bytes, Stack size 0 bytes, ap_startup_m251.o(.text.Default_Handler))
<BR>[Address Reference Count : 1]<UL><LI> ap_startup_m251.o(RESET)
</UL>
<P><STRONG><a name="[27]"></a>TMR2_IRQHandler</STRONG> (Thumb, 4 bytes, Stack size 0 bytes, ap_startup_m251.o(.text.Default_Handler))
<BR>[Address Reference Count : 1]<UL><LI> ap_startup_m251.o(RESET)
</UL>
<P><STRONG><a name="[28]"></a>TMR3_IRQHandler</STRONG> (Thumb, 4 bytes, Stack size 0 bytes, ap_startup_m251.o(.text.Default_Handler))
<BR>[Address Reference Count : 1]<UL><LI> ap_startup_m251.o(RESET)
</UL>
<P><STRONG><a name="[29]"></a>UART0_IRQHandler</STRONG> (Thumb, 4 bytes, Stack size 0 bytes, ap_startup_m251.o(.text.Default_Handler))
<BR>[Address Reference Count : 1]<UL><LI> ap_startup_m251.o(RESET)
</UL>
<P><STRONG><a name="[2a]"></a>UART1_IRQHandler</STRONG> (Thumb, 4 bytes, Stack size 0 bytes, ap_startup_m251.o(.text.Default_Handler))
<BR>[Address Reference Count : 1]<UL><LI> ap_startup_m251.o(RESET)
</UL>
<P><STRONG><a name="[35]"></a>UART2_IRQHandler</STRONG> (Thumb, 4 bytes, Stack size 0 bytes, ap_startup_m251.o(.text.Default_Handler))
<BR>[Address Reference Count : 1]<UL><LI> ap_startup_m251.o(RESET)
</UL>
<P><STRONG><a name="[36]"></a>UART3_IRQHandler</STRONG> (Thumb, 4 bytes, Stack size 0 bytes, ap_startup_m251.o(.text.Default_Handler))
<BR>[Address Reference Count : 1]<UL><LI> ap_startup_m251.o(RESET)
</UL>
<P><STRONG><a name="[3a]"></a>USBD_IRQHandler</STRONG> (Thumb, 4 bytes, Stack size 0 bytes, ap_startup_m251.o(.text.Default_Handler))
<BR>[Address Reference Count : 1]<UL><LI> ap_startup_m251.o(RESET)
</UL>
<P><STRONG><a name="[37]"></a>USCI0_IRQHandler</STRONG> (Thumb, 4 bytes, Stack size 0 bytes, ap_startup_m251.o(.text.Default_Handler))
<BR>[Address Reference Count : 1]<UL><LI> ap_startup_m251.o(RESET)
</UL>
<P><STRONG><a name="[3f]"></a>USCI2_IRQHandler</STRONG> (Thumb, 4 bytes, Stack size 0 bytes, ap_startup_m251.o(.text.Default_Handler))
<BR>[Address Reference Count : 1]<UL><LI> ap_startup_m251.o(RESET)
</UL>
<P><STRONG><a name="[d]"></a>WDT_IRQHandler</STRONG> (Thumb, 4 bytes, Stack size 0 bytes, ap_startup_m251.o(.text.Default_Handler))
<BR>[Address Reference Count : 1]<UL><LI> ap_startup_m251.o(RESET)
</UL>
<P><STRONG><a name="[e]"></a>WWDT_IRQHandler</STRONG> (Thumb, 4 bytes, Stack size 0 bytes, ap_startup_m251.o(.text.Default_Handler))
<BR>[Address Reference Count : 1]<UL><LI> ap_startup_m251.o(RESET)
</UL>
<P><STRONG><a name="[63]"></a>FMC_Enable</STRONG> (Thumb, 24 bytes, Stack size 8 bytes, eeprom_sim.o(.text.FMC_Enable))
<BR><BR>[Stack]<UL><LI>Max Depth = 8<LI>Call Chain = FMC_Enable
</UL>
<BR>[Calls]<UL><LI><a href="#[64]">&gt;&gt;</a>&nbsp;&nbsp;&nbsp;SYS_UnlockReg
<LI><a href="#[65]">&gt;&gt;</a>&nbsp;&nbsp;&nbsp;FMC_Open
</UL>
<BR>[Called By]<UL><LI><a href="#[9f]">&gt;&gt;</a>&nbsp;&nbsp;&nbsp;Write_Data
<LI><a href="#[83]">&gt;&gt;</a>&nbsp;&nbsp;&nbsp;Manage_Next_Page
<LI><a href="#[82]">&gt;&gt;</a>&nbsp;&nbsp;&nbsp;Search_Valid_Page
</UL>

<P><STRONG><a name="[86]"></a>FMC_Erase</STRONG> (Thumb, 156 bytes, Stack size 20 bytes, fmc.o(.text.FMC_Erase))
<BR><BR>[Stack]<UL><LI>Max Depth = 20<LI>Call Chain = FMC_Erase
</UL>
<BR>[Called By]<UL><LI><a href="#[83]">&gt;&gt;</a>&nbsp;&nbsp;&nbsp;Manage_Next_Page
</UL>

<P><STRONG><a name="[65]"></a>FMC_Open</STRONG> (Thumb, 12 bytes, Stack size 0 bytes, fmc.o(.text.FMC_Open))
<BR><BR>[Called By]<UL><LI><a href="#[63]">&gt;&gt;</a>&nbsp;&nbsp;&nbsp;FMC_Enable
<LI><a href="#[43]">&gt;&gt;</a>&nbsp;&nbsp;&nbsp;main
</UL>

<P><STRONG><a name="[84]"></a>FMC_Read</STRONG> (Thumb, 120 bytes, Stack size 16 bytes, fmc.o(.text.FMC_Read))
<BR><BR>[Stack]<UL><LI>Max Depth = 16<LI>Call Chain = FMC_Read
</UL>
<BR>[Called By]<UL><LI><a href="#[9f]">&gt;&gt;</a>&nbsp;&nbsp;&nbsp;Write_Data
<LI><a href="#[83]">&gt;&gt;</a>&nbsp;&nbsp;&nbsp;Manage_Next_Page
<LI><a href="#[82]">&gt;&gt;</a>&nbsp;&nbsp;&nbsp;Search_Valid_Page
</UL>

<P><STRONG><a name="[a3]"></a>FMC_SetBootSource</STRONG> (Thumb, 28 bytes, Stack size 4 bytes, fmc.o(.text.FMC_SetBootSource))
<BR><BR>[Stack]<UL><LI>Max Depth = 4<LI>Call Chain = FMC_SetBootSource
</UL>
<BR>[Called By]<UL><LI><a href="#[43]">&gt;&gt;</a>&nbsp;&nbsp;&nbsp;main
</UL>

<P><STRONG><a name="[85]"></a>FMC_Write</STRONG> (Thumb, 136 bytes, Stack size 16 bytes, fmc.o(.text.FMC_Write))
<BR><BR>[Stack]<UL><LI>Max Depth = 16<LI>Call Chain = FMC_Write
</UL>
<BR>[Called By]<UL><LI><a href="#[9f]">&gt;&gt;</a>&nbsp;&nbsp;&nbsp;Write_Data
<LI><a href="#[83]">&gt;&gt;</a>&nbsp;&nbsp;&nbsp;Manage_Next_Page
<LI><a href="#[82]">&gt;&gt;</a>&nbsp;&nbsp;&nbsp;Search_Valid_Page
</UL>

<P><STRONG><a name="[2]"></a>HardFault_Handler</STRONG> (Thumb, 18 bytes, Stack size 0 bytes, ap_startup_m251.o(.text.HardFault_Handler))
<BR>[Address Reference Count : 1]<UL><LI> ap_startup_m251.o(RESET)
</UL>
<P><STRONG><a name="[66]"></a>I2C0_Error_Hanlder</STRONG> (Thumb, 112 bytes, Stack size 24 bytes, monitor_control.o(.text.I2C0_Error_Hanlder))
<BR><BR>[Stack]<UL><LI>Max Depth = 28<LI>Call Chain = I2C0_Error_Hanlder &rArr; I2C_DisableTimeout
</UL>
<BR>[Calls]<UL><LI><a href="#[67]">&gt;&gt;</a>&nbsp;&nbsp;&nbsp;I2C_DisableTimeout
</UL>
<BR>[Called By]<UL><LI><a href="#[45]">&gt;&gt;</a>&nbsp;&nbsp;&nbsp;I2C0_MasterTRx
<LI><a href="#[2b]">&gt;&gt;</a>&nbsp;&nbsp;&nbsp;I2C0_IRQHandler
</UL>

<P><STRONG><a name="[2b]"></a>I2C0_IRQHandler</STRONG> (Thumb, 96 bytes, Stack size 16 bytes, monitor_control.o(.text.I2C0_IRQHandler))
<BR><BR>[Stack]<UL><LI>Max Depth = 132<LI>Call Chain = I2C0_IRQHandler &rArr; I2C0_Init &rArr; I2C_Open &rArr; CLK_GetPCLK1Freq &rArr; SystemCoreClockUpdate &rArr; CLK_GetPLLClockFreq
</UL>
<BR>[Calls]<UL><LI><a href="#[68]">&gt;&gt;</a>&nbsp;&nbsp;&nbsp;I2C_ClearTimeoutFlag
<LI><a href="#[69]">&gt;&gt;</a>&nbsp;&nbsp;&nbsp;I2C_Close
<LI><a href="#[6a]">&gt;&gt;</a>&nbsp;&nbsp;&nbsp;I2C0_Init
<LI><a href="#[66]">&gt;&gt;</a>&nbsp;&nbsp;&nbsp;I2C0_Error_Hanlder
</UL>
<BR>[Address Reference Count : 1]<UL><LI> ap_startup_m251.o(RESET)
</UL>
<P><STRONG><a name="[6a]"></a>I2C0_Init</STRONG> (Thumb, 140 bytes, Stack size 24 bytes, monitor_control.o(.text.I2C0_Init))
<BR><BR>[Stack]<UL><LI>Max Depth = 116<LI>Call Chain = I2C0_Init &rArr; I2C_Open &rArr; CLK_GetPCLK1Freq &rArr; SystemCoreClockUpdate &rArr; CLK_GetPLLClockFreq
</UL>
<BR>[Calls]<UL><LI><a href="#[6e]">&gt;&gt;</a>&nbsp;&nbsp;&nbsp;I2C_WriteMultiBytes
<LI><a href="#[6f]">&gt;&gt;</a>&nbsp;&nbsp;&nbsp;I2C_EnableInt
<LI><a href="#[6d]">&gt;&gt;</a>&nbsp;&nbsp;&nbsp;I2C_Open
<LI><a href="#[6c]">&gt;&gt;</a>&nbsp;&nbsp;&nbsp;CLK_EnableModuleClock
<LI><a href="#[72]">&gt;&gt;</a>&nbsp;&nbsp;&nbsp;SYS_LockReg
<LI><a href="#[71]">&gt;&gt;</a>&nbsp;&nbsp;&nbsp;__NVIC_SetPriority
<LI><a href="#[70]">&gt;&gt;</a>&nbsp;&nbsp;&nbsp;__NVIC_EnableIRQ
<LI><a href="#[6b]">&gt;&gt;</a>&nbsp;&nbsp;&nbsp;SYS_UnlockReg
</UL>
<BR>[Called By]<UL><LI><a href="#[43]">&gt;&gt;</a>&nbsp;&nbsp;&nbsp;main
<LI><a href="#[2b]">&gt;&gt;</a>&nbsp;&nbsp;&nbsp;I2C0_IRQHandler
</UL>

<P><STRONG><a name="[45]"></a>I2C0_MasterTRx</STRONG> (Thumb, 816 bytes, Stack size 40 bytes, monitor_control.o(.text.I2C0_MasterTRx))
<BR><BR>[Stack]<UL><LI>Max Depth = 68<LI>Call Chain = I2C0_MasterTRx &rArr; I2C0_Error_Hanlder &rArr; I2C_DisableTimeout
</UL>
<BR>[Calls]<UL><LI><a href="#[67]">&gt;&gt;</a>&nbsp;&nbsp;&nbsp;I2C_DisableTimeout
<LI><a href="#[66]">&gt;&gt;</a>&nbsp;&nbsp;&nbsp;I2C0_Error_Hanlder
</UL>
<BR>[Address Reference Count : 1]<UL><LI> monitor_control.o(.text.I2C0_Init)
</UL>
<P><STRONG><a name="[2c]"></a>I2C1_IRQHandler</STRONG> (Thumb, 80 bytes, Stack size 16 bytes, i2c_control.o(.text.I2C1_IRQHandler))
<BR><BR>[Stack]<UL><LI>Max Depth = 132<LI>Call Chain = I2C1_IRQHandler &rArr; I2C1_Init &rArr; I2C_Open &rArr; CLK_GetPCLK1Freq &rArr; SystemCoreClockUpdate &rArr; CLK_GetPLLClockFreq
</UL>
<BR>[Calls]<UL><LI><a href="#[68]">&gt;&gt;</a>&nbsp;&nbsp;&nbsp;I2C_ClearTimeoutFlag
<LI><a href="#[69]">&gt;&gt;</a>&nbsp;&nbsp;&nbsp;I2C_Close
<LI><a href="#[73]">&gt;&gt;</a>&nbsp;&nbsp;&nbsp;I2C1_Init
</UL>
<BR>[Address Reference Count : 1]<UL><LI> ap_startup_m251.o(RESET)
</UL>
<P><STRONG><a name="[73]"></a>I2C1_Init</STRONG> (Thumb, 116 bytes, Stack size 24 bytes, i2c_control.o(.text.I2C1_Init))
<BR><BR>[Stack]<UL><LI>Max Depth = 116<LI>Call Chain = I2C1_Init &rArr; I2C_Open &rArr; CLK_GetPCLK1Freq &rArr; SystemCoreClockUpdate &rArr; CLK_GetPLLClockFreq
</UL>
<BR>[Calls]<UL><LI><a href="#[78]">&gt;&gt;</a>&nbsp;&nbsp;&nbsp;SYS_LockReg
<LI><a href="#[77]">&gt;&gt;</a>&nbsp;&nbsp;&nbsp;__NVIC_SetPriority
<LI><a href="#[76]">&gt;&gt;</a>&nbsp;&nbsp;&nbsp;__NVIC_EnableIRQ
<LI><a href="#[74]">&gt;&gt;</a>&nbsp;&nbsp;&nbsp;SYS_UnlockReg
<LI><a href="#[75]">&gt;&gt;</a>&nbsp;&nbsp;&nbsp;I2C_SetSlaveAddr
<LI><a href="#[6f]">&gt;&gt;</a>&nbsp;&nbsp;&nbsp;I2C_EnableInt
<LI><a href="#[6d]">&gt;&gt;</a>&nbsp;&nbsp;&nbsp;I2C_Open
<LI><a href="#[6c]">&gt;&gt;</a>&nbsp;&nbsp;&nbsp;CLK_EnableModuleClock
</UL>
<BR>[Called By]<UL><LI><a href="#[2c]">&gt;&gt;</a>&nbsp;&nbsp;&nbsp;I2C1_IRQHandler
<LI><a href="#[43]">&gt;&gt;</a>&nbsp;&nbsp;&nbsp;main
</UL>

<P><STRONG><a name="[68]"></a>I2C_ClearTimeoutFlag</STRONG> (Thumb, 18 bytes, Stack size 4 bytes, i2c.o(.text.I2C_ClearTimeoutFlag))
<BR><BR>[Stack]<UL><LI>Max Depth = 4<LI>Call Chain = I2C_ClearTimeoutFlag
</UL>
<BR>[Called By]<UL><LI><a href="#[2c]">&gt;&gt;</a>&nbsp;&nbsp;&nbsp;I2C1_IRQHandler
<LI><a href="#[2b]">&gt;&gt;</a>&nbsp;&nbsp;&nbsp;I2C0_IRQHandler
</UL>

<P><STRONG><a name="[69]"></a>I2C_Close</STRONG> (Thumb, 112 bytes, Stack size 16 bytes, i2c.o(.text.I2C_Close))
<BR><BR>[Stack]<UL><LI>Max Depth = 16<LI>Call Chain = I2C_Close
</UL>
<BR>[Calls]<UL><LI><a href="#[7b]">&gt;&gt;</a>&nbsp;&nbsp;&nbsp;SYS_LockReg
<LI><a href="#[7a]">&gt;&gt;</a>&nbsp;&nbsp;&nbsp;SYS_UnlockReg
<LI><a href="#[79]">&gt;&gt;</a>&nbsp;&nbsp;&nbsp;SYS_IsRegLocked
</UL>
<BR>[Called By]<UL><LI><a href="#[2c]">&gt;&gt;</a>&nbsp;&nbsp;&nbsp;I2C1_IRQHandler
<LI><a href="#[2b]">&gt;&gt;</a>&nbsp;&nbsp;&nbsp;I2C0_IRQHandler
</UL>

<P><STRONG><a name="[67]"></a>I2C_DisableTimeout</STRONG> (Thumb, 18 bytes, Stack size 4 bytes, i2c.o(.text.I2C_DisableTimeout))
<BR><BR>[Stack]<UL><LI>Max Depth = 4<LI>Call Chain = I2C_DisableTimeout
</UL>
<BR>[Called By]<UL><LI><a href="#[45]">&gt;&gt;</a>&nbsp;&nbsp;&nbsp;I2C0_MasterTRx
<LI><a href="#[66]">&gt;&gt;</a>&nbsp;&nbsp;&nbsp;I2C0_Error_Hanlder
</UL>

<P><STRONG><a name="[6f]"></a>I2C_EnableInt</STRONG> (Thumb, 18 bytes, Stack size 4 bytes, i2c.o(.text.I2C_EnableInt))
<BR><BR>[Stack]<UL><LI>Max Depth = 4<LI>Call Chain = I2C_EnableInt
</UL>
<BR>[Called By]<UL><LI><a href="#[6a]">&gt;&gt;</a>&nbsp;&nbsp;&nbsp;I2C0_Init
<LI><a href="#[73]">&gt;&gt;</a>&nbsp;&nbsp;&nbsp;I2C1_Init
</UL>

<P><STRONG><a name="[8a]"></a>I2C_EnableTimeout</STRONG> (Thumb, 52 bytes, Stack size 8 bytes, i2c.o(.text.I2C_EnableTimeout))
<BR><BR>[Stack]<UL><LI>Max Depth = 8<LI>Call Chain = I2C_EnableTimeout
</UL>
<BR>[Called By]<UL><LI><a href="#[89]">&gt;&gt;</a>&nbsp;&nbsp;&nbsp;Read_Monitor_Data_0
</UL>

<P><STRONG><a name="[6d]"></a>I2C_Open</STRONG> (Thumb, 92 bytes, Stack size 24 bytes, i2c.o(.text.I2C_Open))
<BR><BR>[Stack]<UL><LI>Max Depth = 92<LI>Call Chain = I2C_Open &rArr; CLK_GetPCLK1Freq &rArr; SystemCoreClockUpdate &rArr; CLK_GetPLLClockFreq
</UL>
<BR>[Calls]<UL><LI><a href="#[60]">&gt;&gt;</a>&nbsp;&nbsp;&nbsp;CLK_GetPCLK1Freq
<LI><a href="#[5e]">&gt;&gt;</a>&nbsp;&nbsp;&nbsp;CLK_GetPCLK0Freq
</UL>
<BR>[Called By]<UL><LI><a href="#[6a]">&gt;&gt;</a>&nbsp;&nbsp;&nbsp;I2C0_Init
<LI><a href="#[73]">&gt;&gt;</a>&nbsp;&nbsp;&nbsp;I2C1_Init
</UL>

<P><STRONG><a name="[75]"></a>I2C_SetSlaveAddr</STRONG> (Thumb, 102 bytes, Stack size 32 bytes, i2c.o(.text.I2C_SetSlaveAddr))
<BR><BR>[Stack]<UL><LI>Max Depth = 32<LI>Call Chain = I2C_SetSlaveAddr
</UL>
<BR>[Called By]<UL><LI><a href="#[73]">&gt;&gt;</a>&nbsp;&nbsp;&nbsp;I2C1_Init
</UL>

<P><STRONG><a name="[46]"></a>I2C_SlaveTRx</STRONG> (Thumb, 688 bytes, Stack size 16 bytes, i2c_control.o(.text.I2C_SlaveTRx))
<BR><BR>[Stack]<UL><LI>Max Depth = 16<LI>Call Chain = I2C_SlaveTRx
</UL>
<BR>[Address Reference Count : 1]<UL><LI> i2c_control.o(.text.I2C1_Init)
</UL>
<P><STRONG><a name="[6e]"></a>I2C_WriteMultiBytes</STRONG> (Thumb, 540 bytes, Stack size 52 bytes, i2c.o(.text.I2C_WriteMultiBytes))
<BR><BR>[Stack]<UL><LI>Max Depth = 52<LI>Call Chain = I2C_WriteMultiBytes
</UL>
<BR>[Called By]<UL><LI><a href="#[6a]">&gt;&gt;</a>&nbsp;&nbsp;&nbsp;I2C0_Init
</UL>

<P><STRONG><a name="[80]"></a>Init_EEPROM</STRONG> (Thumb, 192 bytes, Stack size 32 bytes, eeprom_sim.o(.text.Init_EEPROM))
<BR><BR>[Stack]<UL><LI>Max Depth = 120<LI>Call Chain = Init_EEPROM &rArr; Search_Valid_Page &rArr; FMC_Write
</UL>
<BR>[Calls]<UL><LI><a href="#[82]">&gt;&gt;</a>&nbsp;&nbsp;&nbsp;Search_Valid_Page
<LI><a href="#[81]">&gt;&gt;</a>&nbsp;&nbsp;&nbsp;printf
</UL>
<BR>[Called By]<UL><LI><a href="#[43]">&gt;&gt;</a>&nbsp;&nbsp;&nbsp;main
</UL>

<P><STRONG><a name="[44]"></a>ProcessHardFault</STRONG> (Thumb, 22 bytes, Stack size 24 bytes, main.o(.text.ProcessHardFault))
<BR><BR>[Stack]<UL><LI>Max Depth = 24<LI>Call Chain = ProcessHardFault
</UL>
<BR>[Calls]<UL><LI><a href="#[88]">&gt;&gt;</a>&nbsp;&nbsp;&nbsp;SYS_ResetChip
<LI><a href="#[87]">&gt;&gt;</a>&nbsp;&nbsp;&nbsp;SYS_UnlockReg
</UL>
<BR>[Address Reference Count : 1]<UL><LI> ap_startup_m251.o(.text.HardFault_Handler)
</UL>
<P><STRONG><a name="[7d]"></a>Read_EEPROM</STRONG> (Thumb, 86 bytes, Stack size 24 bytes, eeprom_sim.o(.text.Read_EEPROM))
<BR><BR>[Stack]<UL><LI>Max Depth = 24<LI>Call Chain = Read_EEPROM
</UL>
<BR>[Called By]<UL><LI><a href="#[43]">&gt;&gt;</a>&nbsp;&nbsp;&nbsp;main
<LI><a href="#[7f]">&gt;&gt;</a>&nbsp;&nbsp;&nbsp;Init_App_Setting_U8
<LI><a href="#[7c]">&gt;&gt;</a>&nbsp;&nbsp;&nbsp;Init_App_Setting_U32
</UL>

<P><STRONG><a name="[89]"></a>Read_Monitor_Data_0</STRONG> (Thumb, 128 bytes, Stack size 16 bytes, monitor_control.o(.text.Read_Monitor_Data_0))
<BR><BR>[Stack]<UL><LI>Max Depth = 24<LI>Call Chain = Read_Monitor_Data_0 &rArr; I2C_EnableTimeout
</UL>
<BR>[Calls]<UL><LI><a href="#[8a]">&gt;&gt;</a>&nbsp;&nbsp;&nbsp;I2C_EnableTimeout
</UL>
<BR>[Called By]<UL><LI><a href="#[43]">&gt;&gt;</a>&nbsp;&nbsp;&nbsp;main
</UL>

<P><STRONG><a name="[8b]"></a>Read_Monitor_Data_1</STRONG> (Thumb, 132 bytes, Stack size 8 bytes, monitor_control.o(.text.Read_Monitor_Data_1))
<BR><BR>[Stack]<UL><LI>Max Depth = 16<LI>Call Chain = Read_Monitor_Data_1 &rArr; UI2C_EnableTimeout
</UL>
<BR>[Calls]<UL><LI><a href="#[8c]">&gt;&gt;</a>&nbsp;&nbsp;&nbsp;UI2C_EnableTimeout
</UL>
<BR>[Called By]<UL><LI><a href="#[43]">&gt;&gt;</a>&nbsp;&nbsp;&nbsp;main
</UL>

<P><STRONG><a name="[0]"></a>Reset_Handler</STRONG> (Thumb, 60 bytes, Stack size 16 bytes, ap_startup_m251.o(.text.Reset_Handler))
<BR><BR>[Stack]<UL><LI>Max Depth = 16 + Unknown Stack Size
<LI>Call Chain = Reset_Handler
</UL>
<BR>[Calls]<UL><LI><a href="#[8d]">&gt;&gt;</a>&nbsp;&nbsp;&nbsp;Reset_Handler_PreInit
<LI><a href="#[90]">&gt;&gt;</a>&nbsp;&nbsp;&nbsp;SYS_LockReg
<LI><a href="#[8e]">&gt;&gt;</a>&nbsp;&nbsp;&nbsp;SYS_UnlockReg
<LI><a href="#[8f]">&gt;&gt;</a>&nbsp;&nbsp;&nbsp;SystemInit
<LI><a href="#[49]">&gt;&gt;</a>&nbsp;&nbsp;&nbsp;__main
</UL>
<BR>[Address Reference Count : 1]<UL><LI> ap_startup_m251.o(RESET)
</UL>
<P><STRONG><a name="[8d]"></a>Reset_Handler_PreInit</STRONG> (Thumb, 2 bytes, Stack size 0 bytes, ap_startup_m251.o(.text.Reset_Handler_PreInit))
<BR><BR>[Called By]<UL><LI><a href="#[0]">&gt;&gt;</a>&nbsp;&nbsp;&nbsp;Reset_Handler
</UL>

<P><STRONG><a name="[91]"></a>SYS_Init</STRONG> (Thumb, 28 bytes, Stack size 8 bytes, main.o(.text.SYS_Init))
<BR><BR>[Stack]<UL><LI>Max Depth = 140<LI>Call Chain = SYS_Init &rArr; CLK_SetCoreClock &rArr; CLK_EnablePLL &rArr; CLK_GetPLLClockFreq
</UL>
<BR>[Calls]<UL><LI><a href="#[61]">&gt;&gt;</a>&nbsp;&nbsp;&nbsp;CLK_SetCoreClock
<LI><a href="#[5c]">&gt;&gt;</a>&nbsp;&nbsp;&nbsp;CLK_WaitClockReady
<LI><a href="#[92]">&gt;&gt;</a>&nbsp;&nbsp;&nbsp;CLK_EnableXtalRC
<LI><a href="#[5f]">&gt;&gt;</a>&nbsp;&nbsp;&nbsp;SystemCoreClockUpdate
</UL>
<BR>[Called By]<UL><LI><a href="#[43]">&gt;&gt;</a>&nbsp;&nbsp;&nbsp;main
</UL>

<P><STRONG><a name="[a5]"></a>SYS_ResetCPU</STRONG> (Thumb, 12 bytes, Stack size 0 bytes, sys.o(.text.SYS_ResetCPU))
<BR><BR>[Called By]<UL><LI><a href="#[43]">&gt;&gt;</a>&nbsp;&nbsp;&nbsp;main
</UL>

<P><STRONG><a name="[88]"></a>SYS_ResetChip</STRONG> (Thumb, 12 bytes, Stack size 0 bytes, sys.o(.text.SYS_ResetChip))
<BR><BR>[Called By]<UL><LI><a href="#[44]">&gt;&gt;</a>&nbsp;&nbsp;&nbsp;ProcessHardFault
</UL>

<P><STRONG><a name="[93]"></a>SendChar</STRONG> (Thumb, 16 bytes, Stack size 16 bytes, retarget.o(.text.SendChar))
<BR><BR>[Stack]<UL><LI>Max Depth = 20<LI>Call Chain = SendChar &rArr; SendChar_ToUART
</UL>
<BR>[Calls]<UL><LI><a href="#[94]">&gt;&gt;</a>&nbsp;&nbsp;&nbsp;SendChar_ToUART
</UL>
<BR>[Called By]<UL><LI><a href="#[48]">&gt;&gt;</a>&nbsp;&nbsp;&nbsp;fputc
</UL>

<P><STRONG><a name="[94]"></a>SendChar_ToUART</STRONG> (Thumb, 64 bytes, Stack size 4 bytes, retarget.o(.text.SendChar_ToUART))
<BR><BR>[Stack]<UL><LI>Max Depth = 4<LI>Call Chain = SendChar_ToUART
</UL>
<BR>[Called By]<UL><LI><a href="#[93]">&gt;&gt;</a>&nbsp;&nbsp;&nbsp;SendChar
</UL>

<P><STRONG><a name="[5]"></a>SysTick_Handler</STRONG> (Thumb, 48 bytes, Stack size 0 bytes, main.o(.text.SysTick_Handler))
<BR>[Address Reference Count : 1]<UL><LI> ap_startup_m251.o(RESET)
</UL>
<P><STRONG><a name="[95]"></a>SysTick_Initial</STRONG> (Thumb, 52 bytes, Stack size 16 bytes, main.o(.text.SysTick_Initial))
<BR><BR>[Stack]<UL><LI>Max Depth = 40<LI>Call Chain = SysTick_Initial &rArr; __NVIC_SetPriority
</UL>
<BR>[Calls]<UL><LI><a href="#[97]">&gt;&gt;</a>&nbsp;&nbsp;&nbsp;__NVIC_SetPriority
<LI><a href="#[96]">&gt;&gt;</a>&nbsp;&nbsp;&nbsp;__NVIC_EnableIRQ
</UL>
<BR>[Called By]<UL><LI><a href="#[43]">&gt;&gt;</a>&nbsp;&nbsp;&nbsp;main
</UL>

<P><STRONG><a name="[5f]"></a>SystemCoreClockUpdate</STRONG> (Thumb, 96 bytes, Stack size 24 bytes, system_m251.o(.text.SystemCoreClockUpdate))
<BR><BR>[Stack]<UL><LI>Max Depth = 52<LI>Call Chain = SystemCoreClockUpdate &rArr; CLK_GetPLLClockFreq
</UL>
<BR>[Calls]<UL><LI><a href="#[5d]">&gt;&gt;</a>&nbsp;&nbsp;&nbsp;CLK_GetPLLClockFreq
</UL>
<BR>[Called By]<UL><LI><a href="#[62]">&gt;&gt;</a>&nbsp;&nbsp;&nbsp;CLK_SetHCLK
<LI><a href="#[60]">&gt;&gt;</a>&nbsp;&nbsp;&nbsp;CLK_GetPCLK1Freq
<LI><a href="#[5e]">&gt;&gt;</a>&nbsp;&nbsp;&nbsp;CLK_GetPCLK0Freq
<LI><a href="#[91]">&gt;&gt;</a>&nbsp;&nbsp;&nbsp;SYS_Init
</UL>

<P><STRONG><a name="[8f]"></a>SystemInit</STRONG> (Thumb, 24 bytes, Stack size 0 bytes, system_m251.o(.text.SystemInit))
<BR><BR>[Called By]<UL><LI><a href="#[0]">&gt;&gt;</a>&nbsp;&nbsp;&nbsp;Reset_Handler
</UL>

<P><STRONG><a name="[98]"></a>UI2C1_Error_Hanlder</STRONG> (Thumb, 120 bytes, Stack size 24 bytes, monitor_control.o(.text.UI2C1_Error_Hanlder))
<BR><BR>[Stack]<UL><LI>Max Depth = 28<LI>Call Chain = UI2C1_Error_Hanlder &rArr; UI2C_DisableTimeout
</UL>
<BR>[Calls]<UL><LI><a href="#[99]">&gt;&gt;</a>&nbsp;&nbsp;&nbsp;UI2C_DisableTimeout
</UL>
<BR>[Called By]<UL><LI><a href="#[47]">&gt;&gt;</a>&nbsp;&nbsp;&nbsp;UI2C1_MasterTRx
<LI><a href="#[39]">&gt;&gt;</a>&nbsp;&nbsp;&nbsp;USCI1_IRQHandler
</UL>

<P><STRONG><a name="[9a]"></a>UI2C1_Init</STRONG> (Thumb, 116 bytes, Stack size 24 bytes, monitor_control.o(.text.UI2C1_Init))
<BR><BR>[Stack]<UL><LI>Max Depth = 116<LI>Call Chain = UI2C1_Init &rArr; UI2C_Open &rArr; CLK_GetPCLK1Freq &rArr; SystemCoreClockUpdate &rArr; CLK_GetPLLClockFreq
</UL>
<BR>[Calls]<UL><LI><a href="#[9c]">&gt;&gt;</a>&nbsp;&nbsp;&nbsp;UI2C_WriteMultiBytes
<LI><a href="#[9b]">&gt;&gt;</a>&nbsp;&nbsp;&nbsp;UI2C_Open
<LI><a href="#[6c]">&gt;&gt;</a>&nbsp;&nbsp;&nbsp;CLK_EnableModuleClock
<LI><a href="#[72]">&gt;&gt;</a>&nbsp;&nbsp;&nbsp;SYS_LockReg
<LI><a href="#[71]">&gt;&gt;</a>&nbsp;&nbsp;&nbsp;__NVIC_SetPriority
<LI><a href="#[70]">&gt;&gt;</a>&nbsp;&nbsp;&nbsp;__NVIC_EnableIRQ
<LI><a href="#[6b]">&gt;&gt;</a>&nbsp;&nbsp;&nbsp;SYS_UnlockReg
</UL>
<BR>[Called By]<UL><LI><a href="#[43]">&gt;&gt;</a>&nbsp;&nbsp;&nbsp;main
<LI><a href="#[39]">&gt;&gt;</a>&nbsp;&nbsp;&nbsp;USCI1_IRQHandler
</UL>

<P><STRONG><a name="[47]"></a>UI2C1_MasterTRx</STRONG> (Thumb, 940 bytes, Stack size 40 bytes, monitor_control.o(.text.UI2C1_MasterTRx))
<BR><BR>[Stack]<UL><LI>Max Depth = 68<LI>Call Chain = UI2C1_MasterTRx &rArr; UI2C1_Error_Hanlder &rArr; UI2C_DisableTimeout
</UL>
<BR>[Calls]<UL><LI><a href="#[99]">&gt;&gt;</a>&nbsp;&nbsp;&nbsp;UI2C_DisableTimeout
<LI><a href="#[98]">&gt;&gt;</a>&nbsp;&nbsp;&nbsp;UI2C1_Error_Hanlder
</UL>
<BR>[Address Reference Count : 1]<UL><LI> monitor_control.o(.text.UI2C1_Init)
</UL>
<P><STRONG><a name="[9d]"></a>UI2C_ClearTimeoutFlag</STRONG> (Thumb, 14 bytes, Stack size 4 bytes, usci_i2c.o(.text.UI2C_ClearTimeoutFlag))
<BR><BR>[Stack]<UL><LI>Max Depth = 4<LI>Call Chain = UI2C_ClearTimeoutFlag
</UL>
<BR>[Called By]<UL><LI><a href="#[39]">&gt;&gt;</a>&nbsp;&nbsp;&nbsp;USCI1_IRQHandler
</UL>

<P><STRONG><a name="[9e]"></a>UI2C_Close</STRONG> (Thumb, 18 bytes, Stack size 4 bytes, usci_i2c.o(.text.UI2C_Close))
<BR><BR>[Stack]<UL><LI>Max Depth = 4<LI>Call Chain = UI2C_Close
</UL>
<BR>[Called By]<UL><LI><a href="#[39]">&gt;&gt;</a>&nbsp;&nbsp;&nbsp;USCI1_IRQHandler
</UL>

<P><STRONG><a name="[99]"></a>UI2C_DisableTimeout</STRONG> (Thumb, 28 bytes, Stack size 4 bytes, usci_i2c.o(.text.UI2C_DisableTimeout))
<BR><BR>[Stack]<UL><LI>Max Depth = 4<LI>Call Chain = UI2C_DisableTimeout
</UL>
<BR>[Called By]<UL><LI><a href="#[47]">&gt;&gt;</a>&nbsp;&nbsp;&nbsp;UI2C1_MasterTRx
<LI><a href="#[98]">&gt;&gt;</a>&nbsp;&nbsp;&nbsp;UI2C1_Error_Hanlder
</UL>

<P><STRONG><a name="[8c]"></a>UI2C_EnableTimeout</STRONG> (Thumb, 44 bytes, Stack size 8 bytes, usci_i2c.o(.text.UI2C_EnableTimeout))
<BR><BR>[Stack]<UL><LI>Max Depth = 8<LI>Call Chain = UI2C_EnableTimeout
</UL>
<BR>[Called By]<UL><LI><a href="#[8b]">&gt;&gt;</a>&nbsp;&nbsp;&nbsp;Read_Monitor_Data_1
</UL>

<P><STRONG><a name="[9b]"></a>UI2C_Open</STRONG> (Thumb, 168 bytes, Stack size 24 bytes, usci_i2c.o(.text.UI2C_Open))
<BR><BR>[Stack]<UL><LI>Max Depth = 92<LI>Call Chain = UI2C_Open &rArr; CLK_GetPCLK1Freq &rArr; SystemCoreClockUpdate &rArr; CLK_GetPLLClockFreq
</UL>
<BR>[Calls]<UL><LI><a href="#[60]">&gt;&gt;</a>&nbsp;&nbsp;&nbsp;CLK_GetPCLK1Freq
<LI><a href="#[5e]">&gt;&gt;</a>&nbsp;&nbsp;&nbsp;CLK_GetPCLK0Freq
</UL>
<BR>[Called By]<UL><LI><a href="#[9a]">&gt;&gt;</a>&nbsp;&nbsp;&nbsp;UI2C1_Init
</UL>

<P><STRONG><a name="[9c]"></a>UI2C_WriteMultiBytes</STRONG> (Thumb, 356 bytes, Stack size 52 bytes, usci_i2c.o(.text.UI2C_WriteMultiBytes))
<BR><BR>[Stack]<UL><LI>Max Depth = 52<LI>Call Chain = UI2C_WriteMultiBytes
</UL>
<BR>[Called By]<UL><LI><a href="#[9a]">&gt;&gt;</a>&nbsp;&nbsp;&nbsp;UI2C1_Init
</UL>

<P><STRONG><a name="[39]"></a>USCI1_IRQHandler</STRONG> (Thumb, 96 bytes, Stack size 16 bytes, monitor_control.o(.text.USCI1_IRQHandler))
<BR><BR>[Stack]<UL><LI>Max Depth = 132<LI>Call Chain = USCI1_IRQHandler &rArr; UI2C1_Init &rArr; UI2C_Open &rArr; CLK_GetPCLK1Freq &rArr; SystemCoreClockUpdate &rArr; CLK_GetPLLClockFreq
</UL>
<BR>[Calls]<UL><LI><a href="#[9d]">&gt;&gt;</a>&nbsp;&nbsp;&nbsp;UI2C_ClearTimeoutFlag
<LI><a href="#[9e]">&gt;&gt;</a>&nbsp;&nbsp;&nbsp;UI2C_Close
<LI><a href="#[9a]">&gt;&gt;</a>&nbsp;&nbsp;&nbsp;UI2C1_Init
<LI><a href="#[98]">&gt;&gt;</a>&nbsp;&nbsp;&nbsp;UI2C1_Error_Hanlder
</UL>
<BR>[Address Reference Count : 1]<UL><LI> ap_startup_m251.o(RESET)
</UL>
<P><STRONG><a name="[9f]"></a>Write_Data</STRONG> (Thumb, 248 bytes, Stack size 40 bytes, eeprom_sim.o(.text.Write_Data))
<BR><BR>[Stack]<UL><LI>Max Depth = 100<LI>Call Chain = Write_Data &rArr; Manage_Next_Page &rArr; FMC_Erase
</UL>
<BR>[Calls]<UL><LI><a href="#[63]">&gt;&gt;</a>&nbsp;&nbsp;&nbsp;FMC_Enable
<LI><a href="#[83]">&gt;&gt;</a>&nbsp;&nbsp;&nbsp;Manage_Next_Page
<LI><a href="#[85]">&gt;&gt;</a>&nbsp;&nbsp;&nbsp;FMC_Write
<LI><a href="#[84]">&gt;&gt;</a>&nbsp;&nbsp;&nbsp;FMC_Read
</UL>
<BR>[Called By]<UL><LI><a href="#[7e]">&gt;&gt;</a>&nbsp;&nbsp;&nbsp;Write_EEPROM
</UL>

<P><STRONG><a name="[7e]"></a>Write_EEPROM</STRONG> (Thumb, 104 bytes, Stack size 40 bytes, eeprom_sim.o(.text.Write_EEPROM))
<BR><BR>[Stack]<UL><LI>Max Depth = 140<LI>Call Chain = Write_EEPROM &rArr; Write_Data &rArr; Manage_Next_Page &rArr; FMC_Erase
</UL>
<BR>[Calls]<UL><LI><a href="#[9f]">&gt;&gt;</a>&nbsp;&nbsp;&nbsp;Write_Data
</UL>
<BR>[Called By]<UL><LI><a href="#[43]">&gt;&gt;</a>&nbsp;&nbsp;&nbsp;main
<LI><a href="#[7f]">&gt;&gt;</a>&nbsp;&nbsp;&nbsp;Init_App_Setting_U8
<LI><a href="#[7c]">&gt;&gt;</a>&nbsp;&nbsp;&nbsp;Init_App_Setting_U32
</UL>

<P><STRONG><a name="[48]"></a>fputc</STRONG> (Thumb, 20 bytes, Stack size 16 bytes, retarget.o(.text.fputc))
<BR><BR>[Stack]<UL><LI>Max Depth = 36<LI>Call Chain = fputc &rArr; SendChar &rArr; SendChar_ToUART
</UL>
<BR>[Calls]<UL><LI><a href="#[93]">&gt;&gt;</a>&nbsp;&nbsp;&nbsp;SendChar
</UL>
<BR>[Address Reference Count : 1]<UL><LI> printfa.o(i.__0printf)
</UL>
<P><STRONG><a name="[a1]"></a>initial_eeprom_ram</STRONG> (Thumb, 2 bytes, Stack size 0 bytes, main.o(.text.initial_eeprom_ram))
<BR><BR>[Called By]<UL><LI><a href="#[43]">&gt;&gt;</a>&nbsp;&nbsp;&nbsp;main
</UL>

<P><STRONG><a name="[43]"></a>main</STRONG> (Thumb, 488 bytes, Stack size 96 bytes, main.o(.text.main))
<BR><BR>[Stack]<UL><LI>Max Depth = 260<LI>Call Chain = main &rArr; Init_App_Setting_U8 &rArr; Write_EEPROM &rArr; Write_Data &rArr; Manage_Next_Page &rArr; FMC_Erase
</UL>
<BR>[Calls]<UL><LI><a href="#[a5]">&gt;&gt;</a>&nbsp;&nbsp;&nbsp;SYS_ResetCPU
<LI><a href="#[a3]">&gt;&gt;</a>&nbsp;&nbsp;&nbsp;FMC_SetBootSource
<LI><a href="#[65]">&gt;&gt;</a>&nbsp;&nbsp;&nbsp;FMC_Open
<LI><a href="#[8b]">&gt;&gt;</a>&nbsp;&nbsp;&nbsp;Read_Monitor_Data_1
<LI><a href="#[89]">&gt;&gt;</a>&nbsp;&nbsp;&nbsp;Read_Monitor_Data_0
<LI><a href="#[9a]">&gt;&gt;</a>&nbsp;&nbsp;&nbsp;UI2C1_Init
<LI><a href="#[6a]">&gt;&gt;</a>&nbsp;&nbsp;&nbsp;I2C0_Init
<LI><a href="#[73]">&gt;&gt;</a>&nbsp;&nbsp;&nbsp;I2C1_Init
<LI><a href="#[7e]">&gt;&gt;</a>&nbsp;&nbsp;&nbsp;Write_EEPROM
<LI><a href="#[7d]">&gt;&gt;</a>&nbsp;&nbsp;&nbsp;Read_EEPROM
<LI><a href="#[80]">&gt;&gt;</a>&nbsp;&nbsp;&nbsp;Init_EEPROM
<LI><a href="#[a1]">&gt;&gt;</a>&nbsp;&nbsp;&nbsp;initial_eeprom_ram
<LI><a href="#[95]">&gt;&gt;</a>&nbsp;&nbsp;&nbsp;SysTick_Initial
<LI><a href="#[91]">&gt;&gt;</a>&nbsp;&nbsp;&nbsp;SYS_Init
<LI><a href="#[a4]">&gt;&gt;</a>&nbsp;&nbsp;&nbsp;FMC_SetVectorPageAddr
<LI><a href="#[7f]">&gt;&gt;</a>&nbsp;&nbsp;&nbsp;Init_App_Setting_U8
<LI><a href="#[7c]">&gt;&gt;</a>&nbsp;&nbsp;&nbsp;Init_App_Setting_U32
<LI><a href="#[a0]">&gt;&gt;</a>&nbsp;&nbsp;&nbsp;SYS_LockReg
<LI><a href="#[87]">&gt;&gt;</a>&nbsp;&nbsp;&nbsp;SYS_UnlockReg
<LI><a href="#[a2]">&gt;&gt;</a>&nbsp;&nbsp;&nbsp;__aeabi_memcpy
</UL>
<BR>[Address Reference Count : 1]<UL><LI> entry9a.o(.ARM.Collect$$$$0000000B)
</UL>
<P><STRONG><a name="[a6]"></a>__0printf</STRONG> (Thumb, 24 bytes, Stack size 24 bytes, printfa.o(i.__0printf), UNUSED)
<BR><BR>[Calls]<UL><LI><a href="#[a7]">&gt;&gt;</a>&nbsp;&nbsp;&nbsp;_printf_core
</UL>

<P><STRONG><a name="[bb]"></a>__1printf</STRONG> (Thumb, 0 bytes, Stack size 24 bytes, printfa.o(i.__0printf), UNUSED)

<P><STRONG><a name="[bc]"></a>__2printf</STRONG> (Thumb, 0 bytes, Stack size 24 bytes, printfa.o(i.__0printf), UNUSED)

<P><STRONG><a name="[bd]"></a>__c89printf</STRONG> (Thumb, 0 bytes, Stack size 24 bytes, printfa.o(i.__0printf), UNUSED)

<P><STRONG><a name="[81]"></a>printf</STRONG> (Thumb, 0 bytes, Stack size 24 bytes, printfa.o(i.__0printf))
<BR><BR>[Stack]<UL><LI>Max Depth = 24<LI>Call Chain = printf
</UL>
<BR>[Called By]<UL><LI><a href="#[80]">&gt;&gt;</a>&nbsp;&nbsp;&nbsp;Init_EEPROM
</UL>

<P><STRONG><a name="[59]"></a>__ARM_clz</STRONG> (Thumb, 46 bytes, Stack size 0 bytes, depilogue.o(i.__ARM_clz), UNUSED)
<BR><BR>[Called By]<UL><LI><a href="#[51]">&gt;&gt;</a>&nbsp;&nbsp;&nbsp;_double_epilogue
</UL>

<P><STRONG><a name="[be]"></a>__scatterload_copy</STRONG> (Thumb, 14 bytes, Stack size unknown bytes, handlers.o(i.__scatterload_copy), UNUSED)

<P><STRONG><a name="[bf]"></a>__scatterload_null</STRONG> (Thumb, 2 bytes, Stack size unknown bytes, handlers.o(i.__scatterload_null), UNUSED)

<P><STRONG><a name="[c0]"></a>__scatterload_zeroinit</STRONG> (Thumb, 14 bytes, Stack size unknown bytes, handlers.o(i.__scatterload_zeroinit), UNUSED)
<P>
<H3>
Local Symbols
</H3>
<P><STRONG><a name="[8e]"></a>SYS_UnlockReg</STRONG> (Thumb, 32 bytes, Stack size 0 bytes, ap_startup_m251.o(.text.SYS_UnlockReg))
<BR><BR>[Called By]<UL><LI><a href="#[0]">&gt;&gt;</a>&nbsp;&nbsp;&nbsp;Reset_Handler
</UL>

<P><STRONG><a name="[90]"></a>SYS_LockReg</STRONG> (Thumb, 8 bytes, Stack size 0 bytes, ap_startup_m251.o(.text.SYS_LockReg))
<BR><BR>[Called By]<UL><LI><a href="#[0]">&gt;&gt;</a>&nbsp;&nbsp;&nbsp;Reset_Handler
</UL>

<P><STRONG><a name="[96]"></a>__NVIC_EnableIRQ</STRONG> (Thumb, 48 bytes, Stack size 4 bytes, main.o(.text.__NVIC_EnableIRQ))
<BR><BR>[Stack]<UL><LI>Max Depth = 4<LI>Call Chain = __NVIC_EnableIRQ
</UL>
<BR>[Called By]<UL><LI><a href="#[95]">&gt;&gt;</a>&nbsp;&nbsp;&nbsp;SysTick_Initial
</UL>

<P><STRONG><a name="[97]"></a>__NVIC_SetPriority</STRONG> (Thumb, 124 bytes, Stack size 24 bytes, main.o(.text.__NVIC_SetPriority))
<BR><BR>[Stack]<UL><LI>Max Depth = 24<LI>Call Chain = __NVIC_SetPriority
</UL>
<BR>[Called By]<UL><LI><a href="#[95]">&gt;&gt;</a>&nbsp;&nbsp;&nbsp;SysTick_Initial
</UL>

<P><STRONG><a name="[87]"></a>SYS_UnlockReg</STRONG> (Thumb, 32 bytes, Stack size 0 bytes, main.o(.text.SYS_UnlockReg))
<BR><BR>[Called By]<UL><LI><a href="#[43]">&gt;&gt;</a>&nbsp;&nbsp;&nbsp;main
<LI><a href="#[44]">&gt;&gt;</a>&nbsp;&nbsp;&nbsp;ProcessHardFault
</UL>

<P><STRONG><a name="[a0]"></a>SYS_LockReg</STRONG> (Thumb, 8 bytes, Stack size 0 bytes, main.o(.text.SYS_LockReg))
<BR><BR>[Called By]<UL><LI><a href="#[43]">&gt;&gt;</a>&nbsp;&nbsp;&nbsp;main
</UL>

<P><STRONG><a name="[7c]"></a>Init_App_Setting_U32</STRONG> (Thumb, 66 bytes, Stack size 24 bytes, main.o(.text.Init_App_Setting_U32))
<BR><BR>[Stack]<UL><LI>Max Depth = 164<LI>Call Chain = Init_App_Setting_U32 &rArr; Write_EEPROM &rArr; Write_Data &rArr; Manage_Next_Page &rArr; FMC_Erase
</UL>
<BR>[Calls]<UL><LI><a href="#[7e]">&gt;&gt;</a>&nbsp;&nbsp;&nbsp;Write_EEPROM
<LI><a href="#[7d]">&gt;&gt;</a>&nbsp;&nbsp;&nbsp;Read_EEPROM
</UL>
<BR>[Called By]<UL><LI><a href="#[43]">&gt;&gt;</a>&nbsp;&nbsp;&nbsp;main
</UL>

<P><STRONG><a name="[7f]"></a>Init_App_Setting_U8</STRONG> (Thumb, 60 bytes, Stack size 24 bytes, main.o(.text.Init_App_Setting_U8))
<BR><BR>[Stack]<UL><LI>Max Depth = 164<LI>Call Chain = Init_App_Setting_U8 &rArr; Write_EEPROM &rArr; Write_Data &rArr; Manage_Next_Page &rArr; FMC_Erase
</UL>
<BR>[Calls]<UL><LI><a href="#[7e]">&gt;&gt;</a>&nbsp;&nbsp;&nbsp;Write_EEPROM
<LI><a href="#[7d]">&gt;&gt;</a>&nbsp;&nbsp;&nbsp;Read_EEPROM
</UL>
<BR>[Called By]<UL><LI><a href="#[43]">&gt;&gt;</a>&nbsp;&nbsp;&nbsp;main
</UL>

<P><STRONG><a name="[a4]"></a>FMC_SetVectorPageAddr</STRONG> (Thumb, 104 bytes, Stack size 12 bytes, main.o(.text.FMC_SetVectorPageAddr))
<BR><BR>[Stack]<UL><LI>Max Depth = 12<LI>Call Chain = FMC_SetVectorPageAddr
</UL>
<BR>[Called By]<UL><LI><a href="#[43]">&gt;&gt;</a>&nbsp;&nbsp;&nbsp;main
</UL>

<P><STRONG><a name="[79]"></a>SYS_IsRegLocked</STRONG> (Thumb, 16 bytes, Stack size 0 bytes, i2c.o(.text.SYS_IsRegLocked))
<BR><BR>[Called By]<UL><LI><a href="#[69]">&gt;&gt;</a>&nbsp;&nbsp;&nbsp;I2C_Close
</UL>

<P><STRONG><a name="[7a]"></a>SYS_UnlockReg</STRONG> (Thumb, 32 bytes, Stack size 0 bytes, i2c.o(.text.SYS_UnlockReg))
<BR><BR>[Called By]<UL><LI><a href="#[69]">&gt;&gt;</a>&nbsp;&nbsp;&nbsp;I2C_Close
</UL>

<P><STRONG><a name="[7b]"></a>SYS_LockReg</STRONG> (Thumb, 8 bytes, Stack size 0 bytes, i2c.o(.text.SYS_LockReg))
<BR><BR>[Called By]<UL><LI><a href="#[69]">&gt;&gt;</a>&nbsp;&nbsp;&nbsp;I2C_Close
</UL>

<P><STRONG><a name="[64]"></a>SYS_UnlockReg</STRONG> (Thumb, 32 bytes, Stack size 0 bytes, eeprom_sim.o(.text.SYS_UnlockReg))
<BR><BR>[Called By]<UL><LI><a href="#[63]">&gt;&gt;</a>&nbsp;&nbsp;&nbsp;FMC_Enable
</UL>

<P><STRONG><a name="[82]"></a>Search_Valid_Page</STRONG> (Thumb, 408 bytes, Stack size 72 bytes, eeprom_sim.o(.text.Search_Valid_Page))
<BR><BR>[Stack]<UL><LI>Max Depth = 88<LI>Call Chain = Search_Valid_Page &rArr; FMC_Write
</UL>
<BR>[Calls]<UL><LI><a href="#[63]">&gt;&gt;</a>&nbsp;&nbsp;&nbsp;FMC_Enable
<LI><a href="#[85]">&gt;&gt;</a>&nbsp;&nbsp;&nbsp;FMC_Write
<LI><a href="#[84]">&gt;&gt;</a>&nbsp;&nbsp;&nbsp;FMC_Read
</UL>
<BR>[Called By]<UL><LI><a href="#[80]">&gt;&gt;</a>&nbsp;&nbsp;&nbsp;Init_EEPROM
</UL>

<P><STRONG><a name="[83]"></a>Manage_Next_Page</STRONG> (Thumb, 360 bytes, Stack size 40 bytes, eeprom_sim.o(.text.Manage_Next_Page))
<BR><BR>[Stack]<UL><LI>Max Depth = 60<LI>Call Chain = Manage_Next_Page &rArr; FMC_Erase
</UL>
<BR>[Calls]<UL><LI><a href="#[63]">&gt;&gt;</a>&nbsp;&nbsp;&nbsp;FMC_Enable
<LI><a href="#[86]">&gt;&gt;</a>&nbsp;&nbsp;&nbsp;FMC_Erase
<LI><a href="#[85]">&gt;&gt;</a>&nbsp;&nbsp;&nbsp;FMC_Write
<LI><a href="#[84]">&gt;&gt;</a>&nbsp;&nbsp;&nbsp;FMC_Read
</UL>
<BR>[Called By]<UL><LI><a href="#[9f]">&gt;&gt;</a>&nbsp;&nbsp;&nbsp;Write_Data
</UL>

<P><STRONG><a name="[74]"></a>SYS_UnlockReg</STRONG> (Thumb, 32 bytes, Stack size 0 bytes, i2c_control.o(.text.SYS_UnlockReg))
<BR><BR>[Called By]<UL><LI><a href="#[73]">&gt;&gt;</a>&nbsp;&nbsp;&nbsp;I2C1_Init
</UL>

<P><STRONG><a name="[76]"></a>__NVIC_EnableIRQ</STRONG> (Thumb, 48 bytes, Stack size 4 bytes, i2c_control.o(.text.__NVIC_EnableIRQ))
<BR><BR>[Stack]<UL><LI>Max Depth = 4<LI>Call Chain = __NVIC_EnableIRQ
</UL>
<BR>[Called By]<UL><LI><a href="#[73]">&gt;&gt;</a>&nbsp;&nbsp;&nbsp;I2C1_Init
</UL>

<P><STRONG><a name="[77]"></a>__NVIC_SetPriority</STRONG> (Thumb, 124 bytes, Stack size 24 bytes, i2c_control.o(.text.__NVIC_SetPriority))
<BR><BR>[Stack]<UL><LI>Max Depth = 24<LI>Call Chain = __NVIC_SetPriority
</UL>
<BR>[Called By]<UL><LI><a href="#[73]">&gt;&gt;</a>&nbsp;&nbsp;&nbsp;I2C1_Init
</UL>

<P><STRONG><a name="[78]"></a>SYS_LockReg</STRONG> (Thumb, 8 bytes, Stack size 0 bytes, i2c_control.o(.text.SYS_LockReg))
<BR><BR>[Called By]<UL><LI><a href="#[73]">&gt;&gt;</a>&nbsp;&nbsp;&nbsp;I2C1_Init
</UL>

<P><STRONG><a name="[6b]"></a>SYS_UnlockReg</STRONG> (Thumb, 32 bytes, Stack size 0 bytes, monitor_control.o(.text.SYS_UnlockReg))
<BR><BR>[Called By]<UL><LI><a href="#[9a]">&gt;&gt;</a>&nbsp;&nbsp;&nbsp;UI2C1_Init
<LI><a href="#[6a]">&gt;&gt;</a>&nbsp;&nbsp;&nbsp;I2C0_Init
</UL>

<P><STRONG><a name="[70]"></a>__NVIC_EnableIRQ</STRONG> (Thumb, 48 bytes, Stack size 4 bytes, monitor_control.o(.text.__NVIC_EnableIRQ))
<BR><BR>[Stack]<UL><LI>Max Depth = 4<LI>Call Chain = __NVIC_EnableIRQ
</UL>
<BR>[Called By]<UL><LI><a href="#[9a]">&gt;&gt;</a>&nbsp;&nbsp;&nbsp;UI2C1_Init
<LI><a href="#[6a]">&gt;&gt;</a>&nbsp;&nbsp;&nbsp;I2C0_Init
</UL>

<P><STRONG><a name="[71]"></a>__NVIC_SetPriority</STRONG> (Thumb, 124 bytes, Stack size 24 bytes, monitor_control.o(.text.__NVIC_SetPriority))
<BR><BR>[Stack]<UL><LI>Max Depth = 24<LI>Call Chain = __NVIC_SetPriority
</UL>
<BR>[Called By]<UL><LI><a href="#[9a]">&gt;&gt;</a>&nbsp;&nbsp;&nbsp;UI2C1_Init
<LI><a href="#[6a]">&gt;&gt;</a>&nbsp;&nbsp;&nbsp;I2C0_Init
</UL>

<P><STRONG><a name="[72]"></a>SYS_LockReg</STRONG> (Thumb, 8 bytes, Stack size 0 bytes, monitor_control.o(.text.SYS_LockReg))
<BR><BR>[Called By]<UL><LI><a href="#[9a]">&gt;&gt;</a>&nbsp;&nbsp;&nbsp;UI2C1_Init
<LI><a href="#[6a]">&gt;&gt;</a>&nbsp;&nbsp;&nbsp;I2C0_Init
</UL>

<P><STRONG><a name="[a8]"></a>_fp_digits</STRONG> (Thumb, 344 bytes, Stack size 64 bytes, printfa.o(i._fp_digits), UNUSED)
<BR><BR>[Calls]<UL><LI><a href="#[4c]">&gt;&gt;</a>&nbsp;&nbsp;&nbsp;__aeabi_uldivmod
<LI><a href="#[55]">&gt;&gt;</a>&nbsp;&nbsp;&nbsp;__aeabi_dmul
<LI><a href="#[56]">&gt;&gt;</a>&nbsp;&nbsp;&nbsp;__aeabi_ddiv
<LI><a href="#[4f]">&gt;&gt;</a>&nbsp;&nbsp;&nbsp;__aeabi_dadd
<LI><a href="#[57]">&gt;&gt;</a>&nbsp;&nbsp;&nbsp;__aeabi_d2ulz
<LI><a href="#[a9]">&gt;&gt;</a>&nbsp;&nbsp;&nbsp;__aeabi_cdrcmple
</UL>
<BR>[Called By]<UL><LI><a href="#[a7]">&gt;&gt;</a>&nbsp;&nbsp;&nbsp;_printf_core
</UL>

<P><STRONG><a name="[a7]"></a>_printf_core</STRONG> (Thumb, 1754 bytes, Stack size 128 bytes, printfa.o(i._printf_core), UNUSED)
<BR><BR>[Calls]<UL><LI><a href="#[ac]">&gt;&gt;</a>&nbsp;&nbsp;&nbsp;__aeabi_uidivmod
<LI><a href="#[4c]">&gt;&gt;</a>&nbsp;&nbsp;&nbsp;__aeabi_uldivmod
<LI><a href="#[aa]">&gt;&gt;</a>&nbsp;&nbsp;&nbsp;_printf_pre_padding
<LI><a href="#[ab]">&gt;&gt;</a>&nbsp;&nbsp;&nbsp;_printf_post_padding
<LI><a href="#[a8]">&gt;&gt;</a>&nbsp;&nbsp;&nbsp;_fp_digits
</UL>
<BR>[Called By]<UL><LI><a href="#[a6]">&gt;&gt;</a>&nbsp;&nbsp;&nbsp;__0printf
</UL>

<P><STRONG><a name="[ab]"></a>_printf_post_padding</STRONG> (Thumb, 32 bytes, Stack size 24 bytes, printfa.o(i._printf_post_padding), UNUSED)
<BR><BR>[Called By]<UL><LI><a href="#[a7]">&gt;&gt;</a>&nbsp;&nbsp;&nbsp;_printf_core
</UL>

<P><STRONG><a name="[aa]"></a>_printf_pre_padding</STRONG> (Thumb, 44 bytes, Stack size 40 bytes, printfa.o(i._printf_pre_padding), UNUSED)
<BR><BR>[Called By]<UL><LI><a href="#[a7]">&gt;&gt;</a>&nbsp;&nbsp;&nbsp;_printf_core
</UL>
<P>
<H3>
Undefined Global Symbols
</H3><HR></body></html>
