<!doctype html public "-//w3c//dtd html 4.0 transitional//en">
<html><head>
<title>Static Call Graph - [.\obj\LDROM.axf]</title></head>
<body><HR>
<H1>Static Call Graph for image .\obj\LDROM.axf</H1><HR>
<BR><P>#&#060CALLGRAPH&#062# ARM Linker, 6220000: Last Updated: Fri Feb 13 08:53:28 2026
<BR><P>
<H3>Maximum Stack Usage =        108 bytes + Unknown(Cycles, Untraceable Function Pointers)</H3><H3>
Call chain for Maximum Stack Depth:</H3>
main &rArr; CalCheckSum &rArr; ReadData &rArr; FMC_Proc
<P>
<H3>
Mutually Recursive functions
</H3> <LI><a href="#[1]">NMI_Handler</a>&nbsp;&nbsp;&nbsp;&rArr;&nbsp;&nbsp;&nbsp;<a href="#[1]">NMI_Handler</a><BR>
 <LI><a href="#[2]">HardFault_Handler</a>&nbsp;&nbsp;&nbsp;&rArr;&nbsp;&nbsp;&nbsp;<a href="#[2]">HardFault_Handler</a><BR>
 <LI><a href="#[3]">SVC_Handler</a>&nbsp;&nbsp;&nbsp;&rArr;&nbsp;&nbsp;&nbsp;<a href="#[3]">SVC_Handler</a><BR>
 <LI><a href="#[4]">PendSV_Handler</a>&nbsp;&nbsp;&nbsp;&rArr;&nbsp;&nbsp;&nbsp;<a href="#[4]">PendSV_Handler</a><BR>
 <LI><a href="#[5]">SysTick_Handler</a>&nbsp;&nbsp;&nbsp;&rArr;&nbsp;&nbsp;&nbsp;<a href="#[5]">SysTick_Handler</a><BR>
 <LI><a href="#[31]">ACMP01_IRQHandler</a>&nbsp;&nbsp;&nbsp;&rArr;&nbsp;&nbsp;&nbsp;<a href="#[31]">ACMP01_IRQHandler</a><BR>
</UL>
<P>
<H3>
Function Pointers
</H3><UL>
 <LI><a href="#[31]">ACMP01_IRQHandler</a> from startup_m251_user.o(.text) referenced from startup_m251_user.o(RESET)
 <LI><a href="#[6]">BOD_IRQHandler</a> from startup_m251_user.o(.text) referenced from startup_m251_user.o(RESET)
 <LI><a href="#[32]">BPWM0_IRQHandler</a> from startup_m251_user.o(.text) referenced from startup_m251_user.o(RESET)
 <LI><a href="#[39]">BPWM1_IRQHandler</a> from startup_m251_user.o(.text) referenced from startup_m251_user.o(RESET)
 <LI><a href="#[1d]">BRAKE0_IRQHandler</a> from startup_m251_user.o(.text) referenced from startup_m251_user.o(RESET)
 <LI><a href="#[21]">BRAKE1_IRQHandler</a> from startup_m251_user.o(.text) referenced from startup_m251_user.o(RESET)
 <LI><a href="#[a]">CLKFAIL_IRQHandler</a> from startup_m251_user.o(.text) referenced from startup_m251_user.o(RESET)
 <LI><a href="#[2e]">DAC_IRQHandler</a> from startup_m251_user.o(.text) referenced from startup_m251_user.o(RESET)
 <LI><a href="#[9]">DEFAULT_IRQHandler</a> from startup_m251_user.o(.text) referenced 9 times from startup_m251_user.o(RESET)
 <LI><a href="#[2f]">EADC_INT0_IRQHandler</a> from startup_m251_user.o(.text) referenced from startup_m251_user.o(RESET)
 <LI><a href="#[30]">EADC_INT1_IRQHandler</a> from startup_m251_user.o(.text) referenced from startup_m251_user.o(RESET)
 <LI><a href="#[33]">EADC_INT2_IRQHandler</a> from startup_m251_user.o(.text) referenced from startup_m251_user.o(RESET)
 <LI><a href="#[34]">EADC_INT3_IRQHandler</a> from startup_m251_user.o(.text) referenced from startup_m251_user.o(RESET)
 <LI><a href="#[f]">EINT0_IRQHandler</a> from startup_m251_user.o(.text) referenced from startup_m251_user.o(RESET)
 <LI><a href="#[10]">EINT1_IRQHandler</a> from startup_m251_user.o(.text) referenced from startup_m251_user.o(RESET)
 <LI><a href="#[11]">EINT2_IRQHandler</a> from startup_m251_user.o(.text) referenced from startup_m251_user.o(RESET)
 <LI><a href="#[12]">EINT3_IRQHandler</a> from startup_m251_user.o(.text) referenced from startup_m251_user.o(RESET)
 <LI><a href="#[13]">EINT4_IRQHandler</a> from startup_m251_user.o(.text) referenced from startup_m251_user.o(RESET)
 <LI><a href="#[14]">EINT5_IRQHandler</a> from startup_m251_user.o(.text) referenced from startup_m251_user.o(RESET)
 <LI><a href="#[15]">GPA_IRQHandler</a> from startup_m251_user.o(.text) referenced from startup_m251_user.o(RESET)
 <LI><a href="#[16]">GPB_IRQHandler</a> from startup_m251_user.o(.text) referenced from startup_m251_user.o(RESET)
 <LI><a href="#[17]">GPC_IRQHandler</a> from startup_m251_user.o(.text) referenced from startup_m251_user.o(RESET)
 <LI><a href="#[18]">GPD_IRQHandler</a> from startup_m251_user.o(.text) referenced from startup_m251_user.o(RESET)
 <LI><a href="#[19]">GPE_IRQHandler</a> from startup_m251_user.o(.text) referenced from startup_m251_user.o(RESET)
 <LI><a href="#[1a]">GPF_IRQHandler</a> from startup_m251_user.o(.text) referenced from startup_m251_user.o(RESET)
 <LI><a href="#[2]">HardFault_Handler</a> from startup_m251_user.o(.text) referenced from startup_m251_user.o(RESET)
 <LI><a href="#[2b]">I2C0_IRQHandler</a> from startup_m251_user.o(.text) referenced from startup_m251_user.o(RESET)
 <LI><a href="#[2c]">I2C1_IRQHandler</a> from i2c_transfer.o(.text.I2C1_IRQHandler) referenced from startup_m251_user.o(RESET)
 <LI><a href="#[7]">IRCTRIM_IRQHandler</a> from startup_m251_user.o(.text) referenced from startup_m251_user.o(RESET)
 <LI><a href="#[1]">NMI_Handler</a> from startup_m251_user.o(.text) referenced from startup_m251_user.o(RESET)
 <LI><a href="#[3d]">OPA_IRQHandler</a> from startup_m251_user.o(.text) referenced from startup_m251_user.o(RESET)
 <LI><a href="#[2d]">PDMA_IRQHandler</a> from startup_m251_user.o(.text) referenced from startup_m251_user.o(RESET)
 <LI><a href="#[3a]">PSIO_IRQHandler</a> from startup_m251_user.o(.text) referenced from startup_m251_user.o(RESET)
 <LI><a href="#[1e]">PWM0_P0_IRQHandler</a> from startup_m251_user.o(.text) referenced from startup_m251_user.o(RESET)
 <LI><a href="#[1f]">PWM0_P1_IRQHandler</a> from startup_m251_user.o(.text) referenced from startup_m251_user.o(RESET)
 <LI><a href="#[20]">PWM0_P2_IRQHandler</a> from startup_m251_user.o(.text) referenced from startup_m251_user.o(RESET)
 <LI><a href="#[22]">PWM1_P0_IRQHandler</a> from startup_m251_user.o(.text) referenced from startup_m251_user.o(RESET)
 <LI><a href="#[23]">PWM1_P1_IRQHandler</a> from startup_m251_user.o(.text) referenced from startup_m251_user.o(RESET)
 <LI><a href="#[24]">PWM1_P2_IRQHandler</a> from startup_m251_user.o(.text) referenced from startup_m251_user.o(RESET)
 <LI><a href="#[8]">PWRWU_IRQHandler</a> from startup_m251_user.o(.text) referenced from startup_m251_user.o(RESET)
 <LI><a href="#[4]">PendSV_Handler</a> from startup_m251_user.o(.text) referenced from startup_m251_user.o(RESET)
 <LI><a href="#[1b]">QSPI0_IRQHandler</a> from startup_m251_user.o(.text) referenced from startup_m251_user.o(RESET)
 <LI><a href="#[b]">RTC_IRQHandler</a> from startup_m251_user.o(.text) referenced from startup_m251_user.o(RESET)
 <LI><a href="#[0]">Reset_Handler</a> from startup_m251_user.o(.text) referenced from startup_m251_user.o(RESET)
 <LI><a href="#[3b]">SC0_IRQHandler</a> from startup_m251_user.o(.text) referenced from startup_m251_user.o(RESET)
 <LI><a href="#[1c]">SPI0_IRQHandler</a> from startup_m251_user.o(.text) referenced from startup_m251_user.o(RESET)
 <LI><a href="#[3]">SVC_Handler</a> from startup_m251_user.o(.text) referenced from startup_m251_user.o(RESET)
 <LI><a href="#[5]">SysTick_Handler</a> from startup_m251_user.o(.text) referenced from startup_m251_user.o(RESET)
 <LI><a href="#[3f]">SystemInit</a> from system_m251.o(.text.SystemInit) referenced from startup_m251_user.o(.text)
 <LI><a href="#[c]">TAMPER_IRQHandler</a> from startup_m251_user.o(.text) referenced from startup_m251_user.o(RESET)
 <LI><a href="#[25]">TMR0_IRQHandler</a> from startup_m251_user.o(.text) referenced from startup_m251_user.o(RESET)
 <LI><a href="#[26]">TMR1_IRQHandler</a> from startup_m251_user.o(.text) referenced from startup_m251_user.o(RESET)
 <LI><a href="#[27]">TMR2_IRQHandler</a> from startup_m251_user.o(.text) referenced from startup_m251_user.o(RESET)
 <LI><a href="#[28]">TMR3_IRQHandler</a> from startup_m251_user.o(.text) referenced from startup_m251_user.o(RESET)
 <LI><a href="#[29]">UART0_IRQHandler</a> from startup_m251_user.o(.text) referenced from startup_m251_user.o(RESET)
 <LI><a href="#[2a]">UART1_IRQHandler</a> from startup_m251_user.o(.text) referenced from startup_m251_user.o(RESET)
 <LI><a href="#[35]">UART2_IRQHandler</a> from startup_m251_user.o(.text) referenced from startup_m251_user.o(RESET)
 <LI><a href="#[38]">USBD_IRQHandler</a> from startup_m251_user.o(.text) referenced from startup_m251_user.o(RESET)
 <LI><a href="#[36]">USCI0_IRQHandler</a> from startup_m251_user.o(.text) referenced from startup_m251_user.o(RESET)
 <LI><a href="#[37]">USCI1_IRQHandler</a> from startup_m251_user.o(.text) referenced from startup_m251_user.o(RESET)
 <LI><a href="#[3c]">USCI2_IRQHandler</a> from startup_m251_user.o(.text) referenced from startup_m251_user.o(RESET)
 <LI><a href="#[d]">WDT_IRQHandler</a> from startup_m251_user.o(.text) referenced from startup_m251_user.o(RESET)
 <LI><a href="#[e]">WWDT_IRQHandler</a> from startup_m251_user.o(.text) referenced from startup_m251_user.o(RESET)
 <LI><a href="#[40]">__main</a> from entry.o(.ARM.Collect$$$$00000000) referenced from startup_m251_user.o(.text)
 <LI><a href="#[3e]">main</a> from main.o(.text.main) referenced from entry9a.o(.ARM.Collect$$$$0000000B)
</UL>
<P>
<H3>
Global Symbols
</H3>
<P><STRONG><a name="[40]"></a>__main</STRONG> (Thumb, 0 bytes, Stack size unknown bytes, entry.o(.ARM.Collect$$$$00000000))
<BR>[Address Reference Count : 1]<UL><LI> startup_m251_user.o(.text)
</UL>
<P><STRONG><a name="[51]"></a>_main_stk</STRONG> (Thumb, 0 bytes, Stack size unknown bytes, entry2.o(.ARM.Collect$$$$00000001))

<P><STRONG><a name="[41]"></a>_main_scatterload</STRONG> (Thumb, 0 bytes, Stack size unknown bytes, entry5.o(.ARM.Collect$$$$00000004))
<BR><BR>[Calls]<UL><LI><a href="#[42]">&gt;&gt;</a>&nbsp;&nbsp;&nbsp;__scatterload
</UL>

<P><STRONG><a name="[43]"></a>__main_after_scatterload</STRONG> (Thumb, 0 bytes, Stack size unknown bytes, entry5.o(.ARM.Collect$$$$00000004))
<BR><BR>[Called By]<UL><LI><a href="#[42]">&gt;&gt;</a>&nbsp;&nbsp;&nbsp;__scatterload
</UL>

<P><STRONG><a name="[52]"></a>_main_clock</STRONG> (Thumb, 0 bytes, Stack size unknown bytes, entry7b.o(.ARM.Collect$$$$00000008))

<P><STRONG><a name="[53]"></a>_main_cpp_init</STRONG> (Thumb, 0 bytes, Stack size unknown bytes, entry8b.o(.ARM.Collect$$$$0000000A))

<P><STRONG><a name="[54]"></a>_main_init</STRONG> (Thumb, 0 bytes, Stack size unknown bytes, entry9a.o(.ARM.Collect$$$$0000000B))

<P><STRONG><a name="[55]"></a>__rt_final_cpp</STRONG> (Thumb, 0 bytes, Stack size unknown bytes, entry10a.o(.ARM.Collect$$$$0000000D))

<P><STRONG><a name="[56]"></a>__rt_final_exit</STRONG> (Thumb, 0 bytes, Stack size unknown bytes, entry11a.o(.ARM.Collect$$$$0000000F))

<P><STRONG><a name="[0]"></a>Reset_Handler</STRONG> (Thumb, 46 bytes, Stack size 0 bytes, startup_m251_user.o(.text))
<BR>[Address Reference Count : 1]<UL><LI> startup_m251_user.o(RESET)
</UL>
<P><STRONG><a name="[1]"></a>NMI_Handler</STRONG> (Thumb, 2 bytes, Stack size 0 bytes, startup_m251_user.o(.text))
<BR><BR>[Calls]<UL><LI><a href="#[1]">&gt;&gt;</a>&nbsp;&nbsp;&nbsp;NMI_Handler
</UL>
<BR>[Called By]<UL><LI><a href="#[1]">&gt;&gt;</a>&nbsp;&nbsp;&nbsp;NMI_Handler
</UL>
<BR>[Address Reference Count : 1]<UL><LI> startup_m251_user.o(RESET)
</UL>
<P><STRONG><a name="[2]"></a>HardFault_Handler</STRONG> (Thumb, 2 bytes, Stack size 0 bytes, startup_m251_user.o(.text))
<BR><BR>[Calls]<UL><LI><a href="#[2]">&gt;&gt;</a>&nbsp;&nbsp;&nbsp;HardFault_Handler
</UL>
<BR>[Called By]<UL><LI><a href="#[2]">&gt;&gt;</a>&nbsp;&nbsp;&nbsp;HardFault_Handler
</UL>
<BR>[Address Reference Count : 1]<UL><LI> startup_m251_user.o(RESET)
</UL>
<P><STRONG><a name="[3]"></a>SVC_Handler</STRONG> (Thumb, 2 bytes, Stack size 0 bytes, startup_m251_user.o(.text))
<BR><BR>[Calls]<UL><LI><a href="#[3]">&gt;&gt;</a>&nbsp;&nbsp;&nbsp;SVC_Handler
</UL>
<BR>[Called By]<UL><LI><a href="#[3]">&gt;&gt;</a>&nbsp;&nbsp;&nbsp;SVC_Handler
</UL>
<BR>[Address Reference Count : 1]<UL><LI> startup_m251_user.o(RESET)
</UL>
<P><STRONG><a name="[4]"></a>PendSV_Handler</STRONG> (Thumb, 2 bytes, Stack size 0 bytes, startup_m251_user.o(.text))
<BR><BR>[Calls]<UL><LI><a href="#[4]">&gt;&gt;</a>&nbsp;&nbsp;&nbsp;PendSV_Handler
</UL>
<BR>[Called By]<UL><LI><a href="#[4]">&gt;&gt;</a>&nbsp;&nbsp;&nbsp;PendSV_Handler
</UL>
<BR>[Address Reference Count : 1]<UL><LI> startup_m251_user.o(RESET)
</UL>
<P><STRONG><a name="[5]"></a>SysTick_Handler</STRONG> (Thumb, 2 bytes, Stack size 0 bytes, startup_m251_user.o(.text))
<BR><BR>[Calls]<UL><LI><a href="#[5]">&gt;&gt;</a>&nbsp;&nbsp;&nbsp;SysTick_Handler
</UL>
<BR>[Called By]<UL><LI><a href="#[5]">&gt;&gt;</a>&nbsp;&nbsp;&nbsp;SysTick_Handler
</UL>
<BR>[Address Reference Count : 1]<UL><LI> startup_m251_user.o(RESET)
</UL>
<P><STRONG><a name="[31]"></a>ACMP01_IRQHandler</STRONG> (Thumb, 0 bytes, Stack size 0 bytes, startup_m251_user.o(.text))
<BR><BR>[Calls]<UL><LI><a href="#[31]">&gt;&gt;</a>&nbsp;&nbsp;&nbsp;ACMP01_IRQHandler
</UL>
<BR>[Called By]<UL><LI><a href="#[31]">&gt;&gt;</a>&nbsp;&nbsp;&nbsp;ACMP01_IRQHandler
</UL>
<BR>[Address Reference Count : 1]<UL><LI> startup_m251_user.o(RESET)
</UL>
<P><STRONG><a name="[6]"></a>BOD_IRQHandler</STRONG> (Thumb, 0 bytes, Stack size 0 bytes, startup_m251_user.o(.text))
<BR>[Address Reference Count : 1]<UL><LI> startup_m251_user.o(RESET)
</UL>
<P><STRONG><a name="[32]"></a>BPWM0_IRQHandler</STRONG> (Thumb, 0 bytes, Stack size 0 bytes, startup_m251_user.o(.text))
<BR>[Address Reference Count : 1]<UL><LI> startup_m251_user.o(RESET)
</UL>
<P><STRONG><a name="[39]"></a>BPWM1_IRQHandler</STRONG> (Thumb, 0 bytes, Stack size 0 bytes, startup_m251_user.o(.text))
<BR>[Address Reference Count : 1]<UL><LI> startup_m251_user.o(RESET)
</UL>
<P><STRONG><a name="[1d]"></a>BRAKE0_IRQHandler</STRONG> (Thumb, 0 bytes, Stack size 0 bytes, startup_m251_user.o(.text))
<BR>[Address Reference Count : 1]<UL><LI> startup_m251_user.o(RESET)
</UL>
<P><STRONG><a name="[21]"></a>BRAKE1_IRQHandler</STRONG> (Thumb, 0 bytes, Stack size 0 bytes, startup_m251_user.o(.text))
<BR>[Address Reference Count : 1]<UL><LI> startup_m251_user.o(RESET)
</UL>
<P><STRONG><a name="[a]"></a>CLKFAIL_IRQHandler</STRONG> (Thumb, 0 bytes, Stack size 0 bytes, startup_m251_user.o(.text))
<BR>[Address Reference Count : 1]<UL><LI> startup_m251_user.o(RESET)
</UL>
<P><STRONG><a name="[2e]"></a>DAC_IRQHandler</STRONG> (Thumb, 0 bytes, Stack size 0 bytes, startup_m251_user.o(.text))
<BR>[Address Reference Count : 1]<UL><LI> startup_m251_user.o(RESET)
</UL>
<P><STRONG><a name="[9]"></a>DEFAULT_IRQHandler</STRONG> (Thumb, 0 bytes, Stack size 0 bytes, startup_m251_user.o(.text))
<BR>[Address Reference Count : 1]<UL><LI> startup_m251_user.o(RESET)
</UL>
<P><STRONG><a name="[2f]"></a>EADC_INT0_IRQHandler</STRONG> (Thumb, 0 bytes, Stack size 0 bytes, startup_m251_user.o(.text))
<BR>[Address Reference Count : 1]<UL><LI> startup_m251_user.o(RESET)
</UL>
<P><STRONG><a name="[30]"></a>EADC_INT1_IRQHandler</STRONG> (Thumb, 0 bytes, Stack size 0 bytes, startup_m251_user.o(.text))
<BR>[Address Reference Count : 1]<UL><LI> startup_m251_user.o(RESET)
</UL>
<P><STRONG><a name="[33]"></a>EADC_INT2_IRQHandler</STRONG> (Thumb, 0 bytes, Stack size 0 bytes, startup_m251_user.o(.text))
<BR>[Address Reference Count : 1]<UL><LI> startup_m251_user.o(RESET)
</UL>
<P><STRONG><a name="[34]"></a>EADC_INT3_IRQHandler</STRONG> (Thumb, 0 bytes, Stack size 0 bytes, startup_m251_user.o(.text))
<BR>[Address Reference Count : 1]<UL><LI> startup_m251_user.o(RESET)
</UL>
<P><STRONG><a name="[f]"></a>EINT0_IRQHandler</STRONG> (Thumb, 0 bytes, Stack size 0 bytes, startup_m251_user.o(.text))
<BR>[Address Reference Count : 1]<UL><LI> startup_m251_user.o(RESET)
</UL>
<P><STRONG><a name="[10]"></a>EINT1_IRQHandler</STRONG> (Thumb, 0 bytes, Stack size 0 bytes, startup_m251_user.o(.text))
<BR>[Address Reference Count : 1]<UL><LI> startup_m251_user.o(RESET)
</UL>
<P><STRONG><a name="[11]"></a>EINT2_IRQHandler</STRONG> (Thumb, 0 bytes, Stack size 0 bytes, startup_m251_user.o(.text))
<BR>[Address Reference Count : 1]<UL><LI> startup_m251_user.o(RESET)
</UL>
<P><STRONG><a name="[12]"></a>EINT3_IRQHandler</STRONG> (Thumb, 0 bytes, Stack size 0 bytes, startup_m251_user.o(.text))
<BR>[Address Reference Count : 1]<UL><LI> startup_m251_user.o(RESET)
</UL>
<P><STRONG><a name="[13]"></a>EINT4_IRQHandler</STRONG> (Thumb, 0 bytes, Stack size 0 bytes, startup_m251_user.o(.text))
<BR>[Address Reference Count : 1]<UL><LI> startup_m251_user.o(RESET)
</UL>
<P><STRONG><a name="[14]"></a>EINT5_IRQHandler</STRONG> (Thumb, 0 bytes, Stack size 0 bytes, startup_m251_user.o(.text))
<BR>[Address Reference Count : 1]<UL><LI> startup_m251_user.o(RESET)
</UL>
<P><STRONG><a name="[15]"></a>GPA_IRQHandler</STRONG> (Thumb, 0 bytes, Stack size 0 bytes, startup_m251_user.o(.text))
<BR>[Address Reference Count : 1]<UL><LI> startup_m251_user.o(RESET)
</UL>
<P><STRONG><a name="[16]"></a>GPB_IRQHandler</STRONG> (Thumb, 0 bytes, Stack size 0 bytes, startup_m251_user.o(.text))
<BR>[Address Reference Count : 1]<UL><LI> startup_m251_user.o(RESET)
</UL>
<P><STRONG><a name="[17]"></a>GPC_IRQHandler</STRONG> (Thumb, 0 bytes, Stack size 0 bytes, startup_m251_user.o(.text))
<BR>[Address Reference Count : 1]<UL><LI> startup_m251_user.o(RESET)
</UL>
<P><STRONG><a name="[18]"></a>GPD_IRQHandler</STRONG> (Thumb, 0 bytes, Stack size 0 bytes, startup_m251_user.o(.text))
<BR>[Address Reference Count : 1]<UL><LI> startup_m251_user.o(RESET)
</UL>
<P><STRONG><a name="[19]"></a>GPE_IRQHandler</STRONG> (Thumb, 0 bytes, Stack size 0 bytes, startup_m251_user.o(.text))
<BR>[Address Reference Count : 1]<UL><LI> startup_m251_user.o(RESET)
</UL>
<P><STRONG><a name="[1a]"></a>GPF_IRQHandler</STRONG> (Thumb, 0 bytes, Stack size 0 bytes, startup_m251_user.o(.text))
<BR>[Address Reference Count : 1]<UL><LI> startup_m251_user.o(RESET)
</UL>
<P><STRONG><a name="[2b]"></a>I2C0_IRQHandler</STRONG> (Thumb, 0 bytes, Stack size 0 bytes, startup_m251_user.o(.text))
<BR>[Address Reference Count : 1]<UL><LI> startup_m251_user.o(RESET)
</UL>
<P><STRONG><a name="[7]"></a>IRCTRIM_IRQHandler</STRONG> (Thumb, 0 bytes, Stack size 0 bytes, startup_m251_user.o(.text))
<BR>[Address Reference Count : 1]<UL><LI> startup_m251_user.o(RESET)
</UL>
<P><STRONG><a name="[3d]"></a>OPA_IRQHandler</STRONG> (Thumb, 0 bytes, Stack size 0 bytes, startup_m251_user.o(.text))
<BR>[Address Reference Count : 1]<UL><LI> startup_m251_user.o(RESET)
</UL>
<P><STRONG><a name="[2d]"></a>PDMA_IRQHandler</STRONG> (Thumb, 0 bytes, Stack size 0 bytes, startup_m251_user.o(.text))
<BR>[Address Reference Count : 1]<UL><LI> startup_m251_user.o(RESET)
</UL>
<P><STRONG><a name="[3a]"></a>PSIO_IRQHandler</STRONG> (Thumb, 0 bytes, Stack size 0 bytes, startup_m251_user.o(.text))
<BR>[Address Reference Count : 1]<UL><LI> startup_m251_user.o(RESET)
</UL>
<P><STRONG><a name="[1e]"></a>PWM0_P0_IRQHandler</STRONG> (Thumb, 0 bytes, Stack size 0 bytes, startup_m251_user.o(.text))
<BR>[Address Reference Count : 1]<UL><LI> startup_m251_user.o(RESET)
</UL>
<P><STRONG><a name="[1f]"></a>PWM0_P1_IRQHandler</STRONG> (Thumb, 0 bytes, Stack size 0 bytes, startup_m251_user.o(.text))
<BR>[Address Reference Count : 1]<UL><LI> startup_m251_user.o(RESET)
</UL>
<P><STRONG><a name="[20]"></a>PWM0_P2_IRQHandler</STRONG> (Thumb, 0 bytes, Stack size 0 bytes, startup_m251_user.o(.text))
<BR>[Address Reference Count : 1]<UL><LI> startup_m251_user.o(RESET)
</UL>
<P><STRONG><a name="[22]"></a>PWM1_P0_IRQHandler</STRONG> (Thumb, 0 bytes, Stack size 0 bytes, startup_m251_user.o(.text))
<BR>[Address Reference Count : 1]<UL><LI> startup_m251_user.o(RESET)
</UL>
<P><STRONG><a name="[23]"></a>PWM1_P1_IRQHandler</STRONG> (Thumb, 0 bytes, Stack size 0 bytes, startup_m251_user.o(.text))
<BR>[Address Reference Count : 1]<UL><LI> startup_m251_user.o(RESET)
</UL>
<P><STRONG><a name="[24]"></a>PWM1_P2_IRQHandler</STRONG> (Thumb, 0 bytes, Stack size 0 bytes, startup_m251_user.o(.text))
<BR>[Address Reference Count : 1]<UL><LI> startup_m251_user.o(RESET)
</UL>
<P><STRONG><a name="[8]"></a>PWRWU_IRQHandler</STRONG> (Thumb, 0 bytes, Stack size 0 bytes, startup_m251_user.o(.text))
<BR>[Address Reference Count : 1]<UL><LI> startup_m251_user.o(RESET)
</UL>
<P><STRONG><a name="[1b]"></a>QSPI0_IRQHandler</STRONG> (Thumb, 0 bytes, Stack size 0 bytes, startup_m251_user.o(.text))
<BR>[Address Reference Count : 1]<UL><LI> startup_m251_user.o(RESET)
</UL>
<P><STRONG><a name="[b]"></a>RTC_IRQHandler</STRONG> (Thumb, 0 bytes, Stack size 0 bytes, startup_m251_user.o(.text))
<BR>[Address Reference Count : 1]<UL><LI> startup_m251_user.o(RESET)
</UL>
<P><STRONG><a name="[3b]"></a>SC0_IRQHandler</STRONG> (Thumb, 0 bytes, Stack size 0 bytes, startup_m251_user.o(.text))
<BR>[Address Reference Count : 1]<UL><LI> startup_m251_user.o(RESET)
</UL>
<P><STRONG><a name="[1c]"></a>SPI0_IRQHandler</STRONG> (Thumb, 0 bytes, Stack size 0 bytes, startup_m251_user.o(.text))
<BR>[Address Reference Count : 1]<UL><LI> startup_m251_user.o(RESET)
</UL>
<P><STRONG><a name="[c]"></a>TAMPER_IRQHandler</STRONG> (Thumb, 0 bytes, Stack size 0 bytes, startup_m251_user.o(.text))
<BR>[Address Reference Count : 1]<UL><LI> startup_m251_user.o(RESET)
</UL>
<P><STRONG><a name="[25]"></a>TMR0_IRQHandler</STRONG> (Thumb, 0 bytes, Stack size 0 bytes, startup_m251_user.o(.text))
<BR>[Address Reference Count : 1]<UL><LI> startup_m251_user.o(RESET)
</UL>
<P><STRONG><a name="[26]"></a>TMR1_IRQHandler</STRONG> (Thumb, 0 bytes, Stack size 0 bytes, startup_m251_user.o(.text))
<BR>[Address Reference Count : 1]<UL><LI> startup_m251_user.o(RESET)
</UL>
<P><STRONG><a name="[27]"></a>TMR2_IRQHandler</STRONG> (Thumb, 0 bytes, Stack size 0 bytes, startup_m251_user.o(.text))
<BR>[Address Reference Count : 1]<UL><LI> startup_m251_user.o(RESET)
</UL>
<P><STRONG><a name="[28]"></a>TMR3_IRQHandler</STRONG> (Thumb, 0 bytes, Stack size 0 bytes, startup_m251_user.o(.text))
<BR>[Address Reference Count : 1]<UL><LI> startup_m251_user.o(RESET)
</UL>
<P><STRONG><a name="[29]"></a>UART0_IRQHandler</STRONG> (Thumb, 0 bytes, Stack size 0 bytes, startup_m251_user.o(.text))
<BR>[Address Reference Count : 1]<UL><LI> startup_m251_user.o(RESET)
</UL>
<P><STRONG><a name="[2a]"></a>UART1_IRQHandler</STRONG> (Thumb, 0 bytes, Stack size 0 bytes, startup_m251_user.o(.text))
<BR>[Address Reference Count : 1]<UL><LI> startup_m251_user.o(RESET)
</UL>
<P><STRONG><a name="[35]"></a>UART2_IRQHandler</STRONG> (Thumb, 0 bytes, Stack size 0 bytes, startup_m251_user.o(.text))
<BR>[Address Reference Count : 1]<UL><LI> startup_m251_user.o(RESET)
</UL>
<P><STRONG><a name="[38]"></a>USBD_IRQHandler</STRONG> (Thumb, 0 bytes, Stack size 0 bytes, startup_m251_user.o(.text))
<BR>[Address Reference Count : 1]<UL><LI> startup_m251_user.o(RESET)
</UL>
<P><STRONG><a name="[36]"></a>USCI0_IRQHandler</STRONG> (Thumb, 0 bytes, Stack size 0 bytes, startup_m251_user.o(.text))
<BR>[Address Reference Count : 1]<UL><LI> startup_m251_user.o(RESET)
</UL>
<P><STRONG><a name="[37]"></a>USCI1_IRQHandler</STRONG> (Thumb, 0 bytes, Stack size 0 bytes, startup_m251_user.o(.text))
<BR>[Address Reference Count : 1]<UL><LI> startup_m251_user.o(RESET)
</UL>
<P><STRONG><a name="[3c]"></a>USCI2_IRQHandler</STRONG> (Thumb, 0 bytes, Stack size 0 bytes, startup_m251_user.o(.text))
<BR>[Address Reference Count : 1]<UL><LI> startup_m251_user.o(RESET)
</UL>
<P><STRONG><a name="[d]"></a>WDT_IRQHandler</STRONG> (Thumb, 0 bytes, Stack size 0 bytes, startup_m251_user.o(.text))
<BR>[Address Reference Count : 1]<UL><LI> startup_m251_user.o(RESET)
</UL>
<P><STRONG><a name="[e]"></a>WWDT_IRQHandler</STRONG> (Thumb, 0 bytes, Stack size 0 bytes, startup_m251_user.o(.text))
<BR>[Address Reference Count : 1]<UL><LI> startup_m251_user.o(RESET)
</UL>
<P><STRONG><a name="[42]"></a>__scatterload</STRONG> (Thumb, 38 bytes, Stack size 0 bytes, init.o(.text))
<BR><BR>[Calls]<UL><LI><a href="#[43]">&gt;&gt;</a>&nbsp;&nbsp;&nbsp;__main_after_scatterload
</UL>
<BR>[Called By]<UL><LI><a href="#[41]">&gt;&gt;</a>&nbsp;&nbsp;&nbsp;_main_scatterload
</UL>

<P><STRONG><a name="[57]"></a>__scatterload_rt2</STRONG> (Thumb, 0 bytes, Stack size 0 bytes, init.o(.text), UNUSED)

<P><STRONG><a name="[4f]"></a>EraseAP</STRONG> (Thumb, 124 bytes, Stack size 24 bytes, fmc_user.o(.text.EraseAP))
<BR><BR>[Stack]<UL><LI>Max Depth = 24<LI>Call Chain = EraseAP
</UL>
<BR>[Called By]<UL><LI><a href="#[3e]">&gt;&gt;</a>&nbsp;&nbsp;&nbsp;main
</UL>

<P><STRONG><a name="[48]"></a>FMC_Proc</STRONG> (Thumb, 176 bytes, Stack size 28 bytes, fmc_user.o(.text.FMC_Proc))
<BR><BR>[Stack]<UL><LI>Max Depth = 28<LI>Call Chain = FMC_Proc
</UL>
<BR>[Called By]<UL><LI><a href="#[45]">&gt;&gt;</a>&nbsp;&nbsp;&nbsp;ReadData
<LI><a href="#[4e]">&gt;&gt;</a>&nbsp;&nbsp;&nbsp;WriteData
<LI><a href="#[47]">&gt;&gt;</a>&nbsp;&nbsp;&nbsp;FMC_Read_User
</UL>

<P><STRONG><a name="[47]"></a>FMC_Read_User</STRONG> (Thumb, 24 bytes, Stack size 16 bytes, fmc_user.o(.text.FMC_Read_User))
<BR><BR>[Stack]<UL><LI>Max Depth = 44<LI>Call Chain = FMC_Read_User &rArr; FMC_Proc
</UL>
<BR>[Calls]<UL><LI><a href="#[48]">&gt;&gt;</a>&nbsp;&nbsp;&nbsp;FMC_Proc
</UL>
<BR>[Called By]<UL><LI><a href="#[3e]">&gt;&gt;</a>&nbsp;&nbsp;&nbsp;main
</UL>

<P><STRONG><a name="[2c]"></a>I2C1_IRQHandler</STRONG> (Thumb, 60 bytes, Stack size 16 bytes, i2c_transfer.o(.text.I2C1_IRQHandler))
<BR><BR>[Stack]<UL><LI>Max Depth = 32<LI>Call Chain = I2C1_IRQHandler &rArr; I2C_SlaveTRx
</UL>
<BR>[Calls]<UL><LI><a href="#[49]">&gt;&gt;</a>&nbsp;&nbsp;&nbsp;I2C_SlaveTRx
</UL>
<BR>[Address Reference Count : 1]<UL><LI> startup_m251_user.o(RESET)
</UL>
<P><STRONG><a name="[4a]"></a>I2C_Init</STRONG> (Thumb, 92 bytes, Stack size 8 bytes, i2c_transfer.o(.text.I2C_Init))
<BR><BR>[Stack]<UL><LI>Max Depth = 12<LI>Call Chain = I2C_Init &rArr; __NVIC_EnableIRQ
</UL>
<BR>[Calls]<UL><LI><a href="#[4b]">&gt;&gt;</a>&nbsp;&nbsp;&nbsp;__NVIC_EnableIRQ
</UL>
<BR>[Called By]<UL><LI><a href="#[3e]">&gt;&gt;</a>&nbsp;&nbsp;&nbsp;main
</UL>

<P><STRONG><a name="[45]"></a>ReadData</STRONG> (Thumb, 26 bytes, Stack size 24 bytes, fmc_user.o(.text.ReadData))
<BR><BR>[Stack]<UL><LI>Max Depth = 52<LI>Call Chain = ReadData &rArr; FMC_Proc
</UL>
<BR>[Calls]<UL><LI><a href="#[48]">&gt;&gt;</a>&nbsp;&nbsp;&nbsp;FMC_Proc
</UL>
<BR>[Called By]<UL><LI><a href="#[3e]">&gt;&gt;</a>&nbsp;&nbsp;&nbsp;main
<LI><a href="#[44]">&gt;&gt;</a>&nbsp;&nbsp;&nbsp;CalCheckSum
</UL>

<P><STRONG><a name="[4c]"></a>SYS_Init</STRONG> (Thumb, 136 bytes, Stack size 8 bytes, main.o(.text.SYS_Init))
<BR><BR>[Stack]<UL><LI>Max Depth = 8<LI>Call Chain = SYS_Init
</UL>
<BR>[Calls]<UL><LI><a href="#[4d]">&gt;&gt;</a>&nbsp;&nbsp;&nbsp;SYS_UnlockReg
</UL>
<BR>[Called By]<UL><LI><a href="#[3e]">&gt;&gt;</a>&nbsp;&nbsp;&nbsp;main
</UL>

<P><STRONG><a name="[3f]"></a>SystemInit</STRONG> (Thumb, 24 bytes, Stack size 0 bytes, system_m251.o(.text.SystemInit))
<BR>[Address Reference Count : 1]<UL><LI> startup_m251_user.o(.text)
</UL>
<P><STRONG><a name="[4e]"></a>WriteData</STRONG> (Thumb, 26 bytes, Stack size 24 bytes, fmc_user.o(.text.WriteData))
<BR><BR>[Stack]<UL><LI>Max Depth = 52<LI>Call Chain = WriteData &rArr; FMC_Proc
</UL>
<BR>[Calls]<UL><LI><a href="#[48]">&gt;&gt;</a>&nbsp;&nbsp;&nbsp;FMC_Proc
</UL>
<BR>[Called By]<UL><LI><a href="#[3e]">&gt;&gt;</a>&nbsp;&nbsp;&nbsp;main
</UL>

<P><STRONG><a name="[3e]"></a>main</STRONG> (Thumb, 328 bytes, Stack size 32 bytes, main.o(.text.main))
<BR><BR>[Stack]<UL><LI>Max Depth = 108<LI>Call Chain = main &rArr; CalCheckSum &rArr; ReadData &rArr; FMC_Proc
</UL>
<BR>[Calls]<UL><LI><a href="#[45]">&gt;&gt;</a>&nbsp;&nbsp;&nbsp;ReadData
<LI><a href="#[4e]">&gt;&gt;</a>&nbsp;&nbsp;&nbsp;WriteData
<LI><a href="#[4f]">&gt;&gt;</a>&nbsp;&nbsp;&nbsp;EraseAP
<LI><a href="#[4a]">&gt;&gt;</a>&nbsp;&nbsp;&nbsp;I2C_Init
<LI><a href="#[47]">&gt;&gt;</a>&nbsp;&nbsp;&nbsp;FMC_Read_User
<LI><a href="#[4c]">&gt;&gt;</a>&nbsp;&nbsp;&nbsp;SYS_Init
<LI><a href="#[50]">&gt;&gt;</a>&nbsp;&nbsp;&nbsp;__NVIC_SystemReset
<LI><a href="#[44]">&gt;&gt;</a>&nbsp;&nbsp;&nbsp;CalCheckSum
</UL>
<BR>[Address Reference Count : 1]<UL><LI> entry9a.o(.ARM.Collect$$$$0000000B)
</UL>
<P><STRONG><a name="[58]"></a>__scatterload_copy</STRONG> (Thumb, 14 bytes, Stack size unknown bytes, handlers.o(i.__scatterload_copy), UNUSED)

<P><STRONG><a name="[59]"></a>__scatterload_null</STRONG> (Thumb, 2 bytes, Stack size unknown bytes, handlers.o(i.__scatterload_null), UNUSED)

<P><STRONG><a name="[5a]"></a>__scatterload_zeroinit</STRONG> (Thumb, 14 bytes, Stack size unknown bytes, handlers.o(i.__scatterload_zeroinit), UNUSED)
<P>
<H3>
Local Symbols
</H3>
<P><STRONG><a name="[4d]"></a>SYS_UnlockReg</STRONG> (Thumb, 32 bytes, Stack size 0 bytes, main.o(.text.SYS_UnlockReg))
<BR><BR>[Called By]<UL><LI><a href="#[4c]">&gt;&gt;</a>&nbsp;&nbsp;&nbsp;SYS_Init
</UL>

<P><STRONG><a name="[44]"></a>CalCheckSum</STRONG> (Thumb, 128 bytes, Stack size 24 bytes, main.o(.text.CalCheckSum))
<BR><BR>[Stack]<UL><LI>Max Depth = 76<LI>Call Chain = CalCheckSum &rArr; ReadData &rArr; FMC_Proc
</UL>
<BR>[Calls]<UL><LI><a href="#[45]">&gt;&gt;</a>&nbsp;&nbsp;&nbsp;ReadData
<LI><a href="#[46]">&gt;&gt;</a>&nbsp;&nbsp;&nbsp;Checksum
</UL>
<BR>[Called By]<UL><LI><a href="#[3e]">&gt;&gt;</a>&nbsp;&nbsp;&nbsp;main
</UL>

<P><STRONG><a name="[50]"></a>__NVIC_SystemReset</STRONG> (Thumb, 20 bytes, Stack size 0 bytes, main.o(.text.__NVIC_SystemReset))
<BR><BR>[Called By]<UL><LI><a href="#[3e]">&gt;&gt;</a>&nbsp;&nbsp;&nbsp;main
</UL>

<P><STRONG><a name="[46]"></a>Checksum</STRONG> (Thumb, 58 bytes, Stack size 16 bytes, main.o(.text.Checksum))
<BR><BR>[Stack]<UL><LI>Max Depth = 16<LI>Call Chain = Checksum
</UL>
<BR>[Called By]<UL><LI><a href="#[44]">&gt;&gt;</a>&nbsp;&nbsp;&nbsp;CalCheckSum
</UL>

<P><STRONG><a name="[4b]"></a>__NVIC_EnableIRQ</STRONG> (Thumb, 48 bytes, Stack size 4 bytes, i2c_transfer.o(.text.__NVIC_EnableIRQ))
<BR><BR>[Stack]<UL><LI>Max Depth = 4<LI>Call Chain = __NVIC_EnableIRQ
</UL>
<BR>[Called By]<UL><LI><a href="#[4a]">&gt;&gt;</a>&nbsp;&nbsp;&nbsp;I2C_Init
</UL>

<P><STRONG><a name="[49]"></a>I2C_SlaveTRx</STRONG> (Thumb, 680 bytes, Stack size 16 bytes, i2c_transfer.o(.text.I2C_SlaveTRx))
<BR><BR>[Stack]<UL><LI>Max Depth = 16<LI>Call Chain = I2C_SlaveTRx
</UL>
<BR>[Called By]<UL><LI><a href="#[2c]">&gt;&gt;</a>&nbsp;&nbsp;&nbsp;I2C1_IRQHandler
</UL>
<P>
<H3>
Undefined Global Symbols
</H3><HR></body></html>
