<html>
<body>
<pre>
<h1>µVision Build Log</h1>
<h2>Tool Versions:</h2>
IDE-Version: £gVision V5.38.0.0
Copyright (C) 2022 ARM Ltd and ARM Germany GmbH. All rights reserved.
License Information: 1 1, 1, LIC=WHYH9-413EW-Z95G9-4NDX9-YQS6G-RJ072
 
Tool Versions:
Toolchain:       MDK-ARM Plus  Version: 5.41.0.0
Toolchain Path:  C:\Users\tester\AppData\Local\Keil_v5\ARM\ARMCLANG\Bin
C Compiler:      ArmClang.exe V6.22
Assembler:       Armasm.exe V6.22
Linker/Locator:  ArmLink.exe V6.22
Library Manager: ArmAr.exe V6.22
Hex Converter:   FromElf.exe V6.22
CPU DLL:         
Dialog DLL:      
Target DLL:      NULink\Nu_Link.dll V3.18
Dialog DLL:      TCM.DLL V1.56.4.0
 
<h2>Project:</h2>
C:\Users\tester\Desktop\M251 dual eeprom\SampleCode\ISP\SMBUS_I2C_ISP_14_10_00_01_03\KEIL\ISP_I2C.uvprojx
Project File Date:  02/11/2026

<h2>Output:</h2>
*** Using Compiler 'V6.22', folder: 'C:\Users\tester\AppData\Local\Keil_v5\ARM\ARMCLANG\Bin'
Build target 'ISP_I2C'
creating preprocessor file for fmc_user.c...
creating preprocessor file for system_M251.c...
creating preprocessor file for main.c...
creating preprocessor file for isp_user.c...
creating preprocessor file for i2c_transfer.c...
creating preprocessor file for targetdev.c...
linking...
Program Size: Code=2398 RO-data=370 RW-data=8 ZI-data=2704  
After Build - User command #1: fromelf --bin ".\obj\SMBUS_I2C_ISP_14_10_00_01_03.axf" --output ".\obj\SMBUS_I2C_ISP_14_10_00_01_03.bin"
After Build - User command #2: fromelf --text -c ".\obj\SMBUS_I2C_ISP_14_10_00_01_03.axf" --output ".\obj\SMBUS_I2C_ISP_14_10_00_01_03.txt"
".\obj\SMBUS_I2C_ISP_14_10_00_01_03.axf" - 0 Error(s), 0 Warning(s).

<h2>Software Packages used:</h2>

Package Vendor: Nuvoton
                https://github.com/OpenNuvoton/cmsis-packs/raw/master/Nuvoton_DFP/Nuvoton.NuMicro_DFP.1.3.25.pack
                Nuvoton.NuMicro_DFP.1.3.25
                Nuvoton ARM Cortex-M NuMicro Family Device Support

<h2>Collection of Component include folders:</h2>
  C:/Users/tester/AppData/Local/Arm/Packs/Nuvoton/NuMicro_DFP/1.3.25/Device/M251/Include

<h2>Collection of Component Files used:</h2>
Build Time Elapsed:  00:00:01
</pre>
</body>
</html>
